# fit_scorer
# cmd: C:\Users\PC\AppData\Local\Programs\Python\Python311\python.exe C:\Users\PC\Documents\GitHub\ApplyAgent\automation\fit_scorer.py --scan scan_20260504.json --concurrency 1
# started: 2026-05-04T11:42:17.682991

[fit_scorer] Loaded 1545 roles from scan_20260504.json
[fit_scorer] Stage 1: 482 pass / 1063 drop / 0 filtered by --only
  [fit_scorer] scored 10/482 (0.8 min)
  [fit_scorer] scored 20/482 (1.5 min)
  [fit_scorer] scored 30/482 (2.4 min)
  [fit_scorer] scored 40/482 (3.1 min)
  [fit_scorer] scored 50/482 (3.8 min)
  [fit_scorer] scored 60/482 (4.5 min)
  [fit_scorer] scored 70/482 (5.2 min)
  [fit_scorer] scored 80/482 (5.9 min)
  [fit_scorer] scored 90/482 (6.6 min)
  [fit_scorer] scored 100/482 (7.4 min)
  [fit_scorer] scored 110/482 (8.1 min)
  [fit_scorer] scored 120/482 (8.9 min)
  [fit_scorer] scored 130/482 (9.6 min)
  [fit_scorer] scored 140/482 (10.5 min)
  [fit_scorer] scored 150/482 (11.4 min)
  [fit_scorer] scored 160/482 (12.2 min)
  [fit_scorer] scored 170/482 (13.0 min)
  [fit_scorer] scored 180/482 (13.8 min)
  [fit_scorer] scored 190/482 (14.5 min)
  [fit_scorer] scored 200/482 (15.2 min)
  [fit_scorer] scored 210/482 (15.6 min)
  [fit_scorer] scored 220/482 (15.7 min)
  [fit_scorer] scored 230/482 (15.8 min)
  [fit_scorer] scored 240/482 (15.9 min)
  [fit_scorer] scored 250/482 (16.0 min)
  [fit_scorer] scored 260/482 (16.0 min)
  [fit_scorer] scored 270/482 (16.3 min)
  [fit_scorer] scored 280/482 (17.2 min)
  [fit_scorer] scored 290/482 (18.0 min)
  [fit_scorer] scored 300/482 (18.8 min)
  [fit_scorer] scored 310/482 (19.7 min)
  [fit_scorer] scored 320/482 (20.4 min)
  [fit_scorer] scored 330/482 (21.1 min)
  [fit_scorer] scored 340/482 (21.9 min)
  [fit_scorer] scored 350/482 (22.6 min)
  [fit_scorer] scored 360/482 (23.4 min)
  [fit_scorer] scored 370/482 (24.3 min)
  [fit_scorer] scored 380/482 (25.1 min)
  [fit_scorer] scored 390/482 (25.9 min)
  [fit_scorer] scored 400/482 (26.7 min)
  [fit_scorer] scored 410/482 (27.4 min)
  [fit_scorer] scored 420/482 (28.1 min)
  [fit_scorer] scored 430/482 (28.9 min)
  [fit_scorer] scored 440/482 (29.8 min)
  [fit_scorer] scored 450/482 (30.5 min)
  [fit_scorer] scored 460/482 (31.5 min)
  [fit_scorer] scored 470/482 (32.0 min)
  [fit_scorer] scored 480/482 (33.0 min)
  [fit_scorer] scored 482/482 (33.2 min)
[fit_scorer] Wrote C:\Users\PC\Documents\GitHub\ApplyAgent\automation\outputs\scan_20260504_scored.json
[fit_scorer] Wrote C:\Users\PC\Documents\GitHub\ApplyAgent\automation\outputs\scan_20260504_scored.md
[fit_scorer] Verdict counts: {'apply_now': 27, 'tailor_and_apply': 110, 'watch': 36, 'skip': 309}
