# full_scan
# cmd: C:\Users\PC\AppData\Local\Programs\Python\Python311\python.exe C:\Users\PC\Documents\GitHub\ApplyAgent\automation\jd_scraper.py --expansion
# started: 2026-05-04T10:07:53.363633

[scan 1/155] Scotiabank (sector: Canadian Big 6 Banks)
  -> 84 new candidate(s)
[scan 2/155] RBC (sector: Canadian Big 6 Banks)
  -> 60 new candidate(s)
[scan 3/155] TD Bank (sector: Canadian Big 6 Banks)
  -> 63 new candidate(s)
[scan 4/155] BMO (sector: Canadian Big 6 Banks)
  -> 138 new candidate(s)
[scan 5/155] CIBC (sector: Canadian Big 6 Banks)
  -> 94 new candidate(s)
[scan 6/155] National Bank of Canada (sector: Canadian Big 6 Banks)
  -> 8 new candidate(s)
[scan 7/155] HOOPP (sector: Canadian Pension Funds)
  -> 36 new candidate(s)
[scan 8/155] OMERS (sector: Canadian Pension Funds)
  -> 34 new candidate(s)
[scan 9/155] Ontario Teachers' Pension Plan (sector: Canadian Pension Funds)
  -> 32 new candidate(s)
[scan 10/155] CPP Investments (sector: Canadian Pension Funds)
  -> 29 new candidate(s)
[scan 11/155] PSP Investments (sector: Canadian Pension Funds)
  -> 0 new candidate(s)
[scan 12/155] OPTrust (sector: Canadian Pension Funds)
  -> 8 new candidate(s)
[scan 13/155] CAAT Pension Plan (sector: Canadian Pension Funds)
  -> 8 new candidate(s)
[scan 14/155] IMCO (sector: Canadian Pension Funds)
  -> 1 new candidate(s)
[scan 15/155] CDPQ (sector: Canadian Pension Funds)
  -> 0 new candidate(s)
[scan 16/155] Brookfield Asset Management (sector: Canadian Asset Managers)
  -> 22 new candidate(s)
[scan 17/155] RBC Global Asset Management (sector: Canadian Asset Managers)
  -> 1 new candidate(s)
[scan 18/155] TD Asset Management (sector: Canadian Asset Managers)
  -> 63 new candidate(s)
[scan 19/155] BMO Asset Management (sector: Canadian Asset Managers)
  -> 106 new candidate(s)
[scan 20/155] CI Financial (sector: Canadian Asset Managers)
  -> 1 new candidate(s)
[scan 21/155] Mackenzie Investments (sector: Canadian Asset Managers)
  -> 14 new candidate(s)
[scan 22/155] AGF Management (sector: Canadian Asset Managers)
  -> 8 new candidate(s)
[scan 23/155] Fidelity Canada (sector: Canadian Asset Managers)
  -> 10 new candidate(s)
[scan 24/155] Connor Clark & Lunn (sector: Canadian Asset Managers)
  -> 18 new candidate(s)
[scan 25/155] Guardian Capital Group (sector: Canadian Asset Managers)
  -> 6 new candidate(s)
[scan 26/155] Picton Mahoney Asset Management (sector: Canadian Asset Managers)
  -> 3 new candidate(s)
[scan 27/155] Canada Infrastructure Bank (sector: Canadian Asset Managers)
  -> 3 new candidate(s)
[scan 28/155] BlackRock (sector: US & Global Asset Managers)
  -> 2 new candidate(s)
[scan 29/155] PIMCO (sector: US & Global Asset Managers)
  -> 0 new candidate(s)
[scan 30/155] Vanguard (sector: US & Global Asset Managers)
  -> 2 new candidate(s)
[scan 31/155] Invesco (sector: US & Global Asset Managers)
  -> 0 new candidate(s)
[scan 32/155] Wellington Management (sector: US & Global Asset Managers)
  -> 0 new candidate(s)
[scan 33/155] Schroders (sector: US & Global Asset Managers)
  -> 0 new candidate(s)
[scan 34/155] JPMorgan Chase (sector: US Banks (Toronto))
  -> 2 new candidate(s)
[scan 35/155] Goldman Sachs (sector: US Banks (Toronto))
  -> 0 new candidate(s)
[scan 36/155] Morgan Stanley (sector: US Banks (Toronto))
  -> 13 new candidate(s)
[scan 37/155] Citi (sector: US Banks (Toronto))
  -> 58 new candidate(s)
[scan 38/155] HSBC (sector: US Banks (Toronto))
  -> 2 new candidate(s)
[scan 39/155] Deutsche Bank (sector: US Banks (Toronto))
  -> 0 new candidate(s)
[scan 40/155] BNY Mellon (sector: US Banks (Toronto))
  -> 1 new candidate(s)
[scan 41/155] State Street (sector: US Banks (Toronto))
  -> 23 new candidate(s)
[scan 42/155] Northern Trust (sector: US Banks (Toronto))
  -> 3 new candidate(s)
[scan 43/155] Bloomberg (sector: Analytics & Risk Vendors)
  [linkedin] 429 rate-limited — backing off 15s
  -> 0 new candidate(s)
[scan 44/155] MSCI (sector: Analytics & Risk Vendors)
  -> 4 new candidate(s)
[scan 45/155] S&P Global (sector: Analytics & Risk Vendors)
  -> 14 new candidate(s)
[scan 46/155] FactSet (sector: Analytics & Risk Vendors)
  -> 3 new candidate(s)
[scan 47/155] Morningstar DBRS (sector: Analytics & Risk Vendors)
  -> 3 new candidate(s)
[scan 48/155] SS&C Technologies (sector: Analytics & Risk Vendors)
  -> 28 new candidate(s)
[scan 49/155] Numerix (sector: Analytics & Risk Vendors)
  -> 1 new candidate(s)
[scan 50/155] Prometeia (sector: Analytics & Risk Vendors)
  -> 0 new candidate(s)
[scan 51/155] Manulife (sector: Canadian Insurers)
  -> 55 new candidate(s)
[scan 52/155] Sun Life (sector: Canadian Insurers)
  -> 32 new candidate(s)
[scan 53/155] Canada Life (sector: Canadian Insurers)
  -> 25 new candidate(s)
[scan 54/155] Intact Financial (sector: Canadian Insurers)
  -> 2 new candidate(s)
[scan 55/155] Definity Financial (sector: Canadian Insurers)
  -> 0 new candidate(s)
[scan 56/155] iA Financial Group (sector: Canadian Insurers)
  -> 1 new candidate(s)
[scan 57/155] RGA (sector: Canadian Insurers)
  -> 5 new candidate(s)
[scan 58/155] EQB (sector: Mid Canadian Banks)
  -> 0 new candidate(s)
[scan 59/155] Deloitte Canada (sector: Big 4 Risk Advisory)
  -> 39 new candidate(s)
[scan 60/155] EY Canada (sector: Big 4 Risk Advisory)
  -> 0 new candidate(s)
[scan 61/155] KPMG Canada (sector: Big 4 Risk Advisory)
  -> 52 new candidate(s)
[scan 62/155] PwC Canada (sector: Big 4 Risk Advisory)
  -> 4 new candidate(s)
[scan 63/155] Mercer (sector: Pension/ALM Consulting)
  -> 1 new candidate(s)
[scan 64/155] WTW (sector: Pension/ALM Consulting)
  -> 10 new candidate(s)
[scan 65/155] Aon (sector: Pension/ALM Consulting)
  -> 7 new candidate(s)
[scan 66/155] Oliver Wyman (sector: FS Strategy Consulting)
  -> 10 new candidate(s)
[scan 67/155] Fairstone Bank (sector: Mid Canadian Banks)
  -> 6 new candidate(s)
[scan 68/155] Home Trust (sector: Mid Canadian Banks)
  -> 0 new candidate(s)
[scan 69/155] Haventree Bank (sector: Mid Canadian Banks)
  -> 4 new candidate(s)
[scan 70/155] Laurentian Bank of Canada (sector: Mid Canadian Banks)
  -> 0 new candidate(s)
[scan 71/155] Tangerine Bank (sector: Mid Canadian Banks)
  -> 0 new candidate(s)
[scan 72/155] Amex Bank of Canada (sector: Mid Canadian Banks)
  -> 0 new candidate(s)
[scan 73/155] Rogers Bank (sector: Mid Canadian Banks)
  -> 0 new candidate(s)
[scan 74/155] Canadian Tire Bank (sector: Mid Canadian Banks)
  -> 1 new candidate(s)
[scan 75/155] Manulife Bank (sector: Mid Canadian Banks)
  -> 3 new candidate(s)
[scan 76/155] RFA Bank of Canada (sector: Mid Canadian Banks)
  -> 0 new candidate(s)
[scan 77/155] Fairfax Financial Holdings (sector: Canadian Insurers)
  -> 0 new candidate(s)
[scan 78/155] ivari (sector: Canadian Insurers)
  -> 6 new candidate(s)
[scan 79/155] Foresters Financial (sector: Canadian Insurers)
  -> 1 new candidate(s)
[scan 80/155] Empire Life (sector: Canadian Insurers)
  -> 3 new candidate(s)
[scan 81/155] Equitable Life of Canada (sector: Canadian Insurers)
  -> 0 new candidate(s)
[scan 82/155] Aviva Canada (sector: Canadian Insurers)
  -> 33 new candidate(s)
[scan 83/155] Co-operators (sector: Canadian Insurers)
  -> 1 new candidate(s)
[scan 84/155] Wawanesa Insurance (sector: Canadian Insurers)
  -> 8 new candidate(s)
[scan 85/155] Northbridge Financial (sector: Canadian Insurers)
  -> 1 new candidate(s)
[scan 86/155] Munich Re Canada (sector: Canadian Insurers)
  -> 10 new candidate(s)
[scan 87/155] Swiss Re Canada (sector: Canadian Insurers)
  -> 2 new candidate(s)
[scan 88/155] Trisura Group (sector: Canadian Insurers)
  -> 7 new candidate(s)
[scan 89/155] Canada Guaranty (sector: Canadian Insurers)
  -> 0 new candidate(s)
[scan 90/155] Sagen MI Canada (sector: Canadian Insurers)
  -> 1 new candidate(s)
[scan 91/155] MCAP Financial (sector: Mortgage Lenders)
  -> 4 new candidate(s)
[scan 92/155] First National Financial (sector: Mortgage Lenders)
  -> 0 new candidate(s)
[scan 93/155] CMLS Financial (sector: Mortgage Lenders)
  -> 4 new candidate(s)
[scan 94/155] Element Fleet Management (sector: Non-Bank Lenders)
  -> 0 new candidate(s)
[scan 95/155] Ford Credit Canada (sector: Non-Bank Lenders)
  -> 0 new candidate(s)
[scan 96/155] Hyundai Capital Canada (sector: Non-Bank Lenders)
  -> 0 new candidate(s)
[scan 97/155] Toyota Financial Services Canada (sector: Non-Bank Lenders)
  -> 0 new candidate(s)
[scan 98/155] Fiera Capital (sector: Canadian Asset Managers)
  -> 11 new candidate(s)
[scan 99/155] Beutel Goodman (sector: Canadian Asset Managers)
  -> 1 new candidate(s)
[scan 100/155] Burgundy Asset Management (sector: Canadian Asset Managers)
  -> 0 new candidate(s)
[scan 101/155] 1832 Asset Management (sector: Canadian Asset Managers)
  -> 0 new candidate(s)
[scan 102/155] Purpose Investments (sector: Canadian Asset Managers)
  -> 0 new candidate(s)
[scan 103/155] Horizons ETFs / Global X (sector: Canadian Asset Managers)
  -> 0 new candidate(s)
[scan 104/155] Franklin Templeton Canada (sector: US & Global Asset Managers)
  -> 0 new candidate(s)
[scan 105/155] Polar Asset Management (sector: Hedge Funds / Alt AM)
  -> 0 new candidate(s)
[scan 106/155] RPIA (sector: Hedge Funds / Alt AM)
  -> 5 new candidate(s)
[scan 107/155] Algonquin Capital (sector: Hedge Funds / Alt AM)
  -> 0 new candidate(s)
[scan 108/155] Lawrence Park Asset Management (sector: Hedge Funds / Alt AM)
  -> 0 new candidate(s)
[scan 109/155] Waratah Capital Advisors (sector: Hedge Funds / Alt AM)
  -> 0 new candidate(s)
[scan 110/155] Sagard Holdings (sector: Private Credit)
  -> 2 new candidate(s)
[scan 111/155] Northleaf Capital Partners (sector: Private Credit)
  -> 1 new candidate(s)
[scan 112/155] KingSett Capital (sector: Private Credit)
  -> 0 new candidate(s)
[scan 113/155] Ninepoint Partners (sector: Private Credit)
  -> 0 new candidate(s)
[scan 114/155] Trez Capital (sector: Private Credit)
  -> 1 new candidate(s)
[scan 115/155] Romspen Investment Corporation (sector: Private Credit)
  -> 1 new candidate(s)
[scan 116/155] Antares Capital (sector: Private Credit)
  -> 0 new candidate(s)
[scan 117/155] Third Eye Capital (sector: Private Credit)
  -> 0 new candidate(s)
[scan 118/155] CIBC Mellon (sector: Fund Admin/Custody)
  -> 11 new candidate(s)
[scan 119/155] RBC Investor Services (sector: Fund Admin/Custody)
  -> 0 new candidate(s)
[scan 120/155] Citco Fund Services (sector: Fund Admin/Custody)
  -> 6 new candidate(s)
[scan 121/155] SEI Investments Canada (sector: Fund Admin/Custody)
  -> 0 new candidate(s)
[scan 122/155] Apex Group (sector: Fund Admin/Custody)
  -> 12 new candidate(s)
[scan 123/155] MUFG Investor Services (sector: Fund Admin/Custody)
  -> 2 new candidate(s)
[scan 124/155] TMX Group (sector: Market Infrastructure)
  -> 7 new candidate(s)
[scan 125/155] Fundserv (sector: Market Infrastructure)
  -> 3 new candidate(s)
[scan 126/155] Finastra (sector: Market Infrastructure)
  -> 5 new candidate(s)
[scan 127/155] FIS Global (sector: Market Infrastructure)
  -> 0 new candidate(s)
[scan 128/155] Broadridge (sector: Market Infrastructure)
  -> 10 new candidate(s)
[scan 129/155] DTCC (sector: Market Infrastructure)
  -> 0 new candidate(s)
[scan 130/155] Cboe Canada (sector: Market Infrastructure)
  -> 0 new candidate(s)
[scan 131/155] SAS Canada (sector: Analytics & Risk Vendors)
  -> 0 new candidate(s)
[scan 132/155] Wolters Kluwer (sector: Analytics & Risk Vendors)
  -> 7 new candidate(s)
[scan 133/155] Nasdaq (sector: Analytics & Risk Vendors)
  -> 10 new candidate(s)
[scan 134/155] Moody's Corporation (sector: Analytics & Risk Vendors)
  -> 0 new candidate(s)
[scan 135/155] Qontigo (sector: Analytics & Risk Vendors)
  -> 0 new candidate(s)
[scan 136/155] Quantifi (sector: Analytics & Risk Vendors)
  -> 0 new candidate(s)
[scan 137/155] ION Group (sector: Analytics & Risk Vendors)
  -> 2 new candidate(s)
[scan 138/155] Murex (sector: Analytics & Risk Vendors)
  -> 0 new candidate(s)
[scan 139/155] OSFI (sector: Regulators & Crown)
  -> 0 new candidate(s)
[scan 140/155] Bank of Canada (sector: Regulators & Crown)
  -> 11 new candidate(s)
[scan 141/155] CDIC (sector: Regulators & Crown)
  -> 1 new candidate(s)
[scan 142/155] FSRA Ontario (sector: Regulators & Crown)
  -> 0 new candidate(s)
[scan 143/155] Ontario Securities Commission (sector: Regulators & Crown)
  -> 0 new candidate(s)
[scan 144/155] CMHC (sector: Regulators & Crown)
  -> 0 new candidate(s)
[scan 145/155] EDC (sector: Regulators & Crown)
  -> 0 new candidate(s)
[scan 146/155] BDC (sector: Regulators & Crown)
  -> 8 new candidate(s)
[scan 147/155] CIRO (sector: Regulators & Crown)
  -> 19 new candidate(s)
[scan 148/155] Infrastructure Ontario (sector: Regulators & Crown)
  -> 8 new candidate(s)
[scan 149/155] Wealthsimple (sector: Fintech)
  -> 6 new candidate(s)
[scan 150/155] Questrade Financial Group (sector: Fintech)
  -> 13 new candidate(s)
[scan 151/155] Interac (sector: Fintech)
  -> 23 new candidate(s)
[scan 152/155] Moneris (sector: Fintech)
  -> 10 new candidate(s)
[scan 153/155] Nuvei (sector: Fintech)
  -> 1 new candidate(s)
[scan 154/155] Neo Financial (sector: Fintech)
  -> 1 new candidate(s)
[scan 155/155] Payments Canada (sector: Fintech)
  -> 0 new candidate(s)

[scan] Wrote C:\Users\PC\Documents\GitHub\ApplyAgent\automation\outputs\scan_20260504.json
[scan] Wrote C:\Users\PC\Documents\GitHub\ApplyAgent\automation\outputs\scan_20260504.md
[scan] 1545 new candidates across 18 sectors.
