# linkedin_scan
# cmd: C:\Users\PC\AppData\Local\Programs\Python\Python311\python.exe C:\Users\PC\Documents\GitHub\ApplyAgent\automation\jd_scraper.py --linkedin-only
# started: 2026-05-04T10:11:26.637417

[scan 1/66] Scotiabank (sector: Canadian Big 6 Banks)
  -> 85 new candidate(s)
[scan 2/66] RBC (sector: Canadian Big 6 Banks)
  -> 60 new candidate(s)
[scan 3/66] TD Bank (sector: Canadian Big 6 Banks)
  -> 0 new candidate(s)
[scan 4/66] BMO (sector: Canadian Big 6 Banks)
  -> 62 new candidate(s)
[scan 5/66] CIBC (sector: Canadian Big 6 Banks)
  -> 55 new candidate(s)
[scan 6/66] National Bank of Canada (sector: Canadian Big 6 Banks)
  -> 8 new candidate(s)
[scan 7/66] HOOPP (sector: Canadian Pension Funds)
  -> 20 new candidate(s)
[scan 8/66] OMERS (sector: Canadian Pension Funds)
  -> 14 new candidate(s)
[scan 9/66] Ontario Teachers' Pension Plan (sector: Canadian Pension Funds)
  -> 9 new candidate(s)
[scan 10/66] CPP Investments (sector: Canadian Pension Funds)
  -> 9 new candidate(s)
[scan 11/66] PSP Investments (sector: Canadian Pension Funds)
  -> 0 new candidate(s)
[scan 12/66] OPTrust (sector: Canadian Pension Funds)
  -> 4 new candidate(s)
[scan 13/66] CAAT Pension Plan (sector: Canadian Pension Funds)
  -> 2 new candidate(s)
[scan 14/66] IMCO (sector: Canadian Pension Funds)
  -> 1 new candidate(s)
[scan 15/66] CDPQ (sector: Canadian Pension Funds)
  -> 0 new candidate(s)
[scan 16/66] Brookfield Asset Management (sector: Canadian Asset Managers)
  -> 3 new candidate(s)
[scan 17/66] RBC Global Asset Management (sector: Canadian Asset Managers)
  -> 1 new candidate(s)
[scan 18/66] TD Asset Management (sector: Canadian Asset Managers)
  -> 0 new candidate(s)
[scan 19/66] BMO Asset Management (sector: Canadian Asset Managers)
  -> 31 new candidate(s)
[scan 20/66] CI Financial (sector: Canadian Asset Managers)
  -> 1 new candidate(s)
[scan 21/66] Mackenzie Investments (sector: Canadian Asset Managers)
  [linkedin] 429 rate-limited — backing off 15s
  -> 14 new candidate(s)
[scan 22/66] AGF Management (sector: Canadian Asset Managers)
  -> 5 new candidate(s)
[scan 23/66] Fidelity Canada (sector: Canadian Asset Managers)
  -> 10 new candidate(s)
[scan 24/66] Connor Clark & Lunn (sector: Canadian Asset Managers)
  -> 18 new candidate(s)
[scan 25/66] Guardian Capital Group (sector: Canadian Asset Managers)
  -> 6 new candidate(s)
[scan 26/66] Picton Mahoney Asset Management (sector: Canadian Asset Managers)
  [linkedin] 429 rate-limited — backing off 15s
  -> 3 new candidate(s)
[scan 27/66] Canada Infrastructure Bank (sector: Canadian Asset Managers)
  -> 2 new candidate(s)
[scan 28/66] BlackRock (sector: US & Global Asset Managers)
  -> 1 new candidate(s)
[scan 29/66] PIMCO (sector: US & Global Asset Managers)
  -> 0 new candidate(s)
[scan 30/66] Vanguard (sector: US & Global Asset Managers)
  -> 0 new candidate(s)
[scan 31/66] Invesco (sector: US & Global Asset Managers)
  -> 0 new candidate(s)
[scan 32/66] Wellington Management (sector: US & Global Asset Managers)
  -> 0 new candidate(s)
[scan 33/66] Schroders (sector: US & Global Asset Managers)
  -> 0 new candidate(s)
[scan 34/66] JPMorgan Chase (sector: US Banks (Toronto))
  -> 2 new candidate(s)
[scan 35/66] Goldman Sachs (sector: US Banks (Toronto))
  -> 0 new candidate(s)
[scan 36/66] Morgan Stanley (sector: US Banks (Toronto))
  -> 3 new candidate(s)
[scan 37/66] Citi (sector: US Banks (Toronto))
  -> 58 new candidate(s)
[scan 38/66] HSBC (sector: US Banks (Toronto))
  -> 2 new candidate(s)
[scan 39/66] Deutsche Bank (sector: US Banks (Toronto))
  -> 0 new candidate(s)
[scan 40/66] BNY Mellon (sector: US Banks (Toronto))
  -> 1 new candidate(s)
[scan 41/66] State Street (sector: US Banks (Toronto))
  -> 15 new candidate(s)
[scan 42/66] Northern Trust (sector: US Banks (Toronto))
  -> 2 new candidate(s)
[scan 43/66] Bloomberg (sector: Analytics & Risk Vendors)
  -> 1 new candidate(s)
[scan 44/66] MSCI (sector: Analytics & Risk Vendors)
  -> 4 new candidate(s)
[scan 45/66] S&P Global (sector: Analytics & Risk Vendors)
  -> 8 new candidate(s)
[scan 46/66] FactSet (sector: Analytics & Risk Vendors)
  -> 3 new candidate(s)
[scan 47/66] Morningstar DBRS (sector: Analytics & Risk Vendors)
  -> 3 new candidate(s)
[scan 48/66] SS&C Technologies (sector: Analytics & Risk Vendors)
  -> 19 new candidate(s)
[scan 49/66] Numerix (sector: Analytics & Risk Vendors)
  -> 1 new candidate(s)
[scan 50/66] Prometeia (sector: Analytics & Risk Vendors)
  -> 0 new candidate(s)
[scan 51/66] Manulife (sector: Canadian Insurers)
  -> 40 new candidate(s)
[scan 52/66] Sun Life (sector: Canadian Insurers)
  -> 30 new candidate(s)
[scan 53/66] Canada Life (sector: Canadian Insurers)
  -> 25 new candidate(s)
[scan 54/66] Intact Financial (sector: Canadian Insurers)
  -> 2 new candidate(s)
[scan 55/66] Definity Financial (sector: Canadian Insurers)
  -> 0 new candidate(s)
[scan 56/66] iA Financial Group (sector: Canadian Insurers)
  -> 0 new candidate(s)
[scan 57/66] RGA (sector: Canadian Insurers)
  -> 0 new candidate(s)
[scan 58/66] EQB (sector: Mid Canadian Banks)
  -> 0 new candidate(s)
[scan 59/66] Deloitte Canada (sector: Big 4 Risk Advisory)
  -> 39 new candidate(s)
[scan 60/66] EY Canada (sector: Big 4 Risk Advisory)
  -> 0 new candidate(s)
[scan 61/66] KPMG Canada (sector: Big 4 Risk Advisory)
  -> 52 new candidate(s)
[scan 62/66] PwC Canada (sector: Big 4 Risk Advisory)
  -> 4 new candidate(s)
[scan 63/66] Mercer (sector: Pension/ALM Consulting)
  -> 1 new candidate(s)
[scan 64/66] WTW (sector: Pension/ALM Consulting)
  -> 10 new candidate(s)
[scan 65/66] Aon (sector: Pension/ALM Consulting)
  -> 8 new candidate(s)
[scan 66/66] Oliver Wyman (sector: FS Strategy Consulting)
  -> 10 new candidate(s)

[scan] Wrote C:\Users\PC\Documents\GitHub\ApplyAgent\automation\outputs\scan_20260504.json
[scan] Wrote C:\Users\PC\Documents\GitHub\ApplyAgent\automation\outputs\scan_20260504.md
[scan] 767 new candidates across 10 sectors.
