# nightly_refresh
# cmd: C:\Users\PC\AppData\Local\Programs\Python\Python311\python.exe C:\Users\PC\OneDrive\Documents\GitHub\ApplyAgent\automation\nightly_refresh.py
# started: 2026-07-15T20:12:25.906721

[2026-07-15 20:12:26] === nightly_refresh starting ===
[2026-07-15 20:12:26] repo: C:\Users\PC\OneDrive\Documents\GitHub\ApplyAgent
[2026-07-15 20:12:26] python: C:\Users\PC\AppData\Local\Programs\Python\Python311\python.exe
[2026-07-15 20:12:26] [0/3] Checking url_history age for weekly rotation...
[2026-07-15 20:12:26] url_history.json is 0.9d old — no rotation needed (rotates automatically when ≥7 days old).
[2026-07-15 20:12:26] [1/3] Scraping (web + Gmail alerts)...
[2026-07-15 20:12:26] >>> jd_scraper: C:\Users\PC\AppData\Local\Programs\Python\Python311\python.exe automation/jd_scraper.py --expansion --gmail
[scan 1/205] Scotiabank (sector: Canadian Big 6 Banks)
  [linkedin] US-remote pass: +15 new for Scotiabank
  -> 245 new candidate(s) [sf:98, linkedin:147]
[scan 2/205] RBC (sector: Canadian Big 6 Banks)
  [linkedin] GTA-west pass: +4 new for RBC
  [linkedin] US-remote pass: +19 new for RBC
  -> 91 new candidate(s) [linkedin:91]
[scan 3/205] TD Bank (sector: Canadian Big 6 Banks)
  -> 104 new candidate(s) [workday:104]
[scan 4/205] BMO (sector: Canadian Big 6 Banks)
  [linkedin] US-remote pass: +22 new for BMO
  -> 266 new candidate(s) [workday:157, linkedin:109]
[scan 5/205] CIBC (sector: Canadian Big 6 Banks)
  [linkedin] US-remote pass: +6 new for CIBC
  -> 162 new candidate(s) [workday:93, linkedin:69]
[scan 6/205] National Bank of Canada (sector: Canadian Big 6 Banks)
  [linkedin] GTA-west pass: +6 new for National Bank of Canada
  [linkedin] US-remote pass: +4 new for National Bank of Canada
  -> 31 new candidate(s) [linkedin:31]
[scan 7/205] HOOPP (sector: Canadian Pension Funds)
  [linkedin] 429 on 'fixed income HOOPP' page 1 — backing off 10s (attempt 1)
  -> 23 new candidate(s) [workday:16, linkedin:7]
[scan 8/205] OMERS (sector: Canadian Pension Funds)
  -> 46 new candidate(s) [workday:23, linkedin:23]
[scan 9/205] Ontario Teachers' Pension Plan (sector: Canadian Pension Funds)
  -> 59 new candidate(s) [workday:27, linkedin:32]
[scan 10/205] CPP Investments (sector: Canadian Pension Funds)
  [linkedin] US-remote pass: +2 new for CPP Investments
  -> 28 new candidate(s) [workday:13, linkedin:15]
[scan 11/205] PSP Investments (sector: Canadian Pension Funds)
  -> 0 new candidate(s) [none]
[scan 12/205] OPTrust (sector: Canadian Pension Funds)
  -> 6 new candidate(s) [workday:3, linkedin:3]
[scan 13/205] CAAT Pension Plan (sector: Canadian Pension Funds)
  -> 15 new candidate(s) [workday:5, linkedin:10]
[scan 14/205] IMCO (sector: Canadian Pension Funds)
  -> 5 new candidate(s) [linkedin:5]
[scan 15/205] CDPQ (sector: Canadian Pension Funds)
  -> 2 new candidate(s) [workday:2]
[scan 16/205] AIMCo (sector: Canadian Pension Funds)
  -> 1 new candidate(s) [linkedin:1]
[scan 17/205] BCI (British Columbia Investment Mgmt) (sector: Canadian Pension Funds)
  -> 5 new candidate(s) [linkedin:5]
[scan 18/205] Brookfield Asset Management (sector: Canadian Asset Managers)
  [linkedin] US-remote pass: +14 new for Brookfield Asset Management
  -> 81 new candidate(s) [workday:37, linkedin:44]
[scan 19/205] RBC Global Asset Management (sector: Canadian Asset Managers)
  [linkedin] US-remote pass: +23 new for RBC Global Asset Management
  -> 69 new candidate(s) [linkedin:69]
[scan 20/205] TD Asset Management (sector: Canadian Asset Managers)
  -> 104 new candidate(s) [workday:104]
[scan 21/205] BMO Asset Management (sector: Canadian Asset Managers)
  [linkedin] US-remote pass: +8 new for BMO Asset Management
  -> 237 new candidate(s) [workday:157, linkedin:80]
[scan 22/205] CI Financial (sector: Canadian Asset Managers)
  -> 6 new candidate(s) [linkedin:6]
[scan 23/205] Mackenzie Investments (sector: Canadian Asset Managers)
  -> 14 new candidate(s) [linkedin:14]
[scan 24/205] AGF Management (sector: Canadian Asset Managers)
  -> 8 new candidate(s) [workday:4, linkedin:4]
[scan 25/205] Fidelity Canada (sector: Canadian Asset Managers)
  [linkedin] 429 on 'model validation Fidelity Cana' page 1 — backing off 10s (attempt 1)
  [linkedin] US-remote pass: +39 new for Fidelity Canada
  -> 92 new candidate(s) [linkedin:92]
[scan 26/205] Connor Clark & Lunn (sector: Canadian Asset Managers)
  -> 18 new candidate(s) [linkedin:18]
[scan 27/205] Guardian Capital Group (sector: Canadian Asset Managers)
  [linkedin] US-remote pass: +7 new for Guardian Capital Group
  -> 11 new candidate(s) [linkedin:11]
[scan 28/205] Picton Mahoney Asset Management (sector: Canadian Asset Managers)
  -> 3 new candidate(s) [linkedin:3]
[scan 29/205] Canada Infrastructure Bank (sector: Canadian Asset Managers)
  [linkedin] 429 on 'structured credit Canada Infra' page 0 — backing off 10s (attempt 1)
  -> 11 new candidate(s) [linkedin:11]
[scan 30/205] BlackRock (sector: US & Global Asset Managers)
  [linkedin] US-remote pass: +27 new for BlackRock
  -> 66 new candidate(s) [workday:40, linkedin:26]
[scan 31/205] PIMCO (sector: US & Global Asset Managers)
  [linkedin] US-remote pass: +22 new for PIMCO
  -> 21 new candidate(s) [linkedin:21]
[scan 32/205] Vanguard (sector: US & Global Asset Managers)
  [linkedin] US-remote pass: +51 new for Vanguard
  -> 67 new candidate(s) [workday:9, linkedin:58]
[scan 33/205] Invesco (sector: US & Global Asset Managers)
  [linkedin] US-remote pass: +18 new for Invesco
  -> 47 new candidate(s) [workday:29, linkedin:18]
[scan 34/205] Wellington Management (sector: US & Global Asset Managers)
  [linkedin] US-remote pass: +30 new for Wellington Management
  -> 74 new candidate(s) [workday:40, linkedin:34]
[scan 35/205] Schroders (sector: US & Global Asset Managers)
  [linkedin] US-remote pass: +1 new for Schroders
  -> 1 new candidate(s) [linkedin:1]
[scan 36/205] JPMorgan Chase (sector: US Banks (Toronto))
  [linkedin] US-remote pass: +32 new for JPMorgan Chase
  -> 41 new candidate(s) [linkedin:41]
[scan 37/205] Goldman Sachs (sector: US Banks (Toronto))
  [linkedin] US-remote pass: +19 new for Goldman Sachs
  -> 20 new candidate(s) [linkedin:20]
[scan 38/205] Morgan Stanley (sector: US Banks (Toronto))
  [linkedin] US-remote pass: +39 new for Morgan Stanley
  -> 167 new candidate(s) [workday:122, linkedin:45]
[scan 39/205] Citi (sector: US Banks (Toronto))
  [linkedin] US-remote pass: +42 new for Citi
  -> 84 new candidate(s) [linkedin:84]
[scan 40/205] HSBC (sector: US Banks (Toronto))
  [linkedin] US-remote pass: +9 new for HSBC
  -> 9 new candidate(s) [linkedin:9]
[scan 41/205] Deutsche Bank (sector: US Banks (Toronto))
  [linkedin] US-remote pass: +21 new for Deutsche Bank
  -> 64 new candidate(s) [workday:43, linkedin:21]
[scan 42/205] BNY Mellon (sector: US Banks (Toronto))
  [linkedin] 429 on 'derivatives BNY Mellon' page 0 — backing off 10s (attempt 1)
  [linkedin] US-remote pass: +25 new for BNY Mellon
  -> 27 new candidate(s) [linkedin:27]
[scan 43/205] State Street (sector: US Banks (Toronto))
  [linkedin] US-remote pass: +38 new for State Street
  -> 112 new candidate(s) [workday:50, linkedin:62]
[scan 44/205] Northern Trust (sector: US Banks (Toronto))
  [linkedin] US-remote pass: +37 new for Northern Trust
  -> 107 new candidate(s) [workday:67, linkedin:40]
[scan 45/205] Bloomberg (sector: Analytics & Risk Vendors)
  [linkedin] US-remote pass: +27 new for Bloomberg
  -> 27 new candidate(s) [linkedin:27]
[scan 46/205] MSCI (sector: Analytics & Risk Vendors)
  -> 2 new candidate(s) [linkedin:2]
[scan 47/205] S&P Global (sector: Analytics & Risk Vendors)
  [linkedin] US-remote pass: +21 new for S&P Global
  -> 42 new candidate(s) [workday:14, linkedin:28]
[scan 48/205] FactSet (sector: Analytics & Risk Vendors)
  [linkedin] US-remote pass: +9 new for FactSet
  -> 10 new candidate(s) [linkedin:10]
[scan 49/205] Morningstar DBRS (sector: Analytics & Risk Vendors)
  [linkedin] US-remote pass: +6 new for Morningstar DBRS
  -> 18 new candidate(s) [linkedin:18]
[scan 50/205] Yields.io (sector: Analytics & Risk Vendors)
  -> 0 new candidate(s) [none]
[scan 51/205] Abrigo (sector: Analytics & Risk Vendors)
  -> 0 new candidate(s) [none]
[scan 52/205] nCino (sector: Analytics & Risk Vendors)
  [linkedin] US-remote pass: +5 new for nCino
  -> 5 new candidate(s) [linkedin:5]
[scan 53/205] Kamakura (SAS) (sector: Analytics & Risk Vendors)
  -> 0 new candidate(s) [none]
[scan 54/205] Beacon Platform (sector: Analytics & Risk Vendors)
  [linkedin] 429 on 'interest rate risk Beacon Plat' page 0 — backing off 10s (attempt 1)
  [linkedin] US-remote pass: +6 new for Beacon Platform
  -> 11 new candidate(s) [linkedin:11]
[scan 55/205] SS&C Technologies (sector: Analytics & Risk Vendors)
  [linkedin] US-remote pass: +33 new for SS&C Technologies
  -> 75 new candidate(s) [workday:18, linkedin:57]
[scan 56/205] Numerix (sector: Analytics & Risk Vendors)
  -> 1 new candidate(s) [linkedin:1]
[scan 57/205] Prometeia (sector: Analytics & Risk Vendors)
  -> 0 new candidate(s) [none]
[scan 58/205] Manulife (sector: Canadian Insurers)
  -> 39 new candidate(s) [workday:12, linkedin:27]
[scan 59/205] Sun Life (sector: Canadian Insurers)
  [linkedin] US-remote pass: +2 new for Sun Life
  -> 47 new candidate(s) [workday:7, linkedin:40]
[scan 60/205] Canada Life (sector: Canadian Insurers)
  [linkedin] US-remote pass: +31 new for Canada Life
  -> 83 new candidate(s) [sf:22, linkedin:61]
[scan 61/205] Intact Financial (sector: Canadian Insurers)
  [linkedin] 429 on 'fixed income Intact Financial' page 0 — backing off 10s (attempt 1)
  [linkedin] US-remote pass: +4 new for Intact Financial
  -> 19 new candidate(s) [linkedin:19]
[scan 62/205] Definity Financial (sector: Canadian Insurers)
  [linkedin] GTA-west pass: +1 new for Definity Financial
  -> 4 new candidate(s) [linkedin:4]
[scan 63/205] iA Financial Group (sector: Canadian Insurers)
  [linkedin] 429 on 'treasury risk iA Financial Gro' page 0 — backing off 10s (attempt 1)
  -> 19 new candidate(s) [workday:8, linkedin:11]
[scan 64/205] RGA (sector: Canadian Insurers)
  [linkedin] US-remote pass: +5 new for RGA
  -> 23 new candidate(s) [workday:18, linkedin:5]
[scan 65/205] EQB (sector: Mid Canadian Banks)
  -> 0 new candidate(s) [none]
[scan 66/205] Deloitte Canada (sector: Big 4 Risk Advisory)
  [linkedin] US-remote pass: +42 new for Deloitte Canada
  -> 208 new candidate(s) [sf:93, linkedin:115]
[scan 67/205] EY Canada (sector: Big 4 Risk Advisory)
  -> 20 new candidate(s) [sf:20]
[scan 68/205] KPMG Canada (sector: Big 4 Risk Advisory)
  [linkedin] GTA-west pass: +4 new for KPMG Canada
  [linkedin] US-remote pass: +27 new for KPMG Canada
  -> 94 new candidate(s) [linkedin:94]
[scan 69/205] PwC Canada (sector: Big 4 Risk Advisory)
  [linkedin] GTA-west pass: +5 new for PwC Canada
  [linkedin] US-remote pass: +37 new for PwC Canada
  -> 77 new candidate(s) [linkedin:77]
[scan 70/205] Mercer (sector: Pension/ALM Consulting)
  [linkedin] US-remote pass: +30 new for Mercer
  -> 35 new candidate(s) [linkedin:35]
[scan 71/205] WTW (sector: Pension/ALM Consulting)
  [linkedin] GTA-west pass: +2 new for WTW
  [linkedin] US-remote pass: +16 new for WTW
  -> 24 new candidate(s) [linkedin:24]
[scan 72/205] Aon (sector: Pension/ALM Consulting)
  [linkedin] US-remote pass: +15 new for Aon
  -> 36 new candidate(s) [linkedin:36]
[scan 73/205] Oliver Wyman (sector: FS Strategy Consulting)
  [linkedin] US-remote pass: +10 new for Oliver Wyman
  -> 22 new candidate(s) [linkedin:22]
[scan 74/205] Fairstone Bank (sector: Mid Canadian Banks)
  -> 19 new candidate(s) [linkedin:19]
[scan 75/205] Home Trust (sector: Mid Canadian Banks)
  [linkedin] US-remote pass: +12 new for Home Trust
  -> 11 new candidate(s) [linkedin:11]
[scan 76/205] Haventree Bank (sector: Mid Canadian Banks)
  -> 7 new candidate(s) [linkedin:7]
[scan 77/205] Laurentian Bank of Canada (sector: Mid Canadian Banks)
  -> 12 new candidate(s) [linkedin:12]
[scan 78/205] Tangerine Bank (sector: Mid Canadian Banks)
  -> 7 new candidate(s) [linkedin:7]
[scan 79/205] Amex Bank of Canada (sector: Mid Canadian Banks)
  -> 0 new candidate(s) [none]
[scan 80/205] Rogers Bank (sector: Mid Canadian Banks)
  -> 9 new candidate(s) [linkedin:9]
[scan 81/205] Canadian Tire Bank (sector: Mid Canadian Banks)
  [linkedin] 429 on 'model risk Canadian Tire Bank' page 0 — backing off 10s (attempt 1)
  [linkedin] GTA-west pass: +1 new for Canadian Tire Bank
  [linkedin] 429 on 'model risk Canadian Tire Bank' page 0 — backing off 10s (attempt 1)
  -> 33 new candidate(s) [linkedin:33]
[scan 82/205] Manulife Bank (sector: Mid Canadian Banks)
  [linkedin] 429 on 'IRRBB Manulife Bank' page 0 — backing off 10s (attempt 1)
  [linkedin] US-remote pass: +1 new for Manulife Bank
  -> 25 new candidate(s) [linkedin:25]
[scan 83/205] RFA Bank of Canada (sector: Mid Canadian Banks)
  -> 0 new candidate(s) [none]
[scan 84/205] Fairfax Financial Holdings (sector: Canadian Insurers)
  [linkedin] US-remote pass: +1 new for Fairfax Financial Holdings
  -> 1 new candidate(s) [linkedin:1]
[scan 85/205] ivari (sector: Canadian Insurers)
  [linkedin] GTA-west pass: +2 new for ivari
  -> 12 new candidate(s) [linkedin:12]
[scan 86/205] Foresters Financial (sector: Canadian Insurers)
  [linkedin] US-remote pass: +5 new for Foresters Financial
  -> 19 new candidate(s) [linkedin:19]
[scan 87/205] Empire Life (sector: Canadian Insurers)
  [linkedin] US-remote pass: +7 new for Empire Life
  -> 12 new candidate(s) [linkedin:12]
[scan 88/205] Equitable Life of Canada (sector: Canadian Insurers)
  [linkedin] US-remote pass: +4 new for Equitable Life of Canada
  -> 16 new candidate(s) [linkedin:16]
[scan 89/205] Aviva Canada (sector: Canadian Insurers)
  -> 52 new candidate(s) [linkedin:52]
[scan 90/205] Co-operators (sector: Canadian Insurers)
  -> 42 new candidate(s) [linkedin:42]
[scan 91/205] Wawanesa Insurance (sector: Canadian Insurers)
  -> 18 new candidate(s) [linkedin:18]
[scan 92/205] Northbridge Financial (sector: Canadian Insurers)
  -> 2 new candidate(s) [linkedin:2]
[scan 93/205] Munich Re Canada (sector: Canadian Insurers)
  [linkedin] US-remote pass: +31 new for Munich Re Canada
  -> 47 new candidate(s) [linkedin:47]
[scan 94/205] Swiss Re Canada (sector: Canadian Insurers)
  [linkedin] US-remote pass: +8 new for Swiss Re Canada
  -> 19 new candidate(s) [linkedin:19]
[scan 95/205] Trisura Group (sector: Canadian Insurers)
  [linkedin] US-remote pass: +1 new for Trisura Group
  -> 5 new candidate(s) [linkedin:5]
[scan 96/205] Canada Guaranty (sector: Canadian Insurers)
  -> 0 new candidate(s) [none]
[scan 97/205] Sagen MI Canada (sector: Canadian Insurers)
  -> 2 new candidate(s) [linkedin:2]
[scan 98/205] MCAP Financial (sector: Mortgage Lenders)
  -> 4 new candidate(s) [linkedin:4]
[scan 99/205] First National Financial (sector: Mortgage Lenders)
  [linkedin] US-remote pass: +2 new for First National Financial
  -> 8 new candidate(s) [linkedin:8]
[scan 100/205] CMLS Financial (sector: Mortgage Lenders)
  [linkedin] 429 on 'model validation CMLS Financia' page 0 — backing off 10s (attempt 1)
  -> 6 new candidate(s) [linkedin:6]
[scan 101/205] Element Fleet Management (sector: Non-Bank Lenders)
  [linkedin] US-remote pass: +4 new for Element Fleet Management
  -> 10 new candidate(s) [linkedin:10]
[scan 102/205] Ford Credit Canada (sector: Non-Bank Lenders)
  [linkedin] US-remote pass: +18 new for Ford Credit Canada
  -> 23 new candidate(s) [linkedin:23]
[scan 103/205] Hyundai Capital Canada (sector: Non-Bank Lenders)
  [linkedin] US-remote pass: +21 new for Hyundai Capital Canada
  -> 29 new candidate(s) [linkedin:29]
[scan 104/205] Toyota Financial Services Canada (sector: Non-Bank Lenders)
  [linkedin] US-remote pass: +28 new for Toyota Financial Services Canada
  -> 40 new candidate(s) [linkedin:40]
[scan 105/205] Fiera Capital (sector: Canadian Asset Managers)
  -> 15 new candidate(s) [linkedin:15]
[scan 106/205] Beutel Goodman (sector: Canadian Asset Managers)
  -> 0 new candidate(s) [none]
[scan 107/205] Burgundy Asset Management (sector: Canadian Asset Managers)
  -> 0 new candidate(s) [none]
[scan 108/205] 1832 Asset Management (sector: Canadian Asset Managers)
  -> 0 new candidate(s) [none]
[scan 109/205] Purpose Investments (sector: Canadian Asset Managers)
  -> 6 new candidate(s) [linkedin:6]
[scan 110/205] Horizons ETFs / Global X (sector: Canadian Asset Managers)
  -> 0 new candidate(s) [none]
[scan 111/205] Franklin Templeton Canada (sector: US & Global Asset Managers)
  [linkedin] US-remote pass: +17 new for Franklin Templeton Canada
  -> 16 new candidate(s) [linkedin:16]
[scan 112/205] Polar Asset Management (sector: Hedge Funds / Alt AM)
  -> 0 new candidate(s) [none]
[scan 113/205] RPIA (sector: Hedge Funds / Alt AM)
  -> 7 new candidate(s) [linkedin:7]
[scan 114/205] Algonquin Capital (sector: Hedge Funds / Alt AM)
  -> 0 new candidate(s) [none]
[scan 115/205] Lawrence Park Asset Management (sector: Hedge Funds / Alt AM)
  -> 0 new candidate(s) [none]
[scan 116/205] Waratah Capital Advisors (sector: Hedge Funds / Alt AM)
  -> 0 new candidate(s) [none]
[scan 117/205] Sagard Holdings (sector: Private Credit)
  -> 2 new candidate(s) [linkedin:2]
[scan 118/205] Northleaf Capital Partners (sector: Private Credit)
  -> 1 new candidate(s) [linkedin:1]
[scan 119/205] KingSett Capital (sector: Private Credit)
  -> 3 new candidate(s) [linkedin:3]
[scan 120/205] Ninepoint Partners (sector: Private Credit)
  -> 0 new candidate(s) [none]
[scan 121/205] Trez Capital (sector: Private Credit)
  -> 0 new candidate(s) [none]
[scan 122/205] Romspen Investment Corporation (sector: Private Credit)
  -> 0 new candidate(s) [none]
[scan 123/205] Antares Capital (sector: Private Credit)
  [linkedin] US-remote pass: +3 new for Antares Capital
  -> 3 new candidate(s) [linkedin:3]
[scan 124/205] Third Eye Capital (sector: Private Credit)
  -> 0 new candidate(s) [none]
[scan 125/205] CIBC Mellon (sector: Fund Admin/Custody)
  [linkedin] US-remote pass: +2 new for CIBC Mellon
  -> 42 new candidate(s) [linkedin:42]
[scan 126/205] RBC Investor Services (sector: Fund Admin/Custody)
  [linkedin] GTA-west pass: +2 new for RBC Investor Services
  [linkedin] US-remote pass: +24 new for RBC Investor Services
  -> 65 new candidate(s) [linkedin:65]
[scan 127/205] Citco Fund Services (sector: Fund Admin/Custody)
  [linkedin] US-remote pass: +12 new for Citco Fund Services
  -> 43 new candidate(s) [linkedin:43]
[scan 128/205] SEI Investments Canada (sector: Fund Admin/Custody)
  [linkedin] US-remote pass: +10 new for SEI Investments Canada
  -> 9 new candidate(s) [linkedin:9]
[scan 129/205] Apex Group (sector: Fund Admin/Custody)
  [linkedin] US-remote pass: +14 new for Apex Group
  -> 31 new candidate(s) [linkedin:31]
[scan 130/205] MUFG Investor Services (sector: Fund Admin/Custody)
  [linkedin] US-remote pass: +8 new for MUFG Investor Services
  -> 23 new candidate(s) [linkedin:23]
[scan 131/205] TMX Group (sector: Market Infrastructure)
  -> 15 new candidate(s) [linkedin:15]
[scan 132/205] Fundserv (sector: Market Infrastructure)
  -> 0 new candidate(s) [none]
[scan 133/205] Finastra (sector: Analytics & Risk Vendors)
  [linkedin] US-remote pass: +2 new for Finastra
  -> 7 new candidate(s) [linkedin:7]
[scan 134/205] FIS Global (sector: Analytics & Risk Vendors)
  [linkedin] US-remote pass: +30 new for FIS Global
  -> 33 new candidate(s) [linkedin:33]
[scan 135/205] Broadridge (sector: Analytics & Risk Vendors)
  [linkedin] US-remote pass: +45 new for Broadridge
  -> 45 new candidate(s) [linkedin:45]
[scan 136/205] DTCC (sector: Market Infrastructure)
  [linkedin] US-remote pass: +5 new for DTCC
  -> 5 new candidate(s) [linkedin:5]
[scan 137/205] Cboe Canada (sector: Market Infrastructure)
  [linkedin] US-remote pass: +3 new for Cboe Canada
  -> 3 new candidate(s) [linkedin:3]
[scan 138/205] SAS Canada (sector: Analytics & Risk Vendors)
  [linkedin] US-remote pass: +3 new for SAS Canada
  -> 1 new candidate(s) [linkedin:1]
[scan 139/205] Wolters Kluwer (sector: Analytics & Risk Vendors)
  [linkedin] US-remote pass: +54 new for Wolters Kluwer
  -> 48 new candidate(s) [linkedin:48]
[scan 140/205] Nasdaq (sector: Analytics & Risk Vendors)
  [linkedin] US-remote pass: +15 new for Nasdaq
  -> 21 new candidate(s) [linkedin:21]
[scan 141/205] Moody's Corporation (sector: Analytics & Risk Vendors)
  [linkedin] US-remote pass: +15 new for Moody's Corporation
  -> 17 new candidate(s) [linkedin:17]
[scan 142/205] Qontigo (sector: Analytics & Risk Vendors)
  -> 0 new candidate(s) [none]
[scan 143/205] Quantifi (sector: Analytics & Risk Vendors)
  -> 0 new candidate(s) [none]
[scan 144/205] ION Group (sector: Analytics & Risk Vendors)
  [linkedin] US-remote pass: +7 new for ION Group
  -> 17 new candidate(s) [linkedin:17]
[scan 145/205] Murex (sector: Analytics & Risk Vendors)
  -> 1 new candidate(s) [linkedin:1]
[scan 146/205] SS&C Technologies (Algorithmics) (sector: Analytics & Risk Vendors)
  -> 0 new candidate(s) [none]
[scan 149/205] Clearwater Analytics (sector: Analytics & Risk Vendors)
  [linkedin] US-remote pass: +10 new for Clearwater Analytics
  -> 10 new candidate(s) [linkedin:10]
[scan 150/205] OSFI (sector: Regulators & Crown)
  -> 0 new candidate(s) [none]
[scan 151/205] Bank of Canada (sector: Regulators & Crown)
  -> 26 new candidate(s) [sf:21, linkedin:5]
[scan 152/205] CDIC (sector: Regulators & Crown)
  -> 0 new candidate(s) [none]
[scan 153/205] FSRA Ontario (sector: Regulators & Crown)
  -> 1 new candidate(s) [linkedin:1]
[scan 154/205] Ontario Securities Commission (sector: Regulators & Crown)
  -> 8 new candidate(s) [linkedin:8]
[scan 155/205] CMHC (sector: Regulators & Crown)
  -> 50 new candidate(s) [sf:45, linkedin:5]
[scan 156/205] EDC (sector: Regulators & Crown)
  -> 0 new candidate(s) [none]
[scan 157/205] BDC (sector: Regulators & Crown)
  -> 3 new candidate(s) [linkedin:3]
[scan 158/205] CIRO (sector: Regulators & Crown)
  [linkedin] 429 on 'rates CIRO' page 0 — backing off 10s (attempt 1)
  -> 21 new candidate(s) [linkedin:21]
[scan 159/205] Infrastructure Ontario (sector: Regulators & Crown)
  [linkedin] US-remote pass: +1 new for Infrastructure Ontario
  -> 21 new candidate(s) [linkedin:21]
[scan 160/205] Wealthsimple (sector: Fintech)
  -> 9 new candidate(s) [linkedin:9]
[scan 161/205] Questrade Financial Group (sector: Fintech)
  -> 23 new candidate(s) [linkedin:23]
[scan 162/205] Interac (sector: Fintech)
  -> 17 new candidate(s) [linkedin:17]
[scan 163/205] Moneris (sector: Fintech)
  -> 12 new candidate(s) [linkedin:12]
[scan 164/205] Nuvei (sector: Fintech)
  -> 1 new candidate(s) [linkedin:1]
[scan 165/205] Neo Financial (sector: Fintech)
  -> 18 new candidate(s) [linkedin:18]
[scan 166/205] Payments Canada (sector: Fintech)
  -> 1 new candidate(s) [linkedin:1]
[scan 167/205] Stripe (sector: Fintech)
  [linkedin] US-remote pass: +40 new for Stripe
  -> 66 new candidate(s) [greenhouse:8, linkedin:58]
[scan 168/205] Affirm (sector: Fintech)
  [linkedin] US-remote pass: +44 new for Affirm
  -> 94 new candidate(s) [greenhouse:10, linkedin:84]
[scan 169/205] Robinhood (sector: Fintech)
  [linkedin] US-remote pass: +4 new for Robinhood
  -> 6 new candidate(s) [greenhouse:1, linkedin:5]
[scan 170/205] Point72 (sector: Hedge Funds / Alt AM)
  [linkedin] US-remote pass: +16 new for Point72
  -> 44 new candidate(s) [greenhouse:28, linkedin:16]
[scan 171/205] SLC Management (sector: Canadian Asset Managers)
  [linkedin] GTA-west pass: +3 new for SLC Management
  -> 4 new candidate(s) [linkedin:4]
[scan 172/205] Manulife Investment Management (sector: Canadian Asset Managers)
  -> 9 new candidate(s) [linkedin:9]
[scan 173/205] CIBC Asset Management (sector: Canadian Asset Managers)
  [linkedin] GTA-west pass: +2 new for CIBC Asset Management
  -> 25 new candidate(s) [linkedin:25]
[scan 174/205] Desjardins Global Asset Management (sector: Canadian Asset Managers)
  [linkedin] GTA-west pass: +2 new for Desjardins Global Asset Management
  -> 39 new candidate(s) [linkedin:39]
[scan 175/205] Addenda Capital (sector: Canadian Asset Managers)
  -> 0 new candidate(s) [none]
[scan 176/205] Russell Investments Canada (sector: Canadian Asset Managers)
  [linkedin] US-remote pass: +8 new for Russell Investments Canada
  -> 8 new candidate(s) [linkedin:8]
[scan 177/205] Mawer Investment Management (sector: Canadian Asset Managers)
  -> 3 new candidate(s) [linkedin:3]
[scan 178/205] Verition Fund Management (sector: Hedge Funds / Alt AM)
  [linkedin] US-remote pass: +5 new for Verition Fund Management
  -> 5 new candidate(s) [linkedin:5]
[scan 179/205] Marret Asset Management (sector: Hedge Funds / Alt AM)
  -> 0 new candidate(s) [none]
[scan 180/205] Hillsdale Investment Management (sector: Hedge Funds / Alt AM)
  -> 1 new candidate(s) [linkedin:1]
[scan 181/205] Anson Funds (sector: Hedge Funds / Alt AM)
  -> 0 new candidate(s) [none]
[scan 182/205] Balyasny Asset Management (sector: Hedge Funds / Alt AM)
  [linkedin] US-remote pass: +3 new for Balyasny Asset Management
  -> 3 new candidate(s) [linkedin:3]
[scan 183/205] Citadel (sector: Hedge Funds / Alt AM)
  [linkedin] 429 on 'structured credit Citadel' page 0 — backing off 10s (attempt 1)
  [linkedin] US-remote pass: +11 new for Citadel
  -> 9 new candidate(s) [linkedin:9]
[scan 184/205] Sprott (sector: Hedge Funds / Alt AM)
  -> 1 new candidate(s) [linkedin:1]
[scan 185/205] Onex (Onex Credit) (sector: Private Credit)
  [linkedin] GTA-west pass: +1 new for Onex (Onex Credit)
  -> 3 new candidate(s) [linkedin:3]
[scan 186/205] Canso Investment Counsel (sector: Private Credit)
  [linkedin] GTA-west pass: +1 new for Canso Investment Counsel
  -> 1 new candidate(s) [linkedin:1]
[scan 187/205] Blackstone Credit (sector: Private Credit)
  [linkedin] US-remote pass: +23 new for Blackstone Credit
  -> 23 new candidate(s) [linkedin:23]
[scan 188/205] Barings (sector: Private Credit)
  -> 0 new candidate(s) [none]
[scan 189/205] Bank of America (sector: US Banks (Toronto))
  [linkedin] US-remote pass: +24 new for Bank of America
  -> 27 new candidate(s) [linkedin:27]
[scan 190/205] MUFG Bank (Canada) (sector: US Banks (Toronto))
  [linkedin] US-remote pass: +35 new for MUFG Bank (Canada)
  -> 49 new candidate(s) [linkedin:49]
[scan 191/205] UBS (sector: US Banks (Toronto))
  [linkedin] US-remote pass: +3 new for UBS
  -> 3 new candidate(s) [linkedin:3]
[scan 192/205] Macquarie Group (sector: US Banks (Toronto))
  [linkedin] US-remote pass: +20 new for Macquarie Group
  -> 20 new candidate(s) [linkedin:20]
[scan 193/205] SMBC (sector: US Banks (Toronto))
  [linkedin] US-remote pass: +24 new for SMBC
  -> 24 new candidate(s) [linkedin:24]
[scan 194/205] Mizuho (sector: US Banks (Toronto))
  [linkedin] US-remote pass: +35 new for Mizuho
  -> 33 new candidate(s) [linkedin:33]
[scan 195/205] PNC (Canada) (sector: US Banks (Toronto))
  [linkedin] US-remote pass: +10 new for PNC (Canada)
  -> 12 new candidate(s) [linkedin:12]
[scan 196/205] Natixis CIB (sector: US Banks (Toronto))
  [linkedin] US-remote pass: +6 new for Natixis CIB
  -> 6 new candidate(s) [linkedin:6]
[scan 197/205] Societe Generale (sector: US Banks (Toronto))
  [linkedin] 429 on 'model risk Societe Generale' page 0 — backing off 10s (attempt 1)
  [linkedin] US-remote pass: +10 new for Societe Generale
  -> 17 new candidate(s) [linkedin:17]
[scan 198/205] BNP Paribas (sector: US Banks (Toronto))
  [linkedin] US-remote pass: +21 new for BNP Paribas
  -> 37 new candidate(s) [linkedin:37]
[scan 199/205] WSIB (sector: Canadian Pension Funds)
  -> 1 new candidate(s) [linkedin:1]
[scan 200/205] University Pension Plan (sector: Canadian Pension Funds)
  [linkedin] 429 on 'University Pension Plan' page 0 — backing off 10s (attempt 1)
  [linkedin] US-remote pass: +5 new for University Pension Plan
  -> 8 new candidate(s) [linkedin:8]
[scan 201/205] UTAM (sector: Canadian Pension Funds)
  -> 0 new candidate(s) [none]
[scan 202/205] OPG Pension Fund (sector: Canadian Pension Funds)
  -> 0 new candidate(s) [none]
[scan 203/205] Ontario Pension Board (sector: Canadian Pension Funds)
  -> 29 new candidate(s) [linkedin:29]
[scan 204/205] Trans-Canada Capital (sector: Canadian Pension Funds)
  -> 0 new candidate(s) [none]
[scan 205/205] Fitch Ratings (sector: Analytics & Risk Vendors)
  [linkedin] 429 on 'ALM Fitch Ratings' page 1 — backing off 10s (attempt 1)
  [linkedin] US-remote pass: +11 new for Fitch Ratings
  -> 37 new candidate(s) [linkedin:37]
[scan] Gmail: harvested 6 alert row(s), kept 6 (after tracker + negative-title + exclude-list filter; 0 excluded).
[scan] Dedup: 5434 raw -> 3971 unique (-524 dup URL, -939 near-dup)
[scan] Freshness: 495 newly-seen URL(s), 3476 previously seen.
[scan] WARN: 35 companies returned 0 results (may need Workday config or LinkedIn fixes):
    - PSP Investments
    - Yields.io
    - Abrigo
    - Kamakura (SAS)
    - Prometeia
    - EQB
    - Amex Bank of Canada
    - RFA Bank of Canada
    - Canada Guaranty
    - Beutel Goodman
    - Burgundy Asset Management
    - 1832 Asset Management
    - Horizons ETFs / Global X
    - Polar Asset Management
    - Algonquin Capital
    - Lawrence Park Asset Management
    - Waratah Capital Advisors
    - Ninepoint Partners
    - Trez Capital
    - Romspen Investment Corporation

[scan] Wrote C:\Users\PC\OneDrive\Documents\GitHub\ApplyAgent\automation\outputs\scan_20260715.json
[scan] Wrote C:\Users\PC\OneDrive\Documents\GitHub\ApplyAgent\automation\outputs\scan_20260715.md
[scan] 3971 new candidates across 20 sectors.
[scan] worklist rebuilt: 4083 rows (3884 scrape, 135 gmail, 64 both)
[2026-07-15 22:13:32] [2/3] Computing delta...
[2026-07-15 22:13:32] >>> scan_delta: C:\Users\PC\AppData\Local\Programs\Python\Python311\python.exe automation/scan_delta.py
[scan_delta] 1088 new, 1080 removed, 2883 persisting.
[scan_delta] Wrote delta_20260715.json + delta_20260715.md
[2026-07-15 22:13:36] [3/3] Generating morning brief...
[2026-07-15 22:13:36] >>> morning_brief: C:\Users\PC\AppData\Local\Programs\Python\Python311\python.exe automation/morning_brief.py --top 5 --auto-add 3 --auto-tailor
[morning_brief] Loaded 1088 new jobs from delta_20260715.json
[morning_brief] delta=1088 -> triaged=393
[morning_brief] API preflight OK — Valid & credits OK — 5 models, billing works
[morning_brief] run_spend=$0.000 / cap=$2.00  today_spend=$3.106 / cap=$5.00
[morning_brief] actionable=41, top-5 selected. Wrote brief_20260715.json + brief_20260715.md
[morning_brief] Auto-added 3 role(s) to tracker: brief-20260715-01, brief-20260715-02, brief-20260715-03
  [brief->tailor] spawned for brief-20260715-01
  [brief->tailor] spawned for brief-20260715-02
  [brief->tailor] spawned for brief-20260715-03
[morning_brief] Spawned 3 tailor subprocess(es).
[2026-07-15 22:59:57] === nightly_refresh finished ===
