# nightly_refresh
# cmd: C:\Users\PC\AppData\Local\Programs\Python\Python311\python.exe C:\Users\PC\Documents\GitHub\ApplyAgent\automation\nightly_refresh.py
# started: 2026-05-12T10:47:47.363900

[2026-05-12 10:47:47] === nightly_refresh starting ===
[2026-05-12 10:47:47] repo: C:\Users\PC\Documents\GitHub\ApplyAgent
[2026-05-12 10:47:47] python: C:\Users\PC\AppData\Local\Programs\Python\Python311\python.exe
[2026-05-12 10:47:47] [1/3] Scraping (web + Gmail alerts)...
[2026-05-12 10:47:47] >>> jd_scraper: C:\Users\PC\AppData\Local\Programs\Python\Python311\python.exe automation/jd_scraper.py --expansion --gmail
[scan 1/159] Scotiabank (sector: Canadian Big 6 Banks)
  -> 189 new candidate(s) [sf:72, linkedin:117]
[scan 2/159] RBC (sector: Canadian Big 6 Banks)
  -> 90 new candidate(s) [linkedin:90]
[scan 3/159] TD Bank (sector: Canadian Big 6 Banks)
  -> 62 new candidate(s) [workday:62]
[scan 4/159] BMO (sector: Canadian Big 6 Banks)
  -> 171 new candidate(s) [workday:77, linkedin:94]
[scan 5/159] CIBC (sector: Canadian Big 6 Banks)
  -> 108 new candidate(s) [workday:43, linkedin:65]
[scan 6/159] National Bank of Canada (sector: Canadian Big 6 Banks)
  [linkedin] GTA-west pass: +1 new for National Bank of Canada
  -> 30 new candidate(s) [linkedin:30]
[scan 7/159] HOOPP (sector: Canadian Pension Funds)
  -> 40 new candidate(s) [workday:16, linkedin:24]
[scan 8/159] OMERS (sector: Canadian Pension Funds)
  -> 48 new candidate(s) [workday:23, linkedin:25]
[scan 9/159] Ontario Teachers' Pension Plan (sector: Canadian Pension Funds)
  -> 52 new candidate(s) [workday:29, linkedin:23]
[scan 10/159] CPP Investments (sector: Canadian Pension Funds)
  -> 43 new candidate(s) [workday:23, linkedin:20]
[scan 11/159] PSP Investments (sector: Canadian Pension Funds)
  -> 0 new candidate(s) [none]
[scan 12/159] OPTrust (sector: Canadian Pension Funds)
  -> 8 new candidate(s) [workday:3, linkedin:5]
[scan 13/159] CAAT Pension Plan (sector: Canadian Pension Funds)
  -> 10 new candidate(s) [workday:6, linkedin:4]
[scan 14/159] IMCO (sector: Canadian Pension Funds)
  [linkedin] GTA-west pass: +1 new for IMCO
  -> 4 new candidate(s) [linkedin:4]
[scan 15/159] CDPQ (sector: Canadian Pension Funds)
  -> 0 new candidate(s) [none]
[scan 16/159] Brookfield Asset Management (sector: Canadian Asset Managers)
  -> 37 new candidate(s) [workday:20, linkedin:17]
[scan 17/159] RBC Global Asset Management (sector: Canadian Asset Managers)
  [linkedin] GTA-west pass: +1 new for RBC Global Asset Management
  -> 26 new candidate(s) [linkedin:26]
[scan 18/159] TD Asset Management (sector: Canadian Asset Managers)
  -> 64 new candidate(s) [workday:64]
[scan 19/159] BMO Asset Management (sector: Canadian Asset Managers)
  -> 135 new candidate(s) [workday:77, linkedin:58]
[scan 20/159] CI Financial (sector: Canadian Asset Managers)
  -> 8 new candidate(s) [linkedin:8]
[scan 21/159] Mackenzie Investments (sector: Canadian Asset Managers)
  -> 12 new candidate(s) [linkedin:12]
[scan 22/159] AGF Management (sector: Canadian Asset Managers)
  -> 9 new candidate(s) [workday:4, linkedin:5]
[scan 23/159] Fidelity Canada (sector: Canadian Asset Managers)
  -> 19 new candidate(s) [linkedin:19]
[scan 24/159] Connor Clark & Lunn (sector: Canadian Asset Managers)
  -> 19 new candidate(s) [linkedin:19]
[scan 25/159] Guardian Capital Group (sector: Canadian Asset Managers)
  -> 2 new candidate(s) [linkedin:2]
[scan 26/159] Picton Mahoney Asset Management (sector: Canadian Asset Managers)
  -> 4 new candidate(s) [linkedin:4]
[scan 27/159] Canada Infrastructure Bank (sector: Canadian Asset Managers)
  -> 6 new candidate(s) [greenhouse:1, linkedin:5]
[scan 28/159] BlackRock (sector: US & Global Asset Managers)
  -> 1 new candidate(s) [linkedin:1]
[scan 29/159] PIMCO (sector: US & Global Asset Managers)
  -> 0 new candidate(s) [none]
[scan 30/159] Vanguard (sector: US & Global Asset Managers)
  -> 6 new candidate(s) [workday:2, linkedin:4]
[scan 31/159] Invesco (sector: US & Global Asset Managers)
  -> 0 new candidate(s) [none]
[scan 32/159] Wellington Management (sector: US & Global Asset Managers)
  -> 0 new candidate(s) [none]
[scan 33/159] Schroders (sector: US & Global Asset Managers)
  -> 0 new candidate(s) [none]
[scan 34/159] JPMorgan Chase (sector: US Banks (Toronto))
  -> 3 new candidate(s) [linkedin:3]
[scan 35/159] Goldman Sachs (sector: US Banks (Toronto))
  -> 0 new candidate(s) [none]
[scan 36/159] Morgan Stanley (sector: US Banks (Toronto))
  -> 13 new candidate(s) [workday:10, linkedin:3]
[scan 37/159] Citi (sector: US Banks (Toronto))
  -> 68 new candidate(s) [phenom:4, linkedin:64]
[scan 38/159] HSBC (sector: US Banks (Toronto))
  -> 1 new candidate(s) [linkedin:1]
[scan 39/159] Deutsche Bank (sector: US Banks (Toronto))
  -> 0 new candidate(s) [none]
[scan 40/159] BNY Mellon (sector: US Banks (Toronto))
  -> 1 new candidate(s) [linkedin:1]
[scan 41/159] State Street (sector: US Banks (Toronto))
  -> 39 new candidate(s) [workday:9, linkedin:30]
[scan 42/159] Northern Trust (sector: US Banks (Toronto))
  -> 3 new candidate(s) [workday:1, linkedin:2]
[scan 43/159] Bloomberg (sector: Analytics & Risk Vendors)
  -> 3 new candidate(s) [linkedin:3]
[scan 44/159] MSCI (sector: Analytics & Risk Vendors)
  -> 4 new candidate(s) [linkedin:4]
[scan 45/159] S&P Global (sector: Analytics & Risk Vendors)
  -> 8 new candidate(s) [workday:1, linkedin:7]
[scan 46/159] FactSet (sector: Analytics & Risk Vendors)
  -> 3 new candidate(s) [linkedin:3]
[scan 47/159] Morningstar DBRS (sector: Analytics & Risk Vendors)
  -> 4 new candidate(s) [linkedin:4]
[scan 48/159] SS&C Technologies (sector: Analytics & Risk Vendors)
  -> 31 new candidate(s) [workday:9, linkedin:22]
[scan 49/159] Numerix (sector: Analytics & Risk Vendors)
  -> 1 new candidate(s) [linkedin:1]
[scan 50/159] Prometeia (sector: Analytics & Risk Vendors)
  -> 0 new candidate(s) [none]
[scan 51/159] Manulife (sector: Canadian Insurers)
  -> 64 new candidate(s) [workday:15, linkedin:49]
[scan 52/159] Sun Life (sector: Canadian Insurers)
  -> 42 new candidate(s) [workday:6, linkedin:36]
[scan 53/159] Canada Life (sector: Canadian Insurers)
  -> 45 new candidate(s) [sf:16, linkedin:29]
[scan 54/159] Intact Financial (sector: Canadian Insurers)
  -> 2 new candidate(s) [linkedin:2]
[scan 55/159] Definity Financial (sector: Canadian Insurers)
  -> 1 new candidate(s) [linkedin:1]
[scan 56/159] iA Financial Group (sector: Canadian Insurers)
  -> 4 new candidate(s) [workday:1, linkedin:3]
[scan 57/159] RGA (sector: Canadian Insurers)
  -> 5 new candidate(s) [workday:5]
[scan 58/159] EQB (sector: Mid Canadian Banks)
  -> 0 new candidate(s) [none]
[scan 59/159] Deloitte Canada (sector: Big 4 Risk Advisory)
  -> 121 new candidate(s) [sf:70, linkedin:51]
[scan 60/159] EY Canada (sector: Big 4 Risk Advisory)
  -> 3 new candidate(s) [sf:3]
[scan 61/159] KPMG Canada (sector: Big 4 Risk Advisory)
  -> 57 new candidate(s) [linkedin:57]
[scan 62/159] PwC Canada (sector: Big 4 Risk Advisory)
  -> 14 new candidate(s) [linkedin:14]
[scan 63/159] Mercer (sector: Pension/ALM Consulting)
  -> 10 new candidate(s) [linkedin:10]
[scan 64/159] WTW (sector: Pension/ALM Consulting)
  -> 10 new candidate(s) [linkedin:10]
[scan 65/159] Aon (sector: Pension/ALM Consulting)
  -> 7 new candidate(s) [linkedin:7]
[scan 66/159] Oliver Wyman (sector: FS Strategy Consulting)
  -> 10 new candidate(s) [linkedin:10]
[scan 67/159] Fairstone Bank (sector: Mid Canadian Banks)
  -> 10 new candidate(s) [linkedin:10]
[scan 68/159] Home Trust (sector: Mid Canadian Banks)
  -> 0 new candidate(s) [none]
[scan 69/159] Haventree Bank (sector: Mid Canadian Banks)
  -> 12 new candidate(s) [linkedin:12]
[scan 70/159] Laurentian Bank of Canada (sector: Mid Canadian Banks)
  -> 10 new candidate(s) [linkedin:10]
[scan 71/159] Tangerine Bank (sector: Mid Canadian Banks)
  -> 3 new candidate(s) [linkedin:3]
[scan 72/159] Amex Bank of Canada (sector: Mid Canadian Banks)
  -> 0 new candidate(s) [none]
[scan 73/159] Rogers Bank (sector: Mid Canadian Banks)
  -> 1 new candidate(s) [linkedin:1]
[scan 74/159] Canadian Tire Bank (sector: Mid Canadian Banks)
  -> 5 new candidate(s) [linkedin:5]
[scan 75/159] Manulife Bank (sector: Mid Canadian Banks)
  -> 37 new candidate(s) [linkedin:37]
[scan 76/159] RFA Bank of Canada (sector: Mid Canadian Banks)
  -> 1 new candidate(s) [linkedin:1]
[scan 77/159] Fairfax Financial Holdings (sector: Canadian Insurers)
  -> 0 new candidate(s) [none]
[scan 78/159] ivari (sector: Canadian Insurers)
  -> 4 new candidate(s) [linkedin:4]
[scan 79/159] Foresters Financial (sector: Canadian Insurers)
  -> 14 new candidate(s) [linkedin:14]
[scan 80/159] Empire Life (sector: Canadian Insurers)
  -> 4 new candidate(s) [linkedin:4]
[scan 81/159] Equitable Life of Canada (sector: Canadian Insurers)
  -> 0 new candidate(s) [none]
[scan 82/159] Aviva Canada (sector: Canadian Insurers)
  -> 44 new candidate(s) [linkedin:44]
[scan 83/159] Co-operators (sector: Canadian Insurers)
  [linkedin] 429 on 'balance sheet Co-operators' page 0 — backing off 10s (attempt 1)
  -> 37 new candidate(s) [linkedin:37]
[scan 84/159] Wawanesa Insurance (sector: Canadian Insurers)
  -> 6 new candidate(s) [linkedin:6]
[scan 85/159] Northbridge Financial (sector: Canadian Insurers)
  -> 3 new candidate(s) [linkedin:3]
[scan 86/159] Munich Re Canada (sector: Canadian Insurers)
  -> 11 new candidate(s) [linkedin:11]
[scan 87/159] Swiss Re Canada (sector: Canadian Insurers)
  [linkedin] GTA-west pass: +2 new for Swiss Re Canada
  -> 12 new candidate(s) [linkedin:12]
[scan 88/159] Trisura Group (sector: Canadian Insurers)
  -> 6 new candidate(s) [linkedin:6]
[scan 89/159] Canada Guaranty (sector: Canadian Insurers)
  -> 2 new candidate(s) [linkedin:2]
[scan 90/159] Sagen MI Canada (sector: Canadian Insurers)
  -> 1 new candidate(s) [linkedin:1]
[scan 91/159] MCAP Financial (sector: Mortgage Lenders)
  -> 6 new candidate(s) [linkedin:6]
[scan 92/159] First National Financial (sector: Mortgage Lenders)
  -> 10 new candidate(s) [linkedin:10]
[scan 93/159] CMLS Financial (sector: Mortgage Lenders)
  -> 5 new candidate(s) [linkedin:5]
[scan 94/159] Element Fleet Management (sector: Non-Bank Lenders)
  -> 9 new candidate(s) [linkedin:9]
[scan 95/159] Ford Credit Canada (sector: Non-Bank Lenders)
  -> 0 new candidate(s) [none]
[scan 96/159] Hyundai Capital Canada (sector: Non-Bank Lenders)
  -> 0 new candidate(s) [none]
[scan 97/159] Toyota Financial Services Canada (sector: Non-Bank Lenders)
  -> 0 new candidate(s) [none]
[scan 98/159] Fiera Capital (sector: Canadian Asset Managers)
  -> 12 new candidate(s) [linkedin:12]
[scan 99/159] Beutel Goodman (sector: Canadian Asset Managers)
  -> 1 new candidate(s) [linkedin:1]
[scan 100/159] Burgundy Asset Management (sector: Canadian Asset Managers)
  -> 0 new candidate(s) [none]
[scan 101/159] 1832 Asset Management (sector: Canadian Asset Managers)
  -> 0 new candidate(s) [none]
[scan 102/159] Purpose Investments (sector: Canadian Asset Managers)
  -> 5 new candidate(s) [linkedin:5]
[scan 103/159] Horizons ETFs / Global X (sector: Canadian Asset Managers)
  -> 0 new candidate(s) [none]
[scan 104/159] Franklin Templeton Canada (sector: US & Global Asset Managers)
  -> 1 new candidate(s) [linkedin:1]
[scan 105/159] Polar Asset Management (sector: Hedge Funds / Alt AM)
  -> 3 new candidate(s) [linkedin:3]
[scan 106/159] RPIA (sector: Hedge Funds / Alt AM)
  -> 4 new candidate(s) [linkedin:4]
[scan 107/159] Algonquin Capital (sector: Hedge Funds / Alt AM)
  -> 0 new candidate(s) [none]
[scan 108/159] Lawrence Park Asset Management (sector: Hedge Funds / Alt AM)
  -> 0 new candidate(s) [none]
[scan 109/159] Waratah Capital Advisors (sector: Hedge Funds / Alt AM)
  -> 0 new candidate(s) [none]
[scan 110/159] Sagard Holdings (sector: Private Credit)
  -> 3 new candidate(s) [linkedin:3]
[scan 111/159] Northleaf Capital Partners (sector: Private Credit)
  -> 3 new candidate(s) [linkedin:3]
[scan 112/159] KingSett Capital (sector: Private Credit)
  -> 2 new candidate(s) [linkedin:2]
[scan 113/159] Ninepoint Partners (sector: Private Credit)
  -> 0 new candidate(s) [none]
[scan 114/159] Trez Capital (sector: Private Credit)
  -> 1 new candidate(s) [linkedin:1]
[scan 115/159] Romspen Investment Corporation (sector: Private Credit)
  -> 0 new candidate(s) [none]
[scan 116/159] Antares Capital (sector: Private Credit)
  -> 0 new candidate(s) [none]
[scan 117/159] Third Eye Capital (sector: Private Credit)
  -> 0 new candidate(s) [none]
[scan 118/159] CIBC Mellon (sector: Fund Admin/Custody)
  -> 14 new candidate(s) [linkedin:14]
[scan 119/159] RBC Investor Services (sector: Fund Admin/Custody)
  -> 2 new candidate(s) [linkedin:2]
[scan 120/159] Citco Fund Services (sector: Fund Admin/Custody)
  [linkedin] GTA-west pass: +1 new for Citco Fund Services
  -> 10 new candidate(s) [linkedin:10]
[scan 121/159] SEI Investments Canada (sector: Fund Admin/Custody)
  -> 0 new candidate(s) [none]
[scan 122/159] Apex Group (sector: Fund Admin/Custody)
  -> 14 new candidate(s) [linkedin:14]
[scan 123/159] MUFG Investor Services (sector: Fund Admin/Custody)
  -> 7 new candidate(s) [linkedin:7]
[scan 124/159] TMX Group (sector: Market Infrastructure)
  -> 20 new candidate(s) [linkedin:20]
[scan 125/159] Fundserv (sector: Market Infrastructure)
  -> 3 new candidate(s) [linkedin:3]
[scan 126/159] Finastra (sector: Market Infrastructure)
  -> 6 new candidate(s) [linkedin:6]
[scan 127/159] FIS Global (sector: Market Infrastructure)
  -> 0 new candidate(s) [none]
[scan 128/159] Broadridge (sector: Market Infrastructure)
  -> 10 new candidate(s) [linkedin:10]
[scan 129/159] DTCC (sector: Market Infrastructure)
  -> 0 new candidate(s) [none]
[scan 130/159] Cboe Canada (sector: Market Infrastructure)
  -> 0 new candidate(s) [none]
[scan 131/159] SAS Canada (sector: Analytics & Risk Vendors)
  -> 0 new candidate(s) [none]
[scan 132/159] Wolters Kluwer (sector: Analytics & Risk Vendors)
  -> 5 new candidate(s) [linkedin:5]
[scan 133/159] Nasdaq (sector: Analytics & Risk Vendors)
  -> 10 new candidate(s) [linkedin:10]
[scan 134/159] Moody's Corporation (sector: Analytics & Risk Vendors)
  -> 0 new candidate(s) [none]
[scan 135/159] Qontigo (sector: Analytics & Risk Vendors)
  -> 0 new candidate(s) [none]
[scan 136/159] Quantifi (sector: Analytics & Risk Vendors)
  -> 0 new candidate(s) [none]
[scan 137/159] ION Group (sector: Analytics & Risk Vendors)
  -> 2 new candidate(s) [linkedin:2]
[scan 138/159] Murex (sector: Analytics & Risk Vendors)
  -> 2 new candidate(s) [linkedin:2]
[scan 139/159] OSFI (sector: Regulators & Crown)
  -> 0 new candidate(s) [none]
[scan 140/159] Bank of Canada (sector: Regulators & Crown)
  -> 32 new candidate(s) [sf:6, linkedin:26]
[scan 141/159] CDIC (sector: Regulators & Crown)
  -> 2 new candidate(s) [linkedin:2]
[scan 142/159] FSRA Ontario (sector: Regulators & Crown)
  -> 0 new candidate(s) [none]
[scan 143/159] Ontario Securities Commission (sector: Regulators & Crown)
  -> 9 new candidate(s) [linkedin:9]
[scan 144/159] CMHC (sector: Regulators & Crown)
  -> 3 new candidate(s) [sf:1, linkedin:2]
[scan 145/159] EDC (sector: Regulators & Crown)
  -> 0 new candidate(s) [none]
[scan 146/159] BDC (sector: Regulators & Crown)
  -> 17 new candidate(s) [linkedin:17]
[scan 147/159] CIRO (sector: Regulators & Crown)
  -> 26 new candidate(s) [linkedin:26]
[scan 148/159] Infrastructure Ontario (sector: Regulators & Crown)
  -> 2 new candidate(s) [linkedin:2]
[scan 149/159] Wealthsimple (sector: Fintech)
  -> 6 new candidate(s) [linkedin:6]
[scan 150/159] Questrade Financial Group (sector: Fintech)
  -> 44 new candidate(s) [linkedin:44]
[scan 151/159] Interac (sector: Fintech)
  -> 23 new candidate(s) [linkedin:23]
[scan 152/159] Moneris (sector: Fintech)
  -> 16 new candidate(s) [linkedin:16]
[scan 153/159] Nuvei (sector: Fintech)
  -> 0 new candidate(s) [none]
[scan 154/159] Neo Financial (sector: Fintech)
  -> 7 new candidate(s) [linkedin:7]
[scan 155/159] Payments Canada (sector: Fintech)
  -> 4 new candidate(s) [linkedin:4]
[scan 156/159] Stripe (sector: Fintech)
  -> 27 new candidate(s) [greenhouse:2, linkedin:25]
[scan 157/159] Affirm (sector: Fintech)
  -> 46 new candidate(s) [greenhouse:3, linkedin:43]
[scan 158/159] Robinhood (sector: Fintech)
  -> 11 new candidate(s) [greenhouse:1, linkedin:10]
[scan 159/159] Point72 (sector: Hedge Funds / Alt AM)
  -> 2 new candidate(s) [greenhouse:2]
[scan] Gmail: harvested 0 alert row(s), kept 0 (after tracker + negative-title filter).
[scan] Dedup: 2450 raw -> 1808 unique (-270 dup URL, -372 near-dup)
[scan] Freshness: 834 newly-seen URL(s), 974 previously seen.
[scan] WARN: 39 companies returned 0 results (may need Workday config or LinkedIn fixes):
    - PSP Investments
    - CDPQ
    - PIMCO
    - Invesco
    - Wellington Management
    - Schroders
    - Goldman Sachs
    - Deutsche Bank
    - Prometeia
    - EQB
    - Home Trust
    - Amex Bank of Canada
    - Fairfax Financial Holdings
    - Equitable Life of Canada
    - Ford Credit Canada
    - Hyundai Capital Canada
    - Toyota Financial Services Canada
    - Burgundy Asset Management
    - 1832 Asset Management
    - Horizons ETFs / Global X

[scan] Wrote C:\Users\PC\Documents\GitHub\ApplyAgent\automation\outputs\scan_20260512.json
[scan] Wrote C:\Users\PC\Documents\GitHub\ApplyAgent\automation\outputs\scan_20260512.md
[scan] 1808 new candidates across 19 sectors.
[2026-05-12 11:52:30] [2/3] Computing delta...
[2026-05-12 11:52:30] >>> scan_delta: C:\Users\PC\AppData\Local\Programs\Python\Python311\python.exe automation/scan_delta.py
[scan_delta] 387 new, 348 removed, 1421 persisting.
[scan_delta] Wrote delta_20260512.json + delta_20260512.md
[2026-05-12 11:52:32] [3/3] Generating morning brief...
[2026-05-12 11:52:32] >>> morning_brief: C:\Users\PC\AppData\Local\Programs\Python\Python311\python.exe automation/morning_brief.py --top 5 --auto-add 3 --auto-tailor
[morning_brief] Loaded 387 new jobs from delta_20260512.json
Traceback (most recent call last):
  File "C:\Users\PC\Documents\GitHub\ApplyAgent\automation\master_repo.py", line 26, in <module>
    import yaml  # type: ignore
    ^^^^^^^^^^^
ModuleNotFoundError: No module named 'yaml'

The above exception was the direct cause of the following exception:

Traceback (most recent call last):
  File "C:\Users\PC\Documents\GitHub\ApplyAgent\automation\morning_brief.py", line 357, in <module>
    sys.exit(main())
             ^^^^^^
  File "C:\Users\PC\Documents\GitHub\ApplyAgent\automation\morning_brief.py", line 292, in main
    scored = _score_delta_inline(new_jobs, concurrency=args.concurrency,
             ^^^^^^^^^^^^^^^^^^^^^^^^^^^^^^^^^^^^^^^^^^^^^^^^^^^^^^^^^^^
  File "C:\Users\PC\Documents\GitHub\ApplyAgent\automation\morning_brief.py", line 46, in _score_delta_inline
    import fit_scorer as fs
  File "C:\Users\PC\Documents\GitHub\ApplyAgent\automation\fit_scorer.py", line 72, in <module>
    from jd_skill_extract import extract as _jd_extract  # type: ignore
    ^^^^^^^^^^^^^^^^^^^^^^^^^^^^^^^^^^^^^^^^^^^^^^^^^^^
  File "C:\Users\PC\Documents\GitHub\ApplyAgent\automation\jd_skill_extract.py", line 29, in <module>
    from master_repo import load as _load_repo, MasterRepo, Skill, Bullet
  File "C:\Users\PC\Documents\GitHub\ApplyAgent\automation\master_repo.py", line 28, in <module>
    raise RuntimeError("pip install pyyaml — master_repo loader requires it") from e
RuntimeError: pip install pyyaml — master_repo loader requires it
[2026-05-12 11:52:33] morning_brief finished with exit code 1.
[2026-05-12 11:52:33] === nightly_refresh finished ===
