# pipeline
# cmd: C:\Users\PC\AppData\Local\Programs\Python\Python311\python.exe C:\Users\PC\OneDrive\Documents\GitHub\ApplyAgent\automation\run_pipeline.py --scrape-mode full --skip-score --skip-promote
# started: 2026-07-29T10:22:54.253279

=== ApplyAgent pipeline 20260729_102254 ===
Mode: scrape=full skip_scrape=False skip_score=True skip_promote=True
[scrape] [scan 1/205] Scotiabank (sector: Canadian Big 6 Banks)
[scrape]   [linkedin] US-remote pass: +22 new for Scotiabank
[scrape]   -> 192 new candidate(s) [sf:93, linkedin:99]
[scrape] [scan 2/205] RBC (sector: Canadian Big 6 Banks)
[scrape]   [linkedin] GTA-west pass: +1 new for RBC
[scrape]   [linkedin] US-remote pass: +19 new for RBC
[scrape]   -> 87 new candidate(s) [linkedin:87]
[scrape] [scan 3/205] TD Bank (sector: Canadian Big 6 Banks)
[scrape]   -> 108 new candidate(s) [workday:108]
[scrape] [scan 4/205] BMO (sector: Canadian Big 6 Banks)
[scrape]   [linkedin] US-remote pass: +14 new for BMO
[scrape]   -> 247 new candidate(s) [workday:158, linkedin:89]
[scrape] [scan 5/205] CIBC (sector: Canadian Big 6 Banks)
[scrape]   [linkedin] US-remote pass: +4 new for CIBC
[scrape]   -> 127 new candidate(s) [workday:83, linkedin:44]
[scrape] [scan 6/205] National Bank of Canada (sector: Canadian Big 6 Banks)
[scrape]   [linkedin] US-remote pass: +5 new for National Bank of Canada
[scrape]   -> 32 new candidate(s) [linkedin:32]
[scrape] [scan 7/205] HOOPP (sector: Canadian Pension Funds)
[scrape]   -> 26 new candidate(s) [workday:11, linkedin:15]
[scrape] [scan 8/205] OMERS (sector: Canadian Pension Funds)
[scrape]   -> 36 new candidate(s) [workday:21, linkedin:15]
[scrape] [scan 9/205] Ontario Teachers' Pension Plan (sector: Canadian Pension Funds)
[scrape]   [linkedin] US-remote pass: +1 new for Ontario Teachers' Pension Plan
[scrape]   -> 45 new candidate(s) [workday:23, linkedin:22]
[scrape] [scan 10/205] CPP Investments (sector: Canadian Pension Funds)
[scrape]   -> 33 new candidate(s) [workday:18, linkedin:15]
[scrape] [scan 11/205] PSP Investments (sector: Canadian Pension Funds)
[scrape]   -> 33 new candidate(s) [workday:33]
[scrape] [scan 12/205] OPTrust (sector: Canadian Pension Funds)
[scrape]   -> 10 new candidate(s) [workday:4, linkedin:6]
[scrape] [scan 13/205] CAAT Pension Plan (sector: Canadian Pension Funds)
[scrape]   -> 9 new candidate(s) [workday:4, linkedin:5]
[scrape] [scan 14/205] IMCO (sector: Canadian Pension Funds)
[scrape]   -> 6 new candidate(s) [linkedin:6]
[scrape] [scan 15/205] CDPQ (sector: Canadian Pension Funds)
[scrape]   -> 6 new candidate(s) [workday:5, linkedin:1]
[scrape] [scan 16/205] AIMCo (sector: Canadian Pension Funds)
[scrape]   -> 1 new candidate(s) [workday:1]
[scrape] [scan 17/205] BCI (British Columbia Investment Mgmt) (sector: Canadian Pension Funds)
[scrape]   -> 0 new candidate(s) [none]
[scrape] [scan 18/205] Brookfield Asset Management (sector: Canadian Asset Managers)
[scrape]   [linkedin] US-remote pass: +3 new for Brookfield Asset Management
[scrape]   -> 63 new candidate(s) [workday:42, linkedin:21]
[scrape] [scan 19/205] RBC Global Asset Management (sector: Canadian Asset Managers)
[scrape]   [linkedin] GTA-west pass: +1 new for RBC Global Asset Management
[scrape]   [linkedin] US-remote pass: +6 new for RBC Global Asset Management
[scrape]   -> 34 new candidate(s) [linkedin:34]
[scrape] [scan 20/205] TD Asset Management (sector: Canadian Asset Managers)
[scrape]   -> 108 new candidate(s) [workday:108]
[scrape] [scan 21/205] BMO Asset Management (sector: Canadian Asset Managers)
[scrape]   [linkedin] US-remote pass: +7 new for BMO Asset Management
[scrape]   -> 226 new candidate(s) [workday:158, linkedin:68]
[scrape] [scan 22/205] CI Financial (sector: Canadian Asset Managers)
[scrape]   [linkedin] GTA-west pass: +1 new for CI Financial
[scrape]   -> 11 new candidate(s) [linkedin:11]
[scrape] [scan 23/205] Mackenzie Investments (sector: Canadian Asset Managers)
[scrape]   -> 13 new candidate(s) [linkedin:13]
[scrape] [scan 24/205] AGF Management (sector: Canadian Asset Managers)
[scrape]   -> 7 new candidate(s) [workday:4, linkedin:3]
[scrape] [scan 25/205] Fidelity Canada (sector: Canadian Asset Managers)
[scrape]   [linkedin] US-remote pass: +38 new for Fidelity Canada
[scrape]   -> 73 new candidate(s) [linkedin:73]
[scrape] [scan 26/205] Connor Clark & Lunn (sector: Canadian Asset Managers)
[scrape]   [linkedin] GTA-west pass: +2 new for Connor Clark & Lunn
[scrape]   [linkedin] US-remote pass: +2 new for Connor Clark & Lunn
[scrape]   -> 14 new candidate(s) [linkedin:14]
[scrape] [scan 27/205] Guardian Capital Group (sector: Canadian Asset Managers)
[scrape]   [linkedin] US-remote pass: +5 new for Guardian Capital Group
[scrape]   -> 7 new candidate(s) [linkedin:7]
[scrape] [scan 28/205] Picton Mahoney Asset Management (sector: Canadian Asset Managers)
[scrape]   [linkedin] GTA-west pass: +2 new for Picton Mahoney Asset Management
[scrape]   -> 3 new candidate(s) [linkedin:3]
[scrape] [scan 29/205] Canada Infrastructure Bank (sector: Canadian Asset Managers)
[scrape]   -> 9 new candidate(s) [linkedin:9]
[scrape] [scan 30/205] BlackRock (sector: US & Global Asset Managers)
[scrape]   [linkedin] US-remote pass: +21 new for BlackRock
[scrape]   -> 54 new candidate(s) [workday:33, linkedin:21]
[scrape] [scan 31/205] PIMCO (sector: US & Global Asset Managers)
[scrape]   [linkedin] US-remote pass: +18 new for PIMCO
[scrape]   -> 18 new candidate(s) [linkedin:18]
[scrape] [scan 32/205] Vanguard (sector: US & Global Asset Managers)
[scrape]   [linkedin] US-remote pass: +27 new for Vanguard
[scrape]   -> 43 new candidate(s) [workday:8, linkedin:35]
[scrape] [scan 33/205] Invesco (sector: US & Global Asset Managers)
[scrape]   [linkedin] US-remote pass: +5 new for Invesco
[scrape]   -> 36 new candidate(s) [workday:31, linkedin:5]
[scrape] [scan 34/205] Wellington Management (sector: US & Global Asset Managers)
[scrape]   [linkedin] US-remote pass: +14 new for Wellington Management
[scrape]   -> 56 new candidate(s) [workday:37, linkedin:19]
[scrape] [scan 35/205] Schroders (sector: US & Global Asset Managers)
[scrape]   [linkedin] US-remote pass: +1 new for Schroders
[scrape]   -> 1 new candidate(s) [linkedin:1]
[scrape] [scan 36/205] JPMorgan Chase (sector: US Banks (Toronto))
[scrape]   [linkedin] US-remote pass: +30 new for JPMorgan Chase
[scrape]   -> 45 new candidate(s) [linkedin:45]
[scrape] [scan 37/205] Goldman Sachs (sector: US Banks (Toronto))
[scrape]   [linkedin] US-remote pass: +21 new for Goldman Sachs
[scrape]   -> 22 new candidate(s) [linkedin:22]
[scrape] [scan 38/205] Morgan Stanley (sector: US Banks (Toronto))
[scrape]   [linkedin] US-remote pass: +19 new for Morgan Stanley
[scrape]   -> 159 new candidate(s) [workday:134, linkedin:25]
[scrape] [scan 39/205] Citi (sector: US Banks (Toronto))
[scrape]   [linkedin] US-remote pass: +13 new for Citi
[scrape]   -> 55 new candidate(s) [phenom:4, linkedin:51]
[scrape] [scan 40/205] HSBC (sector: US Banks (Toronto))
[scrape]   [linkedin] US-remote pass: +9 new for HSBC
[scrape]   -> 11 new candidate(s) [linkedin:11]
[scrape] [scan 41/205] Deutsche Bank (sector: US Banks (Toronto))
[scrape]   [linkedin] US-remote pass: +17 new for Deutsche Bank
[scrape]   -> 67 new candidate(s) [workday:50, linkedin:17]
[scrape] [scan 42/205] BNY Mellon (sector: US Banks (Toronto))
[scrape]   [linkedin] US-remote pass: +21 new for BNY Mellon
[scrape]   -> 22 new candidate(s) [linkedin:22]
[scrape] [scan 43/205] State Street (sector: US Banks (Toronto))
[scrape]   [linkedin] US-remote pass: +41 new for State Street
[scrape]   -> 121 new candidate(s) [workday:61, linkedin:60]
[scrape] [scan 44/205] Northern Trust (sector: US Banks (Toronto))
[scrape]   [linkedin] US-remote pass: +27 new for Northern Trust
[scrape]   -> 96 new candidate(s) [workday:66, linkedin:30]
[scrape] [scan 45/205] Bloomberg (sector: Analytics & Risk Vendors)
[scrape]   [linkedin] US-remote pass: +10 new for Bloomberg
[scrape]   -> 10 new candidate(s) [linkedin:10]
[scrape] [scan 46/205] MSCI (sector: Analytics & Risk Vendors)
[scrape]   -> 1 new candidate(s) [linkedin:1]
[scrape] [scan 47/205] S&P Global (sector: Analytics & Risk Vendors)
[scrape]   [linkedin] US-remote pass: +14 new for S&P Global
[scrape]   -> 42 new candidate(s) [workday:20, linkedin:22]
[scrape] [scan 48/205] FactSet (sector: Analytics & Risk Vendors)
[scrape]   [linkedin] US-remote pass: +4 new for FactSet
[scrape]   -> 4 new candidate(s) [linkedin:4]
[scrape] [scan 49/205] Morningstar DBRS (sector: Analytics & Risk Vendors)
[scrape]   [linkedin] US-remote pass: +2 new for Morningstar DBRS
[scrape]   -> 7 new candidate(s) [linkedin:7]
[scrape] [scan 50/205] Yields.io (sector: Analytics & Risk Vendors)
[scrape]   -> 0 new candidate(s) [none]
[scrape] [scan 51/205] Abrigo (sector: Analytics & Risk Vendors)
[scrape]   -> 0 new candidate(s) [none]
[scrape] [scan 52/205] nCino (sector: Analytics & Risk Vendors)
[scrape]   [linkedin] US-remote pass: +5 new for nCino
[scrape]   -> 5 new candidate(s) [linkedin:5]
[scrape] [scan 53/205] Kamakura (SAS) (sector: Analytics & Risk Vendors)
[scrape]   -> 0 new candidate(s) [none]
[scrape] [scan 54/205] Beacon Platform (sector: Analytics & Risk Vendors)
[scrape]   [linkedin] US-remote pass: +6 new for Beacon Platform
[scrape]   -> 9 new candidate(s) [linkedin:9]
[scrape] [scan 55/205] SS&C Technologies (sector: Analytics & Risk Vendors)
[scrape]   [linkedin] US-remote pass: +16 new for SS&C Technologies
[scrape]   -> 58 new candidate(s) [workday:16, linkedin:42]
[scrape] [scan 56/205] Numerix (sector: Analytics & Risk Vendors)
[scrape]   -> 0 new candidate(s) [none]
[scrape] [scan 57/205] Prometeia (sector: Analytics & Risk Vendors)
[scrape]   -> 0 new candidate(s) [none]
[scrape] [scan 58/205] Manulife (sector: Canadian Insurers)
[scrape]   -> 46 new candidate(s) [workday:17, linkedin:29]
[scrape] [scan 59/205] Sun Life (sector: Canadian Insurers)
[scrape]   [linkedin] US-remote pass: +4 new for Sun Life
[scrape]   -> 36 new candidate(s) [workday:6, linkedin:30]
[scrape] [scan 60/205] Canada Life (sector: Canadian Insurers)
[scrape]   [linkedin] US-remote pass: +16 new for Canada Life
[scrape]   -> 64 new candidate(s) [sf:28, linkedin:36]
[scrape] [scan 61/205] Intact Financial (sector: Canadian Insurers)
[scrape]   [linkedin] US-remote pass: +5 new for Intact Financial
[scrape]   -> 19 new candidate(s) [linkedin:19]
[scrape] [scan 62/205] Definity Financial (sector: Canadian Insurers)
[scrape]   -> 4 new candidate(s) [linkedin:4]
[scrape] [scan 63/205] iA Financial Group (sector: Canadian Insurers)
[scrape]   -> 11 new candidate(s) [workday:4, linkedin:7]
[scrape] [scan 64/205] RGA (sector: Canadian Insurers)
[scrape]   [linkedin] US-remote pass: +6 new for RGA
[scrape]   -> 20 new candidate(s) [workday:14, linkedin:6]
[scrape] [scan 65/205] EQB (sector: Mid Canadian Banks)
[scrape]   -> 0 new candidate(s) [none]
[scrape] [scan 66/205] Deloitte Canada (sector: Big 4 Risk Advisory)
[scrape]   [linkedin] US-remote pass: +23 new for Deloitte Canada
[scrape]   -> 154 new candidate(s) [sf:88, linkedin:66]
[scrape] [scan 67/205] EY Canada (sector: Big 4 Risk Advisory)
[scrape]   -> 12 new candidate(s) [sf:12]
[scrape] [scan 68/205] KPMG Canada (sector: Big 4 Risk Advisory)
[scrape]   [linkedin] GTA-west pass: +2 new for KPMG Canada
[scrape]   [linkedin] US-remote pass: +24 new for KPMG Canada
[scrape]   -> 81 new candidate(s) [linkedin:81]
[scrape] [scan 69/205] PwC Canada (sector: Big 4 Risk Advisory)
[scrape]   [linkedin] GTA-west pass: +2 new for PwC Canada
[scrape]   [linkedin] US-remote pass: +17 new for PwC Canada
[scrape]   -> 60 new candidate(s) [linkedin:60]
[scrape] [scan 70/205] Mercer (sector: Pension/ALM Consulting)
[scrape]   [linkedin] US-remote pass: +27 new for Mercer
[scrape]   -> 36 new candidate(s) [linkedin:36]
[scrape] [scan 71/205] WTW (sector: Pension/ALM Consulting)
[scrape]   [linkedin] US-remote pass: +10 new for WTW
[scrape]   -> 22 new candidate(s) [linkedin:22]
[scrape] [scan 72/205] Aon (sector: Pension/ALM Consulting)
[scrape]   [linkedin] GTA-west pass: +1 new for Aon
[scrape]   [linkedin] US-remote pass: +13 new for Aon
[scrape]   -> 20 new candidate(s) [linkedin:20]
[scrape] [scan 73/205] Oliver Wyman (sector: FS Strategy Consulting)
[scrape]   [linkedin] US-remote pass: +26 new for Oliver Wyman
[scrape]   -> 37 new candidate(s) [linkedin:37]
[scrape] [scan 74/205] Fairstone Bank (sector: Mid Canadian Banks)
[scrape]   [linkedin] GTA-west pass: +1 new for Fairstone Bank
[scrape]   -> 12 new candidate(s) [linkedin:12]
[scrape] [scan 75/205] Home Trust (sector: Mid Canadian Banks)
[scrape]   [linkedin] US-remote pass: +11 new for Home Trust
[scrape]   -> 10 new candidate(s) [linkedin:10]
[scrape] [scan 76/205] Haventree Bank (sector: Mid Canadian Banks)
[scrape]   -> 9 new candidate(s) [linkedin:9]
[scrape] [scan 77/205] Laurentian Bank of Canada (sector: Mid Canadian Banks)
[scrape]   -> 15 new candidate(s) [linkedin:15]
[scrape] [scan 78/205] Tangerine Bank (sector: Mid Canadian Banks)
[scrape]   -> 9 new candidate(s) [linkedin:9]
[scrape] [scan 79/205] Amex Bank of Canada (sector: Mid Canadian Banks)
[scrape]   -> 0 new candidate(s) [none]
[scrape] [scan 80/205] Rogers Bank (sector: Mid Canadian Banks)
[scrape]   [linkedin] GTA-west pass: +1 new for Rogers Bank
[scrape]   -> 20 new candidate(s) [linkedin:20]
[scrape] [scan 81/205] Canadian Tire Bank (sector: Mid Canadian Banks)
[scrape]   -> 20 new candidate(s) [linkedin:20]
[scrape] [scan 82/205] Manulife Bank (sector: Mid Canadian Banks)
[scrape]   [linkedin] GTA-west pass: +7 new for Manulife Bank
[scrape]   -> 19 new candidate(s) [linkedin:19]
[scrape] [scan 83/205] RFA Bank of Canada (sector: Mid Canadian Banks)
[scrape]   -> 1 new candidate(s) [linkedin:1]
[scrape] [scan 84/205] Fairfax Financial Holdings (sector: Canadian Insurers)
[scrape]   [linkedin] US-remote pass: +1 new for Fairfax Financial Holdings
[scrape]   -> 1 new candidate(s) [linkedin:1]
[scrape] [scan 85/205] ivari (sector: Canadian Insurers)
[scrape]   [linkedin] GTA-west pass: +2 new for ivari
[scrape]   -> 15 new candidate(s) [linkedin:15]
[scrape] [scan 86/205] Foresters Financial (sector: Canadian Insurers)
[scrape]   [linkedin] US-remote pass: +5 new for Foresters Financial
[scrape]   -> 15 new candidate(s) [linkedin:15]
[scrape] [scan 87/205] Empire Life (sector: Canadian Insurers)
[scrape]   [linkedin] US-remote pass: +7 new for Empire Life
[scrape]   -> 10 new candidate(s) [linkedin:10]
[scrape] [scan 88/205] Equitable Life of Canada (sector: Canadian Insurers)
[scrape]   [linkedin] US-remote pass: +5 new for Equitable Life of Canada
[scrape]   -> 15 new candidate(s) [linkedin:15]
[scrape] [scan 89/205] Aviva Canada (sector: Canadian Insurers)
[scrape]   -> 37 new candidate(s) [linkedin:37]
[scrape] [scan 90/205] Co-operators (sector: Canadian Insurers)
[scrape]   -> 38 new candidate(s) [linkedin:38]
[scrape] [scan 91/205] Wawanesa Insurance (sector: Canadian Insurers)
[scrape]   -> 15 new candidate(s) [linkedin:15]
[scrape] [scan 92/205] Northbridge Financial (sector: Canadian Insurers)
[scrape]   -> 7 new candidate(s) [linkedin:7]
[scrape] [scan 93/205] Munich Re Canada (sector: Canadian Insurers)
[scrape]   [linkedin] US-remote pass: +11 new for Munich Re Canada
[scrape]   -> 26 new candidate(s) [linkedin:26]
[scrape] [scan 94/205] Swiss Re Canada (sector: Canadian Insurers)
[scrape]   [linkedin] US-remote pass: +11 new for Swiss Re Canada
[scrape]   -> 19 new candidate(s) [linkedin:19]
[scrape] [scan 95/205] Trisura Group (sector: Canadian Insurers)
[scrape]   -> 9 new candidate(s) [linkedin:9]
[scrape] [scan 96/205] Canada Guaranty (sector: Canadian Insurers)
[scrape]   -> 0 new candidate(s) [none]
[scrape] [scan 97/205] Sagen MI Canada (sector: Canadian Insurers)
[scrape]   -> 2 new candidate(s) [linkedin:2]
[scrape] [scan 98/205] MCAP Financial (sector: Mortgage Lenders)
[scrape]   -> 1 new candidate(s) [linkedin:1]
[scrape] [scan 99/205] First National Financial (sector: Mortgage Lenders)
[scrape]   -> 4 new candidate(s) [linkedin:4]
[scrape] [scan 100/205] CMLS Financial (sector: Mortgage Lenders)
[scrape]   -> 4 new candidate(s) [linkedin:4]
[scrape] [scan 101/205] Element Fleet Management (sector: Non-Bank Lenders)
[scrape]   -> 7 new candidate(s) [linkedin:7]
[scrape] [scan 102/205] Ford Credit Canada (sector: Non-Bank Lenders)
[scrape]   [linkedin] US-remote pass: +16 new for Ford Credit Canada
[scrape]   -> 16 new candidate(s) [linkedin:16]
[scrape] [scan 103/205] Hyundai Capital Canada (sector: Non-Bank Lenders)
[scrape]   [linkedin] US-remote pass: +11 new for Hyundai Capital Canada
[scrape]   -> 19 new candidate(s) [linkedin:19]
[scrape] [scan 104/205] Toyota Financial Services Canada (sector: Non-Bank Lenders)
[scrape]   [linkedin] US-remote pass: +12 new for Toyota Financial Services Canada
[scrape]   -> 23 new candidate(s) [linkedin:23]
[scrape] [scan 105/205] Fiera Capital (sector: Canadian Asset Managers)
[scrape]   [linkedin] GTA-west pass: +2 new for Fiera Capital
[scrape]   -> 12 new candidate(s) [linkedin:12]
[scrape] [scan 106/205] Beutel Goodman (sector: Canadian Asset Managers)
[scrape]   -> 1 new candidate(s) [linkedin:1]
[scrape] [scan 107/205] Burgundy Asset Management (sector: Canadian Asset Managers)
[scrape]   -> 0 new candidate(s) [none]
[scrape] [scan 108/205] 1832 Asset Management (sector: Canadian Asset Managers)
[scrape]   -> 0 new candidate(s) [none]
[scrape] [scan 109/205] Purpose Investments (sector: Canadian Asset Managers)
[scrape]   -> 5 new candidate(s) [linkedin:5]
[scrape] [scan 110/205] Horizons ETFs / Global X (sector: Canadian Asset Managers)
[scrape]   -> 0 new candidate(s) [none]
[scrape] [scan 111/205] Franklin Templeton Canada (sector: US & Global Asset Managers)
[scrape]   [linkedin] US-remote pass: +13 new for Franklin Templeton Canada
[scrape]   -> 13 new candidate(s) [linkedin:13]
[scrape] [scan 112/205] Polar Asset Management (sector: Hedge Funds / Alt AM)
[scrape]   -> 0 new candidate(s) [none]
[scrape] [scan 113/205] RPIA (sector: Hedge Funds / Alt AM)
[scrape]   -> 6 new candidate(s) [linkedin:6]
[scrape] [scan 114/205] Algonquin Capital (sector: Hedge Funds / Alt AM)
[scrape]   -> 0 new candidate(s) [none]
[scrape] [scan 115/205] Lawrence Park Asset Management (sector: Hedge Funds / Alt AM)
[scrape]   -> 0 new candidate(s) [none]
[scrape] [scan 116/205] Waratah Capital Advisors (sector: Hedge Funds / Alt AM)
[scrape]   -> 0 new candidate(s) [none]
[scrape] [scan 117/205] Sagard Holdings (sector: Private Credit)
[scrape]   -> 3 new candidate(s) [linkedin:3]
[scrape] [scan 118/205] Northleaf Capital Partners (sector: Private Credit)
[scrape]   [linkedin] GTA-west pass: +1 new for Northleaf Capital Partners
[scrape]   -> 2 new candidate(s) [linkedin:2]
[scrape] [scan 119/205] KingSett Capital (sector: Private Credit)
[scrape]   [linkedin] GTA-west pass: +1 new for KingSett Capital
[scrape]   -> 1 new candidate(s) [linkedin:1]
[scrape] [scan 120/205] Ninepoint Partners (sector: Private Credit)
[scrape]   -> 0 new candidate(s) [none]
[scrape] [scan 121/205] Trez Capital (sector: Private Credit)
[scrape]   -> 0 new candidate(s) [none]
[scrape] [scan 122/205] Romspen Investment Corporation (sector: Private Credit)
[scrape]   -> 0 new candidate(s) [none]
[scrape] [scan 123/205] Antares Capital (sector: Private Credit)
[scrape]   [linkedin] US-remote pass: +1 new for Antares Capital
[scrape]   -> 1 new candidate(s) [linkedin:1]
[scrape] [scan 124/205] Third Eye Capital (sector: Private Credit)
[scrape]   -> 0 new candidate(s) [none]
[scrape] [scan 125/205] CIBC Mellon (sector: Fund Admin/Custody)
[scrape]   [linkedin] GTA-west pass: +1 new for CIBC Mellon
[scrape]   [linkedin] US-remote pass: +3 new for CIBC Mellon
[scrape]   -> 21 new candidate(s) [linkedin:21]
[scrape] [scan 126/205] RBC Investor Services (sector: Fund Admin/Custody)
[scrape]   [linkedin] US-remote pass: +14 new for RBC Investor Services
[scrape]   -> 39 new candidate(s) [linkedin:39]
[scrape] [scan 127/205] Citco Fund Services (sector: Fund Admin/Custody)
[scrape]   [linkedin] US-remote pass: +8 new for Citco Fund Services
[scrape]   -> 46 new candidate(s) [linkedin:46]
[scrape] [scan 128/205] SEI Investments Canada (sector: Fund Admin/Custody)
[scrape]   [linkedin] 429 on 'model risk SEI Investments Can' page 0 — backing off 10s (attempt 1)
[scrape]   [linkedin] US-remote pass: +11 new for SEI Investments Canada
[scrape]   -> 10 new candidate(s) [linkedin:10]
[scrape] [scan 129/205] Apex Group (sector: Fund Admin/Custody)
[scrape]   [linkedin] US-remote pass: +5 new for Apex Group
[scrape]   -> 23 new candidate(s) [linkedin:23]
[scrape] [scan 130/205] MUFG Investor Services (sector: Fund Admin/Custody)
[scrape]   [linkedin] US-remote pass: +3 new for MUFG Investor Services
[scrape]   -> 24 new candidate(s) [linkedin:24]
[scrape] [scan 131/205] TMX Group (sector: Market Infrastructure)
[scrape]   -> 17 new candidate(s) [linkedin:17]
[scrape] [scan 132/205] Fundserv (sector: Market Infrastructure)
[scrape]   -> 1 new candidate(s) [linkedin:1]
[scrape] [scan 133/205] Finastra (sector: Analytics & Risk Vendors)
[scrape]   [linkedin] US-remote pass: +11 new for Finastra
[scrape]   -> 14 new candidate(s) [linkedin:14]
[scrape] [scan 134/205] FIS Global (sector: Analytics & Risk Vendors)
[scrape]   [linkedin] US-remote pass: +13 new for FIS Global
[scrape]   -> 17 new candidate(s) [linkedin:17]
[scrape] [scan 135/205] Broadridge (sector: Analytics & Risk Vendors)
[scrape]   [linkedin] US-remote pass: +15 new for Broadridge
[scrape]   -> 19 new candidate(s) [linkedin:19]
[scrape] [scan 136/205] DTCC (sector: Market Infrastructure)
[scrape]   [linkedin] US-remote pass: +5 new for DTCC
[scrape]   -> 5 new candidate(s) [linkedin:5]
[scrape] [scan 137/205] Cboe Canada (sector: Market Infrastructure)
[scrape]   [linkedin] US-remote pass: +6 new for Cboe Canada
[scrape]   -> 5 new candidate(s) [linkedin:5]
[scrape] [scan 138/205] SAS Canada (sector: Analytics & Risk Vendors)
[scrape]   [linkedin] US-remote pass: +2 new for SAS Canada
[scrape]   -> 2 new candidate(s) [linkedin:2]
[scrape] [scan 139/205] Wolters Kluwer (sector: Analytics & Risk Vendors)
[scrape]   [linkedin] US-remote pass: +13 new for Wolters Kluwer
[scrape]   -> 13 new candidate(s) [linkedin:13]
[scrape] [scan 140/205] Nasdaq (sector: Analytics & Risk Vendors)
[scrape]   [linkedin] US-remote pass: +14 new for Nasdaq
[scrape]   -> 19 new candidate(s) [linkedin:19]
[scrape] [scan 141/205] Moody's Corporation (sector: Analytics & Risk Vendors)
[scrape]   [linkedin] US-remote pass: +11 new for Moody's Corporation
[scrape]   -> 12 new candidate(s) [linkedin:12]
[scrape] [scan 142/205] Qontigo (sector: Analytics & Risk Vendors)
[scrape]   -> 0 new candidate(s) [none]
[scrape] [scan 143/205] Quantifi (sector: Analytics & Risk Vendors)
[scrape]   -> 0 new candidate(s) [none]
[scrape] [scan 144/205] ION Group (sector: Analytics & Risk Vendors)
[scrape]   [linkedin] US-remote pass: +5 new for ION Group
[scrape]   -> 15 new candidate(s) [linkedin:15]
[scrape] [scan 145/205] Murex (sector: Analytics & Risk Vendors)
[scrape]   -> 1 new candidate(s) [linkedin:1]
[scrape] [scan 146/205] SS&C Technologies (Algorithmics) (sector: Analytics & Risk Vendors)
[scrape]   -> 0 new candidate(s) [none]
[scrape] [scan 149/205] Clearwater Analytics (sector: Analytics & Risk Vendors)
[scrape]   [linkedin] US-remote pass: +9 new for Clearwater Analytics
[scrape]   -> 9 new candidate(s) [linkedin:9]
[scrape] [scan 150/205] OSFI (sector: Regulators & Crown)
[scrape]   -> 0 new candidate(s) [none]
[scrape] [scan 151/205] Bank of Canada (sector: Regulators & Crown)
[scrape]   -> 34 new candidate(s) [sf:23, linkedin:11]
[scrape] [scan 152/205] CDIC (sector: Regulators & Crown)
[scrape]   -> 0 new candidate(s) [none]
[scrape] [scan 153/205] FSRA Ontario (sector: Regulators & Crown)
[scrape]   -> 1 new candidate(s) [linkedin:1]
[scrape] [scan 154/205] Ontario Securities Commission (sector: Regulators & Crown)
[scrape]   [linkedin] GTA-west pass: +2 new for Ontario Securities Commission
[scrape]   -> 3 new candidate(s) [linkedin:3]
[scrape] [scan 155/205] CMHC (sector: Regulators & Crown)
[scrape]   -> 54 new candidate(s) [sf:50, linkedin:4]
[scrape] [scan 156/205] EDC (sector: Regulators & Crown)
[scrape]   [linkedin] US-remote pass: +1 new for EDC
[scrape]   -> 1 new candidate(s) [linkedin:1]
[scrape] [scan 157/205] BDC (sector: Regulators & Crown)
[scrape]   -> 7 new candidate(s) [linkedin:7]
[scrape] [scan 158/205] CIRO (sector: Regulators & Crown)
[scrape]   -> 9 new candidate(s) [linkedin:9]
[scrape] [scan 159/205] Infrastructure Ontario (sector: Regulators & Crown)
[scrape]   -> 7 new candidate(s) [linkedin:7]
[scrape] [scan 160/205] Wealthsimple (sector: Fintech)
[scrape]   [linkedin] US-remote pass: +4 new for Wealthsimple
[scrape]   -> 12 new candidate(s) [linkedin:12]
[scrape] [scan 161/205] Questrade Financial Group (sector: Fintech)
[scrape]   -> 20 new candidate(s) [linkedin:20]
[scrape] [scan 162/205] Interac (sector: Fintech)
[scrape]   -> 18 new candidate(s) [linkedin:18]
[scrape] [scan 163/205] Moneris (sector: Fintech)
[scrape]   -> 14 new candidate(s) [linkedin:14]
[scrape] [scan 164/205] Nuvei (sector: Fintech)
[scrape]   -> 1 new candidate(s) [linkedin:1]
[scrape] [scan 165/205] Neo Financial (sector: Fintech)
[scrape]   [linkedin] GTA-west pass: +1 new for Neo Financial
[scrape]   -> 10 new candidate(s) [linkedin:10]
[scrape] [scan 166/205] Payments Canada (sector: Fintech)
[scrape]   -> 9 new candidate(s) [linkedin:9]
[scrape] [scan 167/205] Stripe (sector: Fintech)
[scrape]   [linkedin] US-remote pass: +29 new for Stripe
[scrape]   -> 64 new candidate(s) [greenhouse:10, linkedin:54]
[scrape] [scan 168/205] Affirm (sector: Fintech)
[scrape]   [linkedin] US-remote pass: +41 new for Affirm
[scrape]   -> 80 new candidate(s) [greenhouse:9, linkedin:71]
[scrape] [scan 169/205] Robinhood (sector: Fintech)
[scrape]   [linkedin] US-remote pass: +9 new for Robinhood
[scrape]   -> 11 new candidate(s) [greenhouse:2, linkedin:9]
[scrape] [scan 170/205] Point72 (sector: Hedge Funds / Alt AM)
[scrape]   [linkedin] US-remote pass: +7 new for Point72
[scrape]   -> 34 new candidate(s) [greenhouse:27, linkedin:7]
[scrape] [scan 171/205] SLC Management (sector: Canadian Asset Managers)
[scrape]   -> 6 new candidate(s) [linkedin:6]
[scrape] [scan 172/205] Manulife Investment Management (sector: Canadian Asset Managers)
[scrape]   [linkedin] GTA-west pass: +1 new for Manulife Investment Management
[scrape]   -> 9 new candidate(s) [linkedin:9]
[scrape] [scan 173/205] CIBC Asset Management (sector: Canadian Asset Managers)
[scrape]   [linkedin] US-remote pass: +4 new for CIBC Asset Management
[scrape]   -> 18 new candidate(s) [linkedin:18]
[scrape] [scan 174/205] Desjardins Global Asset Management (sector: Canadian Asset Managers)
[scrape]   -> 9 new candidate(s) [linkedin:9]
[scrape] [scan 175/205] Addenda Capital (sector: Canadian Asset Managers)
[scrape]   -> 0 new candidate(s) [none]
[scrape] [scan 176/205] Russell Investments Canada (sector: Canadian Asset Managers)
[scrape]   [linkedin] US-remote pass: +10 new for Russell Investments Canada
[scrape]   -> 10 new candidate(s) [linkedin:10]
[scrape] [scan 177/205] Mawer Investment Management (sector: Canadian Asset Managers)
[scrape]   [linkedin] 429 on 'model risk Mawer Investment Ma' page 0 — backing off 10s (attempt 1)
[scrape]   -> 2 new candidate(s) [linkedin:2]
[scrape] [scan 178/205] Verition Fund Management (sector: Hedge Funds / Alt AM)
[scrape]   -> 0 new candidate(s) [none]
[scrape] [scan 179/205] Marret Asset Management (sector: Hedge Funds / Alt AM)
[scrape]   -> 0 new candidate(s) [none]
[scrape] [scan 180/205] Hillsdale Investment Management (sector: Hedge Funds / Alt AM)
[scrape]   -> 1 new candidate(s) [linkedin:1]
[scrape] [scan 181/205] Anson Funds (sector: Hedge Funds / Alt AM)
[scrape]   -> 0 new candidate(s) [none]
[scrape] [scan 182/205] Balyasny Asset Management (sector: Hedge Funds / Alt AM)
[scrape]   -> 0 new candidate(s) [none]
[scrape] [scan 183/205] Citadel (sector: Hedge Funds / Alt AM)
[scrape]   [linkedin] US-remote pass: +11 new for Citadel
[scrape]   -> 10 new candidate(s) [linkedin:10]
[scrape] [scan 184/205] Sprott (sector: Hedge Funds / Alt AM)
[scrape]   -> 0 new candidate(s) [none]
[scrape] [scan 185/205] Onex (Onex Credit) (sector: Private Credit)
[scrape]   -> 3 new candidate(s) [linkedin:3]
[scrape] [scan 186/205] Canso Investment Counsel (sector: Private Credit)
[scrape]   -> 1 new candidate(s) [linkedin:1]
[scrape] [scan 187/205] Blackstone Credit (sector: Private Credit)
[scrape]   [linkedin] US-remote pass: +16 new for Blackstone Credit
[scrape]   -> 17 new candidate(s) [linkedin:17]
[scrape] [scan 188/205] Barings (sector: Private Credit)
[scrape]   [linkedin] US-remote pass: +4 new for Barings
[scrape]   -> 4 new candidate(s) [linkedin:4]
[scrape] [scan 189/205] Bank of America (sector: US Banks (Toronto))
[scrape]   [linkedin] US-remote pass: +11 new for Bank of America
[scrape]   -> 15 new candidate(s) [linkedin:15]
[scrape] [scan 190/205] MUFG Bank (Canada) (sector: US Banks (Toronto))
[scrape]   [linkedin] US-remote pass: +28 new for MUFG Bank (Canada)
[scrape]   -> 40 new candidate(s) [linkedin:40]
[scrape] [scan 191/205] UBS (sector: US Banks (Toronto))
[scrape]   [linkedin] US-remote pass: +1 new for UBS
[scrape]   -> 2 new candidate(s) [linkedin:2]
[scrape] [scan 192/205] Macquarie Group (sector: US Banks (Toronto))
[scrape]   [linkedin] US-remote pass: +7 new for Macquarie Group
[scrape]   -> 7 new candidate(s) [linkedin:7]
[scrape] [scan 193/205] SMBC (sector: US Banks (Toronto))
[scrape]   [linkedin] US-remote pass: +23 new for SMBC
[scrape]   -> 24 new candidate(s) [linkedin:24]
[scrape] [scan 194/205] Mizuho (sector: US Banks (Toronto))
[scrape]   [linkedin] US-remote pass: +26 new for Mizuho
[scrape]   -> 25 new candidate(s) [linkedin:25]
[scrape] [scan 195/205] PNC (Canada) (sector: US Banks (Toronto))
[scrape]   [linkedin] US-remote pass: +13 new for PNC (Canada)
[scrape]   -> 14 new candidate(s) [linkedin:14]
[scrape] [scan 196/205] Natixis CIB (sector: US Banks (Toronto))
[scrape]   [linkedin] US-remote pass: +6 new for Natixis CIB
[scrape]   -> 6 new candidate(s) [linkedin:6]
[scrape] [scan 197/205] Societe Generale (sector: US Banks (Toronto))
[scrape]   [linkedin] US-remote pass: +10 new for Societe Generale
[scrape]   -> 24 new candidate(s) [linkedin:24]
[scrape] [scan 198/205] BNP Paribas (sector: US Banks (Toronto))
[scrape]   [linkedin] US-remote pass: +10 new for BNP Paribas
[scrape]   -> 29 new candidate(s) [linkedin:29]
[scrape] [scan 199/205] WSIB (sector: Canadian Pension Funds)
[scrape]   -> 1 new candidate(s) [linkedin:1]
[scrape] [scan 200/205] University Pension Plan (sector: Canadian Pension Funds)
[scrape]   [linkedin] GTA-west pass: +1 new for University Pension Plan
[scrape]   [linkedin] US-remote pass: +5 new for University Pension Plan
[scrape]   -> 11 new candidate(s) [linkedin:11]
[scrape] [scan 201/205] UTAM (sector: Canadian Pension Funds)
[scrape]   -> 0 new candidate(s) [none]
[scrape] [scan 202/205] OPG Pension Fund (sector: Canadian Pension Funds)
[scrape]   -> 0 new candidate(s) [none]
[scrape] [scan 203/205] Ontario Pension Board (sector: Canadian Pension Funds)
[scrape]   -> 23 new candidate(s) [linkedin:23]
[scrape] [scan 204/205] Trans-Canada Capital (sector: Canadian Pension Funds)
[scrape]   -> 0 new candidate(s) [none]
[scrape] [scan 205/205] Fitch Ratings (sector: Analytics & Risk Vendors)
[scrape]   [linkedin] US-remote pass: +12 new for Fitch Ratings
[scrape]   -> 39 new candidate(s) [linkedin:39]
[scrape] [scan] Dedup: 4623 raw -> 3440 unique (-486 dup URL, -697 near-dup)
[scrape] [scan] Freshness: 481 newly-seen URL(s), 2959 previously seen.
[scrape] [scan] WARN: 34 companies returned 0 results (may need Workday config or LinkedIn fixes):
[scrape]     - BCI (British Columbia Investment Mgmt)
[scrape]     - Yields.io
[scrape]     - Abrigo
[scrape]     - Kamakura (SAS)
[scrape]     - Numerix
[scrape]     - Prometeia
[scrape]     - EQB
[scrape]     - Amex Bank of Canada
[scrape]     - Canada Guaranty
[scrape]     - Burgundy Asset Management
[scrape]     - 1832 Asset Management
[scrape]     - Horizons ETFs / Global X
[scrape]     - Polar Asset Management
[scrape]     - Algonquin Capital
[scrape]     - Lawrence Park Asset Management
[scrape]     - Waratah Capital Advisors
[scrape]     - Ninepoint Partners
[scrape]     - Trez Capital
[scrape]     - Romspen Investment Corporation
[scrape]     - Third Eye Capital
[scrape] 
[scrape] [scan] Wrote C:\Users\PC\OneDrive\Documents\GitHub\ApplyAgent\automation\outputs\scan_20260729.json
[scrape] [scan] Wrote C:\Users\PC\OneDrive\Documents\GitHub\ApplyAgent\automation\outputs\scan_20260729.md
[scrape] [scan] 3440 new candidates across 19 sectors.
[scrape] [scan] worklist rebuilt: 3664 rows (3327 scrape, 233 gmail, 104 both)
[stage 1.5] Rebuilding worklist (scrape ∪ recent Gmail pool)...
[worklist] 3664 rows (3327 scrape, 233 gmail, 104 both) · 870 new since last score
[stage 2] SKIPPED
[stage 3] SKIPPED

=== Pipeline 20260729_102254 complete ===
