# pipeline
# cmd: C:\Users\PC\AppData\Local\Programs\Python\Python311\python.exe C:\Users\PC\Documents\GitHub\ApplyAgent\automation\run_pipeline.py --scrape-mode full --skip-score --skip-promote
# started: 2026-07-03T13:57:02.929550

=== ApplyAgent pipeline 20260703_135703 ===
Mode: scrape=full skip_scrape=False skip_score=True skip_promote=True
[scrape] [scan] exclude-list dropped 9 target(s) before scan.
[scrape] [scan 1/196] HOOPP (sector: Canadian Pension Funds)
[scrape]   -> 29 new candidate(s) [workday:20, linkedin:9]
[scrape] [scan 2/196] OMERS (sector: Canadian Pension Funds)
[scrape]   -> 50 new candidate(s) [workday:24, linkedin:26]
[scrape] [scan 3/196] Ontario Teachers' Pension Plan (sector: Canadian Pension Funds)
[scrape]   -> 67 new candidate(s) [workday:30, linkedin:37]
[scrape] [scan 4/196] CPP Investments (sector: Canadian Pension Funds)
[scrape]   -> 28 new candidate(s) [workday:15, linkedin:13]
[scrape] [scan 5/196] PSP Investments (sector: Canadian Pension Funds)
[scrape]   -> 7 new candidate(s) [linkedin:7]
[scrape] [scan 6/196] OPTrust (sector: Canadian Pension Funds)
[scrape]   -> 9 new candidate(s) [workday:3, linkedin:6]
[scrape] [scan 7/196] CAAT Pension Plan (sector: Canadian Pension Funds)
[scrape]   -> 15 new candidate(s) [workday:6, linkedin:9]
[scrape] [scan 8/196] IMCO (sector: Canadian Pension Funds)
[scrape]   -> 9 new candidate(s) [linkedin:9]
[scrape] [scan 9/196] CDPQ (sector: Canadian Pension Funds)
[scrape]   -> 5 new candidate(s) [workday:5]
[scrape] [scan 10/196] AIMCo (sector: Canadian Pension Funds)
[scrape]   [linkedin] US-remote pass: +1 new for AIMCo
[scrape]   -> 6 new candidate(s) [workday:1, linkedin:5]
[scrape] [scan 11/196] BCI (British Columbia Investment Mgmt) (sector: Canadian Pension Funds)
[scrape]   -> 7 new candidate(s) [linkedin:7]
[scrape] [scan 12/196] Brookfield Asset Management (sector: Canadian Asset Managers)
[scrape]   [linkedin] US-remote pass: +16 new for Brookfield Asset Management
[scrape]   -> 84 new candidate(s) [workday:36, linkedin:48]
[scrape] [scan 13/196] CI Financial (sector: Canadian Asset Managers)
[scrape]   -> 12 new candidate(s) [linkedin:12]
[scrape] [scan 14/196] Mackenzie Investments (sector: Canadian Asset Managers)
[scrape]   [linkedin] GTA-west pass: +5 new for Mackenzie Investments
[scrape]   -> 8 new candidate(s) [linkedin:8]
[scrape] [scan 15/196] AGF Management (sector: Canadian Asset Managers)
[scrape]   -> 10 new candidate(s) [workday:5, linkedin:5]
[scrape] [scan 16/196] Fidelity Canada (sector: Canadian Asset Managers)
[scrape]   [linkedin] US-remote pass: +43 new for Fidelity Canada
[scrape]   -> 102 new candidate(s) [linkedin:102]
[scrape] [scan 17/196] Connor Clark & Lunn (sector: Canadian Asset Managers)
[scrape]   [linkedin] US-remote pass: +1 new for Connor Clark & Lunn
[scrape]   -> 14 new candidate(s) [linkedin:14]
[scrape] [scan 18/196] Guardian Capital Group (sector: Canadian Asset Managers)
[scrape]   [linkedin] US-remote pass: +2 new for Guardian Capital Group
[scrape]   -> 5 new candidate(s) [linkedin:5]
[scrape] [scan 19/196] Picton Mahoney Asset Management (sector: Canadian Asset Managers)
[scrape]   -> 5 new candidate(s) [linkedin:5]
[scrape] [scan 20/196] Canada Infrastructure Bank (sector: Canadian Asset Managers)
[scrape]   -> 13 new candidate(s) [greenhouse:3, linkedin:10]
[scrape] [scan 21/196] BlackRock (sector: US & Global Asset Managers)
[scrape]   [linkedin] US-remote pass: +40 new for BlackRock
[scrape]   -> 91 new candidate(s) [workday:51, linkedin:40]
[scrape] [scan 22/196] PIMCO (sector: US & Global Asset Managers)
[scrape]   [linkedin] US-remote pass: +15 new for PIMCO
[scrape]   -> 15 new candidate(s) [linkedin:15]
[scrape] [scan 23/196] Vanguard (sector: US & Global Asset Managers)
[scrape]   [linkedin] US-remote pass: +60 new for Vanguard
[scrape]   -> 75 new candidate(s) [workday:8, linkedin:67]
[scrape] [scan 24/196] Invesco (sector: US & Global Asset Managers)
[scrape]   [linkedin] US-remote pass: +26 new for Invesco
[scrape]   -> 55 new candidate(s) [workday:29, linkedin:26]
[scrape] [scan 25/196] Wellington Management (sector: US & Global Asset Managers)
[scrape]   [linkedin] US-remote pass: +26 new for Wellington Management
[scrape]   -> 72 new candidate(s) [workday:40, linkedin:32]
[scrape] [scan 26/196] Schroders (sector: US & Global Asset Managers)
[scrape]   [linkedin] US-remote pass: +1 new for Schroders
[scrape]   -> 1 new candidate(s) [linkedin:1]
[scrape] [scan 27/196] JPMorgan Chase (sector: US Banks (Toronto))
[scrape]   [linkedin] GTA-west pass: +1 new for JPMorgan Chase
[scrape]   [linkedin] US-remote pass: +37 new for JPMorgan Chase
[scrape]   -> 50 new candidate(s) [linkedin:50]
[scrape] [scan 28/196] Goldman Sachs (sector: US Banks (Toronto))
[scrape]   [linkedin] US-remote pass: +33 new for Goldman Sachs
[scrape]   -> 34 new candidate(s) [linkedin:34]
[scrape] [scan 29/196] Morgan Stanley (sector: US Banks (Toronto))
[scrape]   [linkedin] US-remote pass: +20 new for Morgan Stanley
[scrape]   -> 168 new candidate(s) [workday:141, linkedin:27]
[scrape] [scan 30/196] Citi (sector: US Banks (Toronto))
[scrape]   [linkedin] US-remote pass: +57 new for Citi
[scrape]   -> 95 new candidate(s) [phenom:3, linkedin:92]
[scrape] [scan 31/196] HSBC (sector: US Banks (Toronto))
[scrape]   [linkedin] US-remote pass: +3 new for HSBC
[scrape]   -> 4 new candidate(s) [linkedin:4]
[scrape] [scan 32/196] Deutsche Bank (sector: US Banks (Toronto))
[scrape]   [linkedin] US-remote pass: +32 new for Deutsche Bank
[scrape]   -> 84 new candidate(s) [workday:52, linkedin:32]
[scrape] [scan 33/196] BNY Mellon (sector: US Banks (Toronto))
[scrape]   [linkedin] US-remote pass: +32 new for BNY Mellon
[scrape]   -> 33 new candidate(s) [linkedin:33]
[scrape] [scan 34/196] State Street (sector: US Banks (Toronto))
[scrape]   [linkedin] US-remote pass: +46 new for State Street
[scrape]   -> 111 new candidate(s) [workday:49, linkedin:62]
[scrape] [scan 35/196] Northern Trust (sector: US Banks (Toronto))
[scrape]   [linkedin] US-remote pass: +23 new for Northern Trust
[scrape]   -> 92 new candidate(s) [workday:66, linkedin:26]
[scrape] [scan 36/196] Bloomberg (sector: Analytics & Risk Vendors)
[scrape]   [linkedin] US-remote pass: +22 new for Bloomberg
[scrape]   -> 22 new candidate(s) [linkedin:22]
[scrape] [scan 37/196] MSCI (sector: Analytics & Risk Vendors)
[scrape]   -> 2 new candidate(s) [linkedin:2]
[scrape] [scan 38/196] S&P Global (sector: Analytics & Risk Vendors)
[scrape]   [linkedin] US-remote pass: +13 new for S&P Global
[scrape]   -> 30 new candidate(s) [workday:15, linkedin:15]
[scrape] [scan 39/196] FactSet (sector: Analytics & Risk Vendors)
[scrape]   -> 1 new candidate(s) [linkedin:1]
[scrape] [scan 40/196] Morningstar DBRS (sector: Analytics & Risk Vendors)
[scrape]   [linkedin] US-remote pass: +5 new for Morningstar DBRS
[scrape]   -> 13 new candidate(s) [linkedin:13]
[scrape] [scan 41/196] Yields.io (sector: Analytics & Risk Vendors)
[scrape]   -> 0 new candidate(s) [none]
[scrape] [scan 42/196] Abrigo (sector: Analytics & Risk Vendors)
[scrape]   -> 0 new candidate(s) [none]
[scrape] [scan 43/196] nCino (sector: Analytics & Risk Vendors)
[scrape]   [linkedin] US-remote pass: +1 new for nCino
[scrape]   -> 2 new candidate(s) [linkedin:2]
[scrape] [scan 44/196] Kamakura (SAS) (sector: Analytics & Risk Vendors)
[scrape]   -> 0 new candidate(s) [none]
[scrape] [scan 45/196] Beacon Platform (sector: Analytics & Risk Vendors)
[scrape]   [linkedin] US-remote pass: +1 new for Beacon Platform
[scrape]   -> 4 new candidate(s) [linkedin:4]
[scrape] [scan 46/196] SS&C Technologies (sector: Analytics & Risk Vendors)
[scrape]   [linkedin] US-remote pass: +13 new for SS&C Technologies
[scrape]   -> 53 new candidate(s) [workday:20, linkedin:33]
[scrape] [scan 47/196] Numerix (sector: Analytics & Risk Vendors)
[scrape]   [linkedin] US-remote pass: +1 new for Numerix
[scrape]   -> 2 new candidate(s) [linkedin:2]
[scrape] [scan 48/196] Prometeia (sector: Analytics & Risk Vendors)
[scrape]   -> 0 new candidate(s) [none]
[scrape] [scan 49/196] Manulife (sector: Canadian Insurers)
[scrape]   [linkedin] US-remote pass: +3 new for Manulife
[scrape]   -> 55 new candidate(s) [workday:17, linkedin:38]
[scrape] [scan 50/196] Sun Life (sector: Canadian Insurers)
[scrape]   [linkedin] US-remote pass: +10 new for Sun Life
[scrape]   -> 54 new candidate(s) [workday:5, linkedin:49]
[scrape] [scan 51/196] Canada Life (sector: Canadian Insurers)
[scrape]   -> 66 new candidate(s) [sf:24, linkedin:42]
[scrape] [scan 52/196] Intact Financial (sector: Canadian Insurers)
[scrape]   [linkedin] US-remote pass: +5 new for Intact Financial
[scrape]   -> 23 new candidate(s) [linkedin:23]
[scrape] [scan 53/196] Definity Financial (sector: Canadian Insurers)
[scrape]   -> 1 new candidate(s) [linkedin:1]
[scrape] [scan 54/196] iA Financial Group (sector: Canadian Insurers)
[scrape]   -> 12 new candidate(s) [workday:5, linkedin:7]
[scrape] [scan 55/196] RGA (sector: Canadian Insurers)
[scrape]   [linkedin] US-remote pass: +7 new for RGA
[scrape]   -> 23 new candidate(s) [workday:15, linkedin:8]
[scrape] [scan 56/196] EQB (sector: Mid Canadian Banks)
[scrape]   -> 0 new candidate(s) [none]
[scrape] [scan 57/196] Deloitte Canada (sector: Big 4 Risk Advisory)
[scrape]   [linkedin] US-remote pass: +30 new for Deloitte Canada
[scrape]   -> 201 new candidate(s) [sf:101, linkedin:100]
[scrape] [scan 58/196] EY Canada (sector: Big 4 Risk Advisory)
[scrape]   -> 15 new candidate(s) [sf:15]
[scrape] [scan 59/196] KPMG Canada (sector: Big 4 Risk Advisory)
[scrape]   [linkedin] GTA-west pass: +2 new for KPMG Canada
[scrape]   [linkedin] US-remote pass: +19 new for KPMG Canada
[scrape]   -> 98 new candidate(s) [linkedin:98]
[scrape] [scan 60/196] PwC Canada (sector: Big 4 Risk Advisory)
[scrape]   [linkedin] GTA-west pass: +5 new for PwC Canada
[scrape]   [linkedin] US-remote pass: +25 new for PwC Canada
[scrape]   -> 60 new candidate(s) [linkedin:60]
[scrape] [scan 61/196] Mercer (sector: Pension/ALM Consulting)
[scrape]   [linkedin] US-remote pass: +27 new for Mercer
[scrape]   -> 42 new candidate(s) [linkedin:42]
[scrape] [scan 62/196] WTW (sector: Pension/ALM Consulting)
[scrape]   -> 8 new candidate(s) [linkedin:8]
[scrape] [scan 63/196] Aon (sector: Pension/ALM Consulting)
[scrape]   [linkedin] US-remote pass: +21 new for Aon
[scrape]   -> 50 new candidate(s) [linkedin:50]
[scrape] [scan 64/196] Oliver Wyman (sector: FS Strategy Consulting)
[scrape]   [linkedin] US-remote pass: +29 new for Oliver Wyman
[scrape]   -> 40 new candidate(s) [linkedin:40]
[scrape] [scan 65/196] Fairstone Bank (sector: Mid Canadian Banks)
[scrape]   [linkedin] GTA-west pass: +1 new for Fairstone Bank
[scrape]   -> 10 new candidate(s) [linkedin:10]
[scrape] [scan 66/196] Home Trust (sector: Mid Canadian Banks)
[scrape]   -> 3 new candidate(s) [linkedin:3]
[scrape] [scan 67/196] Haventree Bank (sector: Mid Canadian Banks)
[scrape]   -> 10 new candidate(s) [linkedin:10]
[scrape] [scan 68/196] Laurentian Bank of Canada (sector: Mid Canadian Banks)
[scrape]   -> 15 new candidate(s) [linkedin:15]
[scrape] [scan 69/196] Tangerine Bank (sector: Mid Canadian Banks)
[scrape]   -> 8 new candidate(s) [linkedin:8]
[scrape] [scan 70/196] Amex Bank of Canada (sector: Mid Canadian Banks)
[scrape]   -> 0 new candidate(s) [none]
[scrape] [scan 71/196] Rogers Bank (sector: Mid Canadian Banks)
[scrape]   -> 10 new candidate(s) [linkedin:10]
[scrape] [scan 72/196] Canadian Tire Bank (sector: Mid Canadian Banks)
[scrape]   -> 25 new candidate(s) [linkedin:25]
[scrape] [scan 73/196] Manulife Bank (sector: Mid Canadian Banks)
[scrape]   -> 32 new candidate(s) [linkedin:32]
[scrape] [scan 74/196] RFA Bank of Canada (sector: Mid Canadian Banks)
[scrape]   -> 0 new candidate(s) [none]
[scrape] [scan 75/196] Fairfax Financial Holdings (sector: Canadian Insurers)
[scrape]   [linkedin] US-remote pass: +1 new for Fairfax Financial Holdings
[scrape]   -> 1 new candidate(s) [linkedin:1]
[scrape] [scan 76/196] ivari (sector: Canadian Insurers)
[scrape]   -> 12 new candidate(s) [linkedin:12]
[scrape] [scan 77/196] Foresters Financial (sector: Canadian Insurers)
[scrape]   [linkedin] US-remote pass: +6 new for Foresters Financial
[scrape]   -> 10 new candidate(s) [linkedin:10]
[scrape] [scan 78/196] Empire Life (sector: Canadian Insurers)
[scrape]   [linkedin] US-remote pass: +7 new for Empire Life
[scrape]   -> 8 new candidate(s) [linkedin:8]
[scrape] [scan 79/196] Equitable Life of Canada (sector: Canadian Insurers)
[scrape]   [linkedin] US-remote pass: +12 new for Equitable Life of Canada
[scrape]   -> 21 new candidate(s) [linkedin:21]
[scrape] [scan 80/196] Aviva Canada (sector: Canadian Insurers)
[scrape]   -> 53 new candidate(s) [linkedin:53]
[scrape] [scan 81/196] Co-operators (sector: Canadian Insurers)
[scrape]   -> 40 new candidate(s) [linkedin:40]
[scrape] [scan 82/196] Wawanesa Insurance (sector: Canadian Insurers)
[scrape]   -> 10 new candidate(s) [linkedin:10]
[scrape] [scan 83/196] Northbridge Financial (sector: Canadian Insurers)
[scrape]   -> 2 new candidate(s) [linkedin:2]
[scrape] [scan 84/196] Munich Re Canada (sector: Canadian Insurers)
[scrape]   [linkedin] US-remote pass: +21 new for Munich Re Canada
[scrape]   -> 35 new candidate(s) [linkedin:35]
[scrape] [scan 85/196] Swiss Re Canada (sector: Canadian Insurers)
[scrape]   [linkedin] US-remote pass: +13 new for Swiss Re Canada
[scrape]   -> 22 new candidate(s) [linkedin:22]
[scrape] [scan 86/196] Trisura Group (sector: Canadian Insurers)
[scrape]   [linkedin] US-remote pass: +1 new for Trisura Group
[scrape]   -> 9 new candidate(s) [linkedin:9]
[scrape] [scan 87/196] Canada Guaranty (sector: Canadian Insurers)
[scrape]   -> 0 new candidate(s) [none]
[scrape] [scan 88/196] Sagen MI Canada (sector: Canadian Insurers)
[scrape]   -> 1 new candidate(s) [linkedin:1]
[scrape] [scan 89/196] MCAP Financial (sector: Mortgage Lenders)
[scrape]   [linkedin] GTA-west pass: +1 new for MCAP Financial
[scrape]   -> 1 new candidate(s) [linkedin:1]
[scrape] [scan 90/196] First National Financial (sector: Mortgage Lenders)
[scrape]   [linkedin] US-remote pass: +3 new for First National Financial
[scrape]   -> 7 new candidate(s) [linkedin:7]
[scrape] [scan 91/196] CMLS Financial (sector: Mortgage Lenders)
[scrape]   -> 7 new candidate(s) [linkedin:7]
[scrape] [scan 92/196] Element Fleet Management (sector: Non-Bank Lenders)
[scrape]   [linkedin] GTA-west pass: +3 new for Element Fleet Management
[scrape]   -> 9 new candidate(s) [linkedin:9]
[scrape] [scan 93/196] Ford Credit Canada (sector: Non-Bank Lenders)
[scrape]   [linkedin] US-remote pass: +11 new for Ford Credit Canada
[scrape]   -> 14 new candidate(s) [linkedin:14]
[scrape] [scan 94/196] Hyundai Capital Canada (sector: Non-Bank Lenders)
[scrape]   [linkedin] US-remote pass: +24 new for Hyundai Capital Canada
[scrape]   -> 32 new candidate(s) [linkedin:32]
[scrape] [scan 95/196] Toyota Financial Services Canada (sector: Non-Bank Lenders)
[scrape]   [linkedin] US-remote pass: +23 new for Toyota Financial Services Canada
[scrape]   -> 33 new candidate(s) [linkedin:33]
[scrape] [scan 96/196] Fiera Capital (sector: Canadian Asset Managers)
[scrape]   -> 16 new candidate(s) [linkedin:16]
[scrape] [scan 97/196] Beutel Goodman (sector: Canadian Asset Managers)
[scrape]   -> 0 new candidate(s) [none]
[scrape] [scan 98/196] Burgundy Asset Management (sector: Canadian Asset Managers)
[scrape]   -> 0 new candidate(s) [none]
[scrape] [scan 99/196] 1832 Asset Management (sector: Canadian Asset Managers)
[scrape]   -> 0 new candidate(s) [none]
[scrape] [scan 100/196] Purpose Investments (sector: Canadian Asset Managers)
[scrape]   -> 5 new candidate(s) [linkedin:5]
[scrape] [scan 101/196] Horizons ETFs / Global X (sector: Canadian Asset Managers)
[scrape]   -> 0 new candidate(s) [none]
[scrape] [scan 102/196] Franklin Templeton Canada (sector: US & Global Asset Managers)
[scrape]   [linkedin] US-remote pass: +15 new for Franklin Templeton Canada
[scrape]   -> 15 new candidate(s) [linkedin:15]
[scrape] [scan 103/196] Polar Asset Management (sector: Hedge Funds / Alt AM)
[scrape]   -> 0 new candidate(s) [none]
[scrape] [scan 104/196] RPIA (sector: Hedge Funds / Alt AM)
[scrape]   -> 5 new candidate(s) [linkedin:5]
[scrape] [scan 105/196] Algonquin Capital (sector: Hedge Funds / Alt AM)
[scrape]   -> 2 new candidate(s) [linkedin:2]
[scrape] [scan 106/196] Lawrence Park Asset Management (sector: Hedge Funds / Alt AM)
[scrape]   -> 0 new candidate(s) [none]
[scrape] [scan 107/196] Waratah Capital Advisors (sector: Hedge Funds / Alt AM)
[scrape]   -> 0 new candidate(s) [none]
[scrape] [scan 108/196] Sagard Holdings (sector: Private Credit)
[scrape]   [linkedin] GTA-west pass: +1 new for Sagard Holdings
[scrape]   -> 3 new candidate(s) [linkedin:3]
[scrape] [scan 109/196] Northleaf Capital Partners (sector: Private Credit)
[scrape]   -> 1 new candidate(s) [linkedin:1]
[scrape] [scan 110/196] KingSett Capital (sector: Private Credit)
[scrape]   [linkedin] GTA-west pass: +1 new for KingSett Capital
[scrape]   -> 3 new candidate(s) [linkedin:3]
[scrape] [scan 111/196] Ninepoint Partners (sector: Private Credit)
[scrape]   -> 0 new candidate(s) [none]
[scrape] [scan 112/196] Trez Capital (sector: Private Credit)
[scrape]   -> 0 new candidate(s) [none]
[scrape] [scan 113/196] Romspen Investment Corporation (sector: Private Credit)
[scrape]   -> 1 new candidate(s) [linkedin:1]
[scrape] [scan 114/196] Antares Capital (sector: Private Credit)
[scrape]   [linkedin] US-remote pass: +1 new for Antares Capital
[scrape]   -> 1 new candidate(s) [linkedin:1]
[scrape] [scan 115/196] Third Eye Capital (sector: Private Credit)
[scrape]   -> 0 new candidate(s) [none]
[scrape] [scan 116/196] CIBC Mellon (sector: Fund Admin/Custody)
[scrape]   [linkedin] US-remote pass: +3 new for CIBC Mellon
[scrape]   -> 33 new candidate(s) [linkedin:33]
[scrape] [scan 117/196] RBC Investor Services (sector: Fund Admin/Custody)
[scrape]   [linkedin] US-remote pass: +21 new for RBC Investor Services
[scrape]   -> 68 new candidate(s) [linkedin:68]
[scrape] [scan 118/196] Citco Fund Services (sector: Fund Admin/Custody)
[scrape]   [linkedin] US-remote pass: +15 new for Citco Fund Services
[scrape]   -> 51 new candidate(s) [linkedin:51]
[scrape] [scan 119/196] SEI Investments Canada (sector: Fund Admin/Custody)
[scrape]   [linkedin] US-remote pass: +10 new for SEI Investments Canada
[scrape]   -> 9 new candidate(s) [linkedin:9]
[scrape] [scan 120/196] Apex Group (sector: Fund Admin/Custody)
[scrape]   [linkedin] US-remote pass: +11 new for Apex Group
[scrape]   -> 20 new candidate(s) [linkedin:20]
[scrape] [scan 121/196] MUFG Investor Services (sector: Fund Admin/Custody)
[scrape]   [linkedin] US-remote pass: +10 new for MUFG Investor Services
[scrape]   -> 20 new candidate(s) [linkedin:20]
[scrape] [scan 122/196] TMX Group (sector: Market Infrastructure)
[scrape]   [linkedin] GTA-west pass: +2 new for TMX Group
[scrape]   -> 27 new candidate(s) [linkedin:27]
[scrape] [scan 123/196] Fundserv (sector: Market Infrastructure)
[scrape]   -> 0 new candidate(s) [none]
[scrape] [scan 124/196] Finastra (sector: Analytics & Risk Vendors)
[scrape]   [linkedin] US-remote pass: +7 new for Finastra
[scrape]   -> 13 new candidate(s) [linkedin:13]
[scrape] [scan 125/196] FIS Global (sector: Analytics & Risk Vendors)
[scrape]   [linkedin] US-remote pass: +11 new for FIS Global
[scrape]   -> 13 new candidate(s) [linkedin:13]
[scrape] [scan 126/196] Broadridge (sector: Analytics & Risk Vendors)
[scrape]   [linkedin] US-remote pass: +38 new for Broadridge
[scrape]   -> 45 new candidate(s) [linkedin:45]
[scrape] [scan 127/196] DTCC (sector: Market Infrastructure)
[scrape]   [linkedin] US-remote pass: +5 new for DTCC
[scrape]   -> 5 new candidate(s) [linkedin:5]
[scrape] [scan 128/196] Cboe Canada (sector: Market Infrastructure)
[scrape]   [linkedin] US-remote pass: +3 new for Cboe Canada
[scrape]   -> 3 new candidate(s) [linkedin:3]
[scrape] [scan 129/196] SAS Canada (sector: Analytics & Risk Vendors)
[scrape]   -> 0 new candidate(s) [none]
[scrape] [scan 130/196] Wolters Kluwer (sector: Analytics & Risk Vendors)
[scrape]   [linkedin] US-remote pass: +16 new for Wolters Kluwer
[scrape]   -> 15 new candidate(s) [linkedin:15]
[scrape] [scan 131/196] Nasdaq (sector: Analytics & Risk Vendors)
[scrape]   [linkedin] US-remote pass: +11 new for Nasdaq
[scrape]   -> 16 new candidate(s) [linkedin:16]
[scrape] [scan 132/196] Moody's Corporation (sector: Analytics & Risk Vendors)
[scrape]   [linkedin] US-remote pass: +17 new for Moody's Corporation
[scrape]   -> 18 new candidate(s) [linkedin:18]
[scrape] [scan 133/196] Qontigo (sector: Analytics & Risk Vendors)
[scrape]   -> 0 new candidate(s) [none]
[scrape] [scan 134/196] Quantifi (sector: Analytics & Risk Vendors)
[scrape]   -> 0 new candidate(s) [none]
[scrape] [scan 135/196] ION Group (sector: Analytics & Risk Vendors)
[scrape]   [linkedin] US-remote pass: +1 new for ION Group
[scrape]   -> 5 new candidate(s) [linkedin:5]
[scrape] [scan 136/196] Murex (sector: Analytics & Risk Vendors)
[scrape]   -> 1 new candidate(s) [linkedin:1]
[scrape] [scan 137/196] SS&C Technologies (Algorithmics) (sector: Analytics & Risk Vendors)
[scrape]   -> 0 new candidate(s) [none]
[scrape] [scan 140/196] Clearwater Analytics (sector: Analytics & Risk Vendors)
[scrape]   -> 0 new candidate(s) [none]
[scrape] [scan 141/196] OSFI (sector: Regulators & Crown)
[scrape]   -> 0 new candidate(s) [none]
[scrape] [scan 142/196] Bank of Canada (sector: Regulators & Crown)
[scrape]   -> 43 new candidate(s) [sf:31, linkedin:12]
[scrape] [scan 143/196] CDIC (sector: Regulators & Crown)
[scrape]   -> 0 new candidate(s) [none]
[scrape] [scan 144/196] FSRA Ontario (sector: Regulators & Crown)
[scrape]   -> 0 new candidate(s) [none]
[scrape] [scan 145/196] Ontario Securities Commission (sector: Regulators & Crown)
[scrape]   -> 4 new candidate(s) [linkedin:4]
[scrape] [scan 146/196] CMHC (sector: Regulators & Crown)
[scrape]   -> 39 new candidate(s) [sf:39]
[scrape] [scan 147/196] EDC (sector: Regulators & Crown)
[scrape]   [linkedin] US-remote pass: +1 new for EDC
[scrape]   -> 1 new candidate(s) [linkedin:1]
[scrape] [scan 148/196] BDC (sector: Regulators & Crown)
[scrape]   -> 17 new candidate(s) [linkedin:17]
[scrape] [scan 149/196] CIRO (sector: Regulators & Crown)
[scrape]   -> 20 new candidate(s) [linkedin:20]
[scrape] [scan 150/196] Infrastructure Ontario (sector: Regulators & Crown)
[scrape]   [linkedin] US-remote pass: +1 new for Infrastructure Ontario
[scrape]   -> 11 new candidate(s) [linkedin:11]
[scrape] [scan 151/196] Wealthsimple (sector: Fintech)
[scrape]   [linkedin] US-remote pass: +2 new for Wealthsimple
[scrape]   -> 10 new candidate(s) [linkedin:10]
[scrape] [scan 152/196] Questrade Financial Group (sector: Fintech)
[scrape]   -> 26 new candidate(s) [linkedin:26]
[scrape] [scan 153/196] Interac (sector: Fintech)
[scrape]   -> 15 new candidate(s) [linkedin:15]
[scrape] [scan 154/196] Moneris (sector: Fintech)
[scrape]   -> 20 new candidate(s) [linkedin:20]
[scrape] [scan 155/196] Nuvei (sector: Fintech)
[scrape]   [linkedin] US-remote pass: +2 new for Nuvei
[scrape]   -> 4 new candidate(s) [linkedin:4]
[scrape] [scan 156/196] Neo Financial (sector: Fintech)
[scrape]   [linkedin] GTA-west pass: +2 new for Neo Financial
[scrape]   -> 19 new candidate(s) [linkedin:19]
[scrape] [scan 157/196] Payments Canada (sector: Fintech)
[scrape]   -> 9 new candidate(s) [linkedin:9]
[scrape] [scan 158/196] Stripe (sector: Fintech)
[scrape]   [linkedin] US-remote pass: +40 new for Stripe
[scrape]   -> 68 new candidate(s) [greenhouse:6, linkedin:62]
[scrape] [scan 159/196] Affirm (sector: Fintech)
[scrape]   [linkedin] US-remote pass: +73 new for Affirm
[scrape]   -> 137 new candidate(s) [greenhouse:17, linkedin:120]
[scrape] [scan 160/196] Robinhood (sector: Fintech)
[scrape]   [linkedin] US-remote pass: +3 new for Robinhood
[scrape]   -> 11 new candidate(s) [greenhouse:1, linkedin:10]
[scrape] [scan 161/196] Point72 (sector: Hedge Funds / Alt AM)
[scrape]   [linkedin] US-remote pass: +14 new for Point72
[scrape]   -> 42 new candidate(s) [greenhouse:28, linkedin:14]
[scrape] [scan 162/196] SLC Management (sector: Canadian Asset Managers)
[scrape]   -> 0 new candidate(s) [none]
[scrape] [scan 163/196] Manulife Investment Management (sector: Canadian Asset Managers)
[scrape]   [linkedin] US-remote pass: +3 new for Manulife Investment Management
[scrape]   -> 32 new candidate(s) [linkedin:32]
[scrape] [scan 164/196] CIBC Asset Management (sector: Canadian Asset Managers)
[scrape]   [linkedin] GTA-west pass: +1 new for CIBC Asset Management
[scrape]   [linkedin] US-remote pass: +2 new for CIBC Asset Management
[scrape]   -> 21 new candidate(s) [linkedin:21]
[scrape] [scan 165/196] Desjardins Global Asset Management (sector: Canadian Asset Managers)
[scrape]   [linkedin] GTA-west pass: +1 new for Desjardins Global Asset Management
[scrape]   -> 28 new candidate(s) [linkedin:28]
[scrape] [scan 166/196] Addenda Capital (sector: Canadian Asset Managers)
[scrape]   -> 3 new candidate(s) [linkedin:3]
[scrape] [scan 167/196] Russell Investments Canada (sector: Canadian Asset Managers)
[scrape]   [linkedin] US-remote pass: +6 new for Russell Investments Canada
[scrape]   -> 6 new candidate(s) [linkedin:6]
[scrape] [scan 168/196] Mawer Investment Management (sector: Canadian Asset Managers)
[scrape]   -> 0 new candidate(s) [none]
[scrape] [scan 169/196] Verition Fund Management (sector: Hedge Funds / Alt AM)
[scrape]   [linkedin] US-remote pass: +3 new for Verition Fund Management
[scrape]   -> 3 new candidate(s) [linkedin:3]
[scrape] [scan 170/196] Marret Asset Management (sector: Hedge Funds / Alt AM)
[scrape]   -> 0 new candidate(s) [none]
[scrape] [scan 171/196] Hillsdale Investment Management (sector: Hedge Funds / Alt AM)
[scrape]   -> 2 new candidate(s) [linkedin:2]
[scrape] [scan 172/196] Anson Funds (sector: Hedge Funds / Alt AM)
[scrape]   -> 0 new candidate(s) [none]
[scrape] [scan 173/196] Balyasny Asset Management (sector: Hedge Funds / Alt AM)
[scrape]   [linkedin] US-remote pass: +2 new for Balyasny Asset Management
[scrape]   -> 2 new candidate(s) [linkedin:2]
[scrape] [scan 174/196] Citadel (sector: Hedge Funds / Alt AM)
[scrape]   [linkedin] US-remote pass: +7 new for Citadel
[scrape]   -> 6 new candidate(s) [linkedin:6]
[scrape] [scan 175/196] Sprott (sector: Hedge Funds / Alt AM)
[scrape]   -> 0 new candidate(s) [none]
[scrape] [scan 176/196] Onex (Onex Credit) (sector: Private Credit)
[scrape]   -> 2 new candidate(s) [linkedin:2]
[scrape] [scan 177/196] Canso Investment Counsel (sector: Private Credit)
[scrape]   -> 1 new candidate(s) [linkedin:1]
[scrape] [scan 178/196] Blackstone Credit (sector: Private Credit)
[scrape]   [linkedin] US-remote pass: +28 new for Blackstone Credit
[scrape]   -> 29 new candidate(s) [linkedin:29]
[scrape] [scan 179/196] Barings (sector: Private Credit)
[scrape]   -> 0 new candidate(s) [none]
[scrape] [scan 180/196] Bank of America (sector: US Banks (Toronto))
[scrape]   [linkedin] US-remote pass: +23 new for Bank of America
[scrape]   -> 27 new candidate(s) [linkedin:27]
[scrape] [scan 181/196] MUFG Bank (Canada) (sector: US Banks (Toronto))
[scrape]   [linkedin] US-remote pass: +17 new for MUFG Bank (Canada)
[scrape]   -> 28 new candidate(s) [linkedin:28]
[scrape] [scan 182/196] UBS (sector: US Banks (Toronto))
[scrape]   [linkedin] US-remote pass: +13 new for UBS
[scrape]   -> 14 new candidate(s) [linkedin:14]
[scrape] [scan 183/196] Macquarie Group (sector: US Banks (Toronto))
[scrape]   [linkedin] US-remote pass: +21 new for Macquarie Group
[scrape]   -> 21 new candidate(s) [linkedin:21]
[scrape] [scan 184/196] SMBC (sector: US Banks (Toronto))
[scrape]   [linkedin] US-remote pass: +22 new for SMBC
[scrape]   -> 22 new candidate(s) [linkedin:22]
[scrape] [scan 185/196] Mizuho (sector: US Banks (Toronto))
[scrape]   [linkedin] US-remote pass: +10 new for Mizuho
[scrape]   -> 10 new candidate(s) [linkedin:10]
[scrape] [scan 186/196] PNC (Canada) (sector: US Banks (Toronto))
[scrape]   [linkedin] US-remote pass: +29 new for PNC (Canada)
[scrape]   -> 30 new candidate(s) [linkedin:30]
[scrape] [scan 187/196] Natixis CIB (sector: US Banks (Toronto))
[scrape]   [linkedin] US-remote pass: +10 new for Natixis CIB
[scrape]   -> 10 new candidate(s) [linkedin:10]
[scrape] [scan 188/196] Societe Generale (sector: US Banks (Toronto))
[scrape]   [linkedin] US-remote pass: +18 new for Societe Generale
[scrape]   -> 22 new candidate(s) [linkedin:22]
[scrape] [scan 189/196] BNP Paribas (sector: US Banks (Toronto))
[scrape]   [linkedin] US-remote pass: +13 new for BNP Paribas
[scrape]   -> 31 new candidate(s) [linkedin:31]
[scrape] [scan 190/196] WSIB (sector: Canadian Pension Funds)
[scrape]   -> 0 new candidate(s) [none]
[scrape] [scan 191/196] University Pension Plan (sector: Canadian Pension Funds)
[scrape]   -> 4 new candidate(s) [linkedin:4]
[scrape] [scan 192/196] UTAM (sector: Canadian Pension Funds)
[scrape]   -> 0 new candidate(s) [none]
[scrape] [scan 193/196] OPG Pension Fund (sector: Canadian Pension Funds)
[scrape]   -> 0 new candidate(s) [none]
[scrape] [scan 194/196] Ontario Pension Board (sector: Canadian Pension Funds)
[scrape]   -> 35 new candidate(s) [linkedin:35]
[scrape] [scan 195/196] Trans-Canada Capital (sector: Canadian Pension Funds)
[scrape]   -> 1 new candidate(s) [linkedin:1]
[scrape] [scan 196/196] Fitch Ratings (sector: Analytics & Risk Vendors)
[scrape]   [linkedin] US-remote pass: +21 new for Fitch Ratings
[scrape]   -> 57 new candidate(s) [linkedin:57]
[scrape] [scan] Dedup: 4139 raw -> 3203 unique (-141 dup URL, -795 near-dup)
[scrape] [scan] Freshness: 1235 newly-seen URL(s), 1968 previously seen.
[scrape] [scan] WARN: 36 companies returned 0 results (may need Workday config or LinkedIn fixes):
[scrape]     - Yields.io
[scrape]     - Abrigo
[scrape]     - Kamakura (SAS)
[scrape]     - Prometeia
[scrape]     - EQB
[scrape]     - Amex Bank of Canada
[scrape]     - RFA Bank of Canada
[scrape]     - Canada Guaranty
[scrape]     - Beutel Goodman
[scrape]     - Burgundy Asset Management
[scrape]     - 1832 Asset Management
[scrape]     - Horizons ETFs / Global X
[scrape]     - Polar Asset Management
[scrape]     - Lawrence Park Asset Management
[scrape]     - Waratah Capital Advisors
[scrape]     - Ninepoint Partners
[scrape]     - Trez Capital
[scrape]     - Third Eye Capital
[scrape]     - Fundserv
[scrape]     - SAS Canada
[scrape] 
[scrape] [scan] Wrote C:\Users\PC\Documents\GitHub\ApplyAgent\automation\outputs\scan_20260703.json
[scrape] [scan] Wrote C:\Users\PC\Documents\GitHub\ApplyAgent\automation\outputs\scan_20260703.md
[scrape] [scan] 3203 new candidates across 18 sectors.
[scrape] [scan] worklist rebuilt: 3237 rows (3182 scrape, 38 gmail, 17 both)
[stage 1.5] Rebuilding worklist (scrape ∪ recent Gmail pool)...
[worklist] 3237 rows (3182 scrape, 38 gmail, 17 both) · 1497 new since last score
[stage 2] SKIPPED
[stage 3] SKIPPED

=== Pipeline 20260703_135703 complete ===
