# pipeline
# cmd: C:\Users\PC\AppData\Local\Programs\Python\Python311\python.exe C:\Users\PC\Documents\GitHub\ApplyAgent\automation\run_pipeline.py --scrape-mode full --skip-score --skip-promote
# started: 2026-06-24T20:27:47.012507

=== ApplyAgent pipeline 20260624_202747 ===
Mode: scrape=full skip_scrape=False skip_score=True skip_promote=True
[scrape] [scan 1/198] Scotiabank (sector: Canadian Big 6 Banks)
[scrape]   [linkedin] US-remote pass: +3 new for Scotiabank
[scrape]   -> 223 new candidate(s) [sf:101, linkedin:122]
[scrape] [scan 2/198] RBC (sector: Canadian Big 6 Banks)
[scrape]   [linkedin] US-remote pass: +3 new for RBC
[scrape]   -> 89 new candidate(s) [linkedin:89]
[scrape] [scan 3/198] TD Bank (sector: Canadian Big 6 Banks)
[scrape]   -> 98 new candidate(s) [workday:98]
[scrape] [scan 4/198] BMO (sector: Canadian Big 6 Banks)
[scrape]   [linkedin] US-remote pass: +11 new for BMO
[scrape]   -> 260 new candidate(s) [workday:163, linkedin:97]
[scrape] [scan 5/198] CIBC (sector: Canadian Big 6 Banks)
[scrape]   [linkedin] US-remote pass: +8 new for CIBC
[scrape]   -> 164 new candidate(s) [workday:86, linkedin:78]
[scrape] [scan 6/198] National Bank of Canada (sector: Canadian Big 6 Banks)
[scrape]   -> 18 new candidate(s) [linkedin:18]
[scrape] [scan 7/198] HOOPP (sector: Canadian Pension Funds)
[scrape]   -> 28 new candidate(s) [workday:19, linkedin:9]
[scrape] [scan 8/198] OMERS (sector: Canadian Pension Funds)
[scrape]   [linkedin] US-remote pass: +1 new for OMERS
[scrape]   -> 57 new candidate(s) [workday:24, linkedin:33]
[scrape] [scan 9/198] Ontario Teachers' Pension Plan (sector: Canadian Pension Funds)
[scrape]   -> 66 new candidate(s) [workday:30, linkedin:36]
[scrape] [scan 10/198] CPP Investments (sector: Canadian Pension Funds)
[scrape]   -> 48 new candidate(s) [workday:29, linkedin:19]
[scrape] [scan 11/198] PSP Investments (sector: Canadian Pension Funds)
[scrape]   -> 0 new candidate(s) [none]
[scrape] [scan 12/198] OPTrust (sector: Canadian Pension Funds)
[scrape]   -> 11 new candidate(s) [workday:4, linkedin:7]
[scrape] [scan 13/198] CAAT Pension Plan (sector: Canadian Pension Funds)
[scrape]   -> 16 new candidate(s) [workday:7, linkedin:9]
[scrape] [scan 14/198] IMCO (sector: Canadian Pension Funds)
[scrape]   -> 7 new candidate(s) [linkedin:7]
[scrape] [scan 15/198] CDPQ (sector: Canadian Pension Funds)
[scrape]   -> 6 new candidate(s) [workday:6]
[scrape] [scan 16/198] Brookfield Asset Management (sector: Canadian Asset Managers)
[scrape]   [linkedin] US-remote pass: +12 new for Brookfield Asset Management
[scrape]   -> 78 new candidate(s) [workday:40, linkedin:38]
[scrape] [scan 17/198] RBC Global Asset Management (sector: Canadian Asset Managers)
[scrape]   -> 26 new candidate(s) [linkedin:26]
[scrape] [scan 18/198] TD Asset Management (sector: Canadian Asset Managers)
[scrape]   -> 98 new candidate(s) [workday:98]
[scrape] [scan 19/198] BMO Asset Management (sector: Canadian Asset Managers)
[scrape]   -> 245 new candidate(s) [workday:163, linkedin:82]
[scrape] [scan 20/198] CI Financial (sector: Canadian Asset Managers)
[scrape]   -> 10 new candidate(s) [linkedin:10]
[scrape] [scan 21/198] Mackenzie Investments (sector: Canadian Asset Managers)
[scrape]   -> 10 new candidate(s) [linkedin:10]
[scrape] [scan 22/198] AGF Management (sector: Canadian Asset Managers)
[scrape]   -> 10 new candidate(s) [workday:5, linkedin:5]
[scrape] [scan 23/198] Fidelity Canada (sector: Canadian Asset Managers)
[scrape]   [linkedin] US-remote pass: +36 new for Fidelity Canada
[scrape]   -> 74 new candidate(s) [linkedin:74]
[scrape] [scan 24/198] Connor Clark & Lunn (sector: Canadian Asset Managers)
[scrape]   [linkedin] GTA-west pass: +4 new for Connor Clark & Lunn
[scrape]   -> 20 new candidate(s) [linkedin:20]
[scrape] [scan 25/198] Guardian Capital Group (sector: Canadian Asset Managers)
[scrape]   [linkedin] US-remote pass: +2 new for Guardian Capital Group
[scrape]   -> 5 new candidate(s) [linkedin:5]
[scrape] [scan 26/198] Picton Mahoney Asset Management (sector: Canadian Asset Managers)
[scrape]   -> 4 new candidate(s) [linkedin:4]
[scrape] [scan 27/198] Canada Infrastructure Bank (sector: Canadian Asset Managers)
[scrape]   -> 9 new candidate(s) [greenhouse:2, linkedin:7]
[scrape] [scan 28/198] BlackRock (sector: US & Global Asset Managers)
[scrape]   [linkedin] US-remote pass: +10 new for BlackRock
[scrape]   -> 67 new candidate(s) [workday:57, linkedin:10]
[scrape] [scan 29/198] PIMCO (sector: US & Global Asset Managers)
[scrape]   [linkedin] US-remote pass: +20 new for PIMCO
[scrape]   -> 18 new candidate(s) [linkedin:18]
[scrape] [scan 30/198] Vanguard (sector: US & Global Asset Managers)
[scrape]   [linkedin] US-remote pass: +20 new for Vanguard
[scrape]   -> 35 new candidate(s) [workday:8, linkedin:27]
[scrape] [scan 31/198] Invesco (sector: US & Global Asset Managers)
[scrape]   [linkedin] US-remote pass: +10 new for Invesco
[scrape]   -> 36 new candidate(s) [workday:26, linkedin:10]
[scrape] [scan 32/198] Wellington Management (sector: US & Global Asset Managers)
[scrape]   [linkedin] US-remote pass: +16 new for Wellington Management
[scrape]   -> 61 new candidate(s) [workday:40, linkedin:21]
[scrape] [scan 33/198] Schroders (sector: US & Global Asset Managers)
[scrape]   -> 0 new candidate(s) [none]
[scrape] [scan 34/198] JPMorgan Chase (sector: US Banks (Toronto))
[scrape]   [linkedin] US-remote pass: +19 new for JPMorgan Chase
[scrape]   -> 31 new candidate(s) [linkedin:31]
[scrape] [scan 35/198] Goldman Sachs (sector: US Banks (Toronto))
[scrape]   [linkedin] US-remote pass: +10 new for Goldman Sachs
[scrape]   -> 12 new candidate(s) [linkedin:12]
[scrape] [scan 36/198] Morgan Stanley (sector: US Banks (Toronto))
[scrape]   [linkedin] US-remote pass: +19 new for Morgan Stanley
[scrape]   -> 161 new candidate(s) [workday:138, linkedin:23]
[scrape] [scan 37/198] Citi (sector: US Banks (Toronto))
[scrape]   [linkedin] US-remote pass: +1 new for Citi
[scrape]   -> 51 new candidate(s) [phenom:6, linkedin:45]
[scrape] [scan 38/198] HSBC (sector: US Banks (Toronto))
[scrape]   [linkedin] US-remote pass: +1 new for HSBC
[scrape]   -> 3 new candidate(s) [linkedin:3]
[scrape] [scan 39/198] Deutsche Bank (sector: US Banks (Toronto))
[scrape]   [linkedin] US-remote pass: +22 new for Deutsche Bank
[scrape]   -> 68 new candidate(s) [workday:46, linkedin:22]
[scrape] [scan 40/198] BNY Mellon (sector: US Banks (Toronto))
[scrape]   [linkedin] US-remote pass: +9 new for BNY Mellon
[scrape]   -> 10 new candidate(s) [linkedin:10]
[scrape] [scan 41/198] State Street (sector: US Banks (Toronto))
[scrape]   [linkedin] US-remote pass: +24 new for State Street
[scrape]   -> 94 new candidate(s) [workday:49, linkedin:45]
[scrape] [scan 42/198] Northern Trust (sector: US Banks (Toronto))
[scrape]   [linkedin] US-remote pass: +12 new for Northern Trust
[scrape]   -> 75 new candidate(s) [workday:60, linkedin:15]
[scrape] [scan 43/198] Bloomberg (sector: Analytics & Risk Vendors)
[scrape]   [linkedin] US-remote pass: +22 new for Bloomberg
[scrape]   -> 23 new candidate(s) [linkedin:23]
[scrape] [scan 44/198] MSCI (sector: Analytics & Risk Vendors)
[scrape]   [linkedin] US-remote pass: +2 new for MSCI
[scrape]   -> 4 new candidate(s) [linkedin:4]
[scrape] [scan 45/198] S&P Global (sector: Analytics & Risk Vendors)
[scrape]   [linkedin] US-remote pass: +20 new for S&P Global
[scrape]   -> 40 new candidate(s) [workday:16, linkedin:24]
[scrape] [scan 46/198] FactSet (sector: Analytics & Risk Vendors)
[scrape]   [linkedin] US-remote pass: +12 new for FactSet
[scrape]   -> 13 new candidate(s) [linkedin:13]
[scrape] [scan 47/198] Morningstar DBRS (sector: Analytics & Risk Vendors)
[scrape]   -> 7 new candidate(s) [linkedin:7]
[scrape] [scan 48/198] SS&C Technologies (sector: Analytics & Risk Vendors)
[scrape]   [linkedin] US-remote pass: +20 new for SS&C Technologies
[scrape]   -> 58 new candidate(s) [workday:17, linkedin:41]
[scrape] [scan 49/198] Numerix (sector: Analytics & Risk Vendors)
[scrape]   [linkedin] US-remote pass: +1 new for Numerix
[scrape]   -> 2 new candidate(s) [linkedin:2]
[scrape] [scan 50/198] Prometeia (sector: Analytics & Risk Vendors)
[scrape]   -> 0 new candidate(s) [none]
[scrape] [scan 51/198] Manulife (sector: Canadian Insurers)
[scrape]   [linkedin] US-remote pass: +4 new for Manulife
[scrape]   -> 54 new candidate(s) [workday:21, linkedin:33]
[scrape] [scan 52/198] Sun Life (sector: Canadian Insurers)
[scrape]   [linkedin] US-remote pass: +8 new for Sun Life
[scrape]   -> 50 new candidate(s) [workday:8, linkedin:42]
[scrape] [scan 53/198] Canada Life (sector: Canadian Insurers)
[scrape]   [linkedin] US-remote pass: +14 new for Canada Life
[scrape]   -> 91 new candidate(s) [sf:29, linkedin:62]
[scrape] [scan 54/198] Intact Financial (sector: Canadian Insurers)
[scrape]   -> 30 new candidate(s) [linkedin:30]
[scrape] [scan 55/198] Definity Financial (sector: Canadian Insurers)
[scrape]   -> 0 new candidate(s) [none]
[scrape] [scan 56/198] iA Financial Group (sector: Canadian Insurers)
[scrape]   -> 14 new candidate(s) [workday:6, linkedin:8]
[scrape] [scan 57/198] RGA (sector: Canadian Insurers)
[scrape]   -> 12 new candidate(s) [workday:12]
[scrape] [scan 58/198] EQB (sector: Mid Canadian Banks)
[scrape]   -> 0 new candidate(s) [none]
[scrape] [scan 59/198] Deloitte Canada (sector: Big 4 Risk Advisory)
[scrape]   [linkedin] US-remote pass: +48 new for Deloitte Canada
[scrape]   -> 202 new candidate(s) [sf:95, linkedin:107]
[scrape] [scan 60/198] EY Canada (sector: Big 4 Risk Advisory)
[scrape]   -> 16 new candidate(s) [sf:16]
[scrape] [scan 61/198] KPMG Canada (sector: Big 4 Risk Advisory)
[scrape]   [linkedin] GTA-west pass: +3 new for KPMG Canada
[scrape]   [linkedin] US-remote pass: +2 new for KPMG Canada
[scrape]   -> 93 new candidate(s) [linkedin:93]
[scrape] [scan 62/198] PwC Canada (sector: Big 4 Risk Advisory)
[scrape]   [linkedin] GTA-west pass: +4 new for PwC Canada
[scrape]   -> 27 new candidate(s) [linkedin:27]
[scrape] [scan 63/198] Mercer (sector: Pension/ALM Consulting)
[scrape]   [linkedin] US-remote pass: +20 new for Mercer
[scrape]   -> 31 new candidate(s) [linkedin:31]
[scrape] [scan 64/198] WTW (sector: Pension/ALM Consulting)
[scrape]   [linkedin] US-remote pass: +12 new for WTW
[scrape]   -> 19 new candidate(s) [linkedin:19]
[scrape] [scan 65/198] Aon (sector: Pension/ALM Consulting)
[scrape]   [linkedin] GTA-west pass: +1 new for Aon
[scrape]   [linkedin] US-remote pass: +61 new for Aon
[scrape]   -> 70 new candidate(s) [linkedin:70]
[scrape] [scan 66/198] Oliver Wyman (sector: FS Strategy Consulting)
[scrape]   [linkedin] US-remote pass: +9 new for Oliver Wyman
[scrape]   -> 21 new candidate(s) [linkedin:21]
[scrape] [scan 67/198] Fairstone Bank (sector: Mid Canadian Banks)
[scrape]   [linkedin] GTA-west pass: +1 new for Fairstone Bank
[scrape]   -> 16 new candidate(s) [linkedin:16]
[scrape] [scan 68/198] Home Trust (sector: Mid Canadian Banks)
[scrape]   -> 0 new candidate(s) [none]
[scrape] [scan 69/198] Haventree Bank (sector: Mid Canadian Banks)
[scrape]   -> 9 new candidate(s) [linkedin:9]
[scrape] [scan 70/198] Laurentian Bank of Canada (sector: Mid Canadian Banks)
[scrape]   -> 10 new candidate(s) [linkedin:10]
[scrape] [scan 71/198] Tangerine Bank (sector: Mid Canadian Banks)
[scrape]   -> 8 new candidate(s) [linkedin:8]
[scrape] [scan 72/198] Amex Bank of Canada (sector: Mid Canadian Banks)
[scrape]   -> 0 new candidate(s) [none]
[scrape] [scan 73/198] Rogers Bank (sector: Mid Canadian Banks)
[scrape]   -> 7 new candidate(s) [linkedin:7]
[scrape] [scan 74/198] Canadian Tire Bank (sector: Mid Canadian Banks)
[scrape]   -> 21 new candidate(s) [linkedin:21]
[scrape] [scan 75/198] Manulife Bank (sector: Mid Canadian Banks)
[scrape]   [linkedin] US-remote pass: +1 new for Manulife Bank
[scrape]   -> 35 new candidate(s) [linkedin:35]
[scrape] [scan 76/198] RFA Bank of Canada (sector: Mid Canadian Banks)
[scrape]   -> 1 new candidate(s) [linkedin:1]
[scrape] [scan 77/198] Fairfax Financial Holdings (sector: Canadian Insurers)
[scrape]   [linkedin] US-remote pass: +1 new for Fairfax Financial Holdings
[scrape]   -> 1 new candidate(s) [linkedin:1]
[scrape] [scan 78/198] ivari (sector: Canadian Insurers)
[scrape]   -> 11 new candidate(s) [linkedin:11]
[scrape] [scan 79/198] Foresters Financial (sector: Canadian Insurers)
[scrape]   [linkedin] US-remote pass: +7 new for Foresters Financial
[scrape]   -> 17 new candidate(s) [linkedin:17]
[scrape] [scan 80/198] Empire Life (sector: Canadian Insurers)
[scrape]   -> 10 new candidate(s) [linkedin:10]
[scrape] [scan 81/198] Equitable Life of Canada (sector: Canadian Insurers)
[scrape]   [linkedin] GTA-west pass: +3 new for Equitable Life of Canada
[scrape]   -> 3 new candidate(s) [linkedin:3]
[scrape] [scan 82/198] Aviva Canada (sector: Canadian Insurers)
[scrape]   -> 50 new candidate(s) [linkedin:50]
[scrape] [scan 83/198] Co-operators (sector: Canadian Insurers)
[scrape]   [linkedin] GTA-west pass: +3 new for Co-operators
[scrape]   -> 36 new candidate(s) [linkedin:36]
[scrape] [scan 84/198] Wawanesa Insurance (sector: Canadian Insurers)
[scrape]   -> 2 new candidate(s) [linkedin:2]
[scrape] [scan 85/198] Northbridge Financial (sector: Canadian Insurers)
[scrape]   -> 1 new candidate(s) [linkedin:1]
[scrape] [scan 86/198] Munich Re Canada (sector: Canadian Insurers)
[scrape]   [linkedin] US-remote pass: +18 new for Munich Re Canada
[scrape]   -> 27 new candidate(s) [linkedin:27]
[scrape] [scan 87/198] Swiss Re Canada (sector: Canadian Insurers)
[scrape]   [linkedin] US-remote pass: +9 new for Swiss Re Canada
[scrape]   -> 18 new candidate(s) [linkedin:18]
[scrape] [scan 88/198] Trisura Group (sector: Canadian Insurers)
[scrape]   [linkedin] US-remote pass: +1 new for Trisura Group
[scrape]   -> 9 new candidate(s) [linkedin:9]
[scrape] [scan 89/198] Canada Guaranty (sector: Canadian Insurers)
[scrape]   -> 0 new candidate(s) [none]
[scrape] [scan 90/198] Sagen MI Canada (sector: Canadian Insurers)
[scrape]   -> 0 new candidate(s) [none]
[scrape] [scan 91/198] MCAP Financial (sector: Mortgage Lenders)
[scrape]   -> 6 new candidate(s) [linkedin:6]
[scrape] [scan 92/198] First National Financial (sector: Mortgage Lenders)
[scrape]   -> 9 new candidate(s) [linkedin:9]
[scrape] [scan 93/198] CMLS Financial (sector: Mortgage Lenders)
[scrape]   -> 6 new candidate(s) [linkedin:6]
[scrape] [scan 94/198] Element Fleet Management (sector: Non-Bank Lenders)
[scrape]   -> 6 new candidate(s) [linkedin:6]
[scrape] [scan 95/198] Ford Credit Canada (sector: Non-Bank Lenders)
[scrape]   -> 2 new candidate(s) [linkedin:2]
[scrape] [scan 96/198] Hyundai Capital Canada (sector: Non-Bank Lenders)
[scrape]   -> 6 new candidate(s) [linkedin:6]
[scrape] [scan 97/198] Toyota Financial Services Canada (sector: Non-Bank Lenders)
[scrape]   -> 3 new candidate(s) [linkedin:3]
[scrape] [scan 98/198] Fiera Capital (sector: Canadian Asset Managers)
[scrape]   -> 15 new candidate(s) [linkedin:15]
[scrape] [scan 99/198] Beutel Goodman (sector: Canadian Asset Managers)
[scrape]   -> 0 new candidate(s) [none]
[scrape] [scan 100/198] Burgundy Asset Management (sector: Canadian Asset Managers)
[scrape]   -> 0 new candidate(s) [none]
[scrape] [scan 101/198] 1832 Asset Management (sector: Canadian Asset Managers)
[scrape]   -> 0 new candidate(s) [none]
[scrape] [scan 102/198] Purpose Investments (sector: Canadian Asset Managers)
[scrape]   -> 6 new candidate(s) [linkedin:6]
[scrape] [scan 103/198] Horizons ETFs / Global X (sector: Canadian Asset Managers)
[scrape]   -> 0 new candidate(s) [none]
[scrape] [scan 104/198] Franklin Templeton Canada (sector: US & Global Asset Managers)
[scrape]   [linkedin] US-remote pass: +5 new for Franklin Templeton Canada
[scrape]   -> 5 new candidate(s) [linkedin:5]
[scrape] [scan 105/198] Polar Asset Management (sector: Hedge Funds / Alt AM)
[scrape]   -> 0 new candidate(s) [none]
[scrape] [scan 106/198] RPIA (sector: Hedge Funds / Alt AM)
[scrape]   -> 5 new candidate(s) [linkedin:5]
[scrape] [scan 107/198] Algonquin Capital (sector: Hedge Funds / Alt AM)
[scrape]   -> 0 new candidate(s) [none]
[scrape] [scan 108/198] Lawrence Park Asset Management (sector: Hedge Funds / Alt AM)
[scrape]   -> 0 new candidate(s) [none]
[scrape] [scan 109/198] Waratah Capital Advisors (sector: Hedge Funds / Alt AM)
[scrape]   -> 0 new candidate(s) [none]
[scrape] [scan 110/198] Sagard Holdings (sector: Private Credit)
[scrape]   -> 3 new candidate(s) [linkedin:3]
[scrape] [scan 111/198] Northleaf Capital Partners (sector: Private Credit)
[scrape]   -> 0 new candidate(s) [none]
[scrape] [scan 112/198] KingSett Capital (sector: Private Credit)
[scrape]   [linkedin] GTA-west pass: +1 new for KingSett Capital
[scrape]   -> 3 new candidate(s) [linkedin:3]
[scrape] [scan 113/198] Ninepoint Partners (sector: Private Credit)
[scrape]   -> 0 new candidate(s) [none]
[scrape] [scan 114/198] Trez Capital (sector: Private Credit)
[scrape]   -> 0 new candidate(s) [none]
[scrape] [scan 115/198] Romspen Investment Corporation (sector: Private Credit)
[scrape]   -> 0 new candidate(s) [none]
[scrape] [scan 116/198] Antares Capital (sector: Private Credit)
[scrape]   [linkedin] US-remote pass: +2 new for Antares Capital
[scrape]   -> 2 new candidate(s) [linkedin:2]
[scrape] [scan 117/198] Third Eye Capital (sector: Private Credit)
[scrape]   -> 0 new candidate(s) [none]
[scrape] [scan 118/198] CIBC Mellon (sector: Fund Admin/Custody)
[scrape]   [linkedin] GTA-west pass: +1 new for CIBC Mellon
[scrape]   -> 36 new candidate(s) [linkedin:36]
[scrape] [scan 119/198] RBC Investor Services (sector: Fund Admin/Custody)
[scrape]   [linkedin] US-remote pass: +15 new for RBC Investor Services
[scrape]   -> 34 new candidate(s) [linkedin:34]
[scrape] [scan 120/198] Citco Fund Services (sector: Fund Admin/Custody)
[scrape]   [linkedin] US-remote pass: +9 new for Citco Fund Services
[scrape]   -> 41 new candidate(s) [linkedin:41]
[scrape] [scan 121/198] SEI Investments Canada (sector: Fund Admin/Custody)
[scrape]   -> 0 new candidate(s) [none]
[scrape] [scan 122/198] Apex Group (sector: Fund Admin/Custody)
[scrape]   [linkedin] US-remote pass: +11 new for Apex Group
[scrape]   -> 28 new candidate(s) [linkedin:28]
[scrape] [scan 123/198] MUFG Investor Services (sector: Fund Admin/Custody)
[scrape]   -> 13 new candidate(s) [linkedin:13]
[scrape] [scan 124/198] TMX Group (sector: Market Infrastructure)
[scrape]   -> 18 new candidate(s) [linkedin:18]
[scrape] [scan 125/198] Fundserv (sector: Market Infrastructure)
[scrape]   -> 1 new candidate(s) [linkedin:1]
[scrape] [scan 126/198] Finastra (sector: Analytics & Risk Vendors)
[scrape]   [linkedin] US-remote pass: +5 new for Finastra
[scrape]   -> 10 new candidate(s) [linkedin:10]
[scrape] [scan 127/198] FIS Global (sector: Analytics & Risk Vendors)
[scrape]   -> 3 new candidate(s) [linkedin:3]
[scrape] [scan 128/198] Broadridge (sector: Analytics & Risk Vendors)
[scrape]   [linkedin] US-remote pass: +23 new for Broadridge
[scrape]   -> 32 new candidate(s) [linkedin:32]
[scrape] [scan 129/198] DTCC (sector: Market Infrastructure)
[scrape]   -> 0 new candidate(s) [none]
[scrape] [scan 130/198] Cboe Canada (sector: Market Infrastructure)
[scrape]   [linkedin] US-remote pass: +8 new for Cboe Canada
[scrape]   -> 8 new candidate(s) [linkedin:8]
[scrape] [scan 131/198] SAS Canada (sector: Analytics & Risk Vendors)
[scrape]   -> 1 new candidate(s) [linkedin:1]
[scrape] [scan 132/198] Wolters Kluwer (sector: Analytics & Risk Vendors)
[scrape]   [linkedin] US-remote pass: +22 new for Wolters Kluwer
[scrape]   -> 21 new candidate(s) [linkedin:21]
[scrape] [scan 133/198] Nasdaq (sector: Analytics & Risk Vendors)
[scrape]   [linkedin] US-remote pass: +11 new for Nasdaq
[scrape]   -> 17 new candidate(s) [linkedin:17]
[scrape] [scan 134/198] Moody's Corporation (sector: Analytics & Risk Vendors)
[scrape]   [linkedin] US-remote pass: +12 new for Moody's Corporation
[scrape]   -> 13 new candidate(s) [linkedin:13]
[scrape] [scan 135/198] Qontigo (sector: Analytics & Risk Vendors)
[scrape]   -> 0 new candidate(s) [none]
[scrape] [scan 136/198] Quantifi (sector: Analytics & Risk Vendors)
[scrape]   -> 0 new candidate(s) [none]
[scrape] [scan 137/198] ION Group (sector: Analytics & Risk Vendors)
[scrape]   -> 2 new candidate(s) [linkedin:2]
[scrape] [scan 138/198] Murex (sector: Analytics & Risk Vendors)
[scrape]   -> 2 new candidate(s) [linkedin:2]
[scrape] [scan 139/198] SS&C Technologies (Algorithmics) (sector: Analytics & Risk Vendors)
[scrape]   -> 0 new candidate(s) [none]
[scrape] [scan 142/198] Clearwater Analytics (sector: Analytics & Risk Vendors)
[scrape]   [linkedin] US-remote pass: +8 new for Clearwater Analytics
[scrape]   -> 8 new candidate(s) [linkedin:8]
[scrape] [scan 143/198] OSFI (sector: Regulators & Crown)
[scrape]   -> 0 new candidate(s) [none]
[scrape] [scan 144/198] Bank of Canada (sector: Regulators & Crown)
[scrape]   -> 51 new candidate(s) [sf:36, linkedin:15]
[scrape] [scan 145/198] CDIC (sector: Regulators & Crown)
[scrape]   -> 1 new candidate(s) [linkedin:1]
[scrape] [scan 146/198] FSRA Ontario (sector: Regulators & Crown)
[scrape]   -> 0 new candidate(s) [none]
[scrape] [scan 147/198] Ontario Securities Commission (sector: Regulators & Crown)
[scrape]   -> 3 new candidate(s) [linkedin:3]
[scrape] [scan 148/198] CMHC (sector: Regulators & Crown)
[scrape]   -> 44 new candidate(s) [sf:43, linkedin:1]
[scrape] [scan 149/198] EDC (sector: Regulators & Crown)
[scrape]   -> 0 new candidate(s) [none]
[scrape] [scan 150/198] BDC (sector: Regulators & Crown)
[scrape]   -> 11 new candidate(s) [linkedin:11]
[scrape] [scan 151/198] CIRO (sector: Regulators & Crown)
[scrape]   -> 13 new candidate(s) [linkedin:13]
[scrape] [scan 152/198] Infrastructure Ontario (sector: Regulators & Crown)
[scrape]   [linkedin] US-remote pass: +1 new for Infrastructure Ontario
[scrape]   -> 8 new candidate(s) [linkedin:8]
[scrape] [scan 153/198] Wealthsimple (sector: Fintech)
[scrape]   [linkedin] US-remote pass: +2 new for Wealthsimple
[scrape]   -> 5 new candidate(s) [linkedin:5]
[scrape] [scan 154/198] Questrade Financial Group (sector: Fintech)
[scrape]   -> 40 new candidate(s) [linkedin:40]
[scrape] [scan 155/198] Interac (sector: Fintech)
[scrape]   -> 15 new candidate(s) [linkedin:15]
[scrape] [scan 156/198] Moneris (sector: Fintech)
[scrape]   -> 8 new candidate(s) [linkedin:8]
[scrape] [scan 157/198] Nuvei (sector: Fintech)
[scrape]   -> 0 new candidate(s) [none]
[scrape] [scan 158/198] Neo Financial (sector: Fintech)
[scrape]   -> 19 new candidate(s) [linkedin:19]
[scrape] [scan 159/198] Payments Canada (sector: Fintech)
[scrape]   -> 2 new candidate(s) [linkedin:2]
[scrape] [scan 160/198] Stripe (sector: Fintech)
[scrape]   [linkedin] US-remote pass: +30 new for Stripe
[scrape]   -> 53 new candidate(s) [greenhouse:6, linkedin:47]
[scrape] [scan 161/198] Affirm (sector: Fintech)
[scrape]   [linkedin] US-remote pass: +65 new for Affirm
[scrape]   -> 121 new candidate(s) [greenhouse:16, linkedin:105]
[scrape] [scan 162/198] Robinhood (sector: Fintech)
[scrape]   -> 7 new candidate(s) [greenhouse:1, linkedin:6]
[scrape] [scan 163/198] Point72 (sector: Hedge Funds / Alt AM)
[scrape]   -> 29 new candidate(s) [greenhouse:29]
[scrape] [scan 164/198] SLC Management (sector: Canadian Asset Managers)
[scrape]   -> 2 new candidate(s) [linkedin:2]
[scrape] [scan 165/198] Manulife Investment Management (sector: Canadian Asset Managers)
[scrape]   [linkedin] US-remote pass: +3 new for Manulife Investment Management
[scrape]   -> 34 new candidate(s) [linkedin:34]
[scrape] [scan 166/198] CIBC Asset Management (sector: Canadian Asset Managers)
[scrape]   [linkedin] US-remote pass: +3 new for CIBC Asset Management
[scrape]   -> 33 new candidate(s) [linkedin:33]
[scrape] [scan 167/198] Desjardins Global Asset Management (sector: Canadian Asset Managers)
[scrape]   -> 12 new candidate(s) [linkedin:12]
[scrape] [scan 168/198] Addenda Capital (sector: Canadian Asset Managers)
[scrape]   -> 1 new candidate(s) [linkedin:1]
[scrape] [scan 169/198] Russell Investments Canada (sector: Canadian Asset Managers)
[scrape]   -> 0 new candidate(s) [none]
[scrape] [scan 170/198] Mawer Investment Management (sector: Canadian Asset Managers)
[scrape]   -> 0 new candidate(s) [none]
[scrape] [scan 171/198] Verition Fund Management (sector: Hedge Funds / Alt AM)
[scrape]   [linkedin] US-remote pass: +2 new for Verition Fund Management
[scrape]   -> 2 new candidate(s) [linkedin:2]
[scrape] [scan 172/198] Marret Asset Management (sector: Hedge Funds / Alt AM)
[scrape]   -> 0 new candidate(s) [none]
[scrape] [scan 173/198] Hillsdale Investment Management (sector: Hedge Funds / Alt AM)
[scrape]   [linkedin] US-remote pass: +1 new for Hillsdale Investment Management
[scrape]   -> 3 new candidate(s) [linkedin:3]
[scrape] [scan 174/198] Anson Funds (sector: Hedge Funds / Alt AM)
[scrape]   -> 0 new candidate(s) [none]
[scrape] [scan 175/198] Balyasny Asset Management (sector: Hedge Funds / Alt AM)
[scrape]   -> 0 new candidate(s) [none]
[scrape] [scan 176/198] Citadel (sector: Hedge Funds / Alt AM)
[scrape]   [linkedin] US-remote pass: +7 new for Citadel
[scrape]   -> 3 new candidate(s) [linkedin:3]
[scrape] [scan 177/198] Sprott (sector: Hedge Funds / Alt AM)
[scrape]   -> 0 new candidate(s) [none]
[scrape] [scan 178/198] Onex (Onex Credit) (sector: Private Credit)
[scrape]   -> 1 new candidate(s) [linkedin:1]
[scrape] [scan 179/198] Canso Investment Counsel (sector: Private Credit)
[scrape]   -> 1 new candidate(s) [linkedin:1]
[scrape] [scan 180/198] Blackstone Credit (sector: Private Credit)
[scrape]   -> 1 new candidate(s) [linkedin:1]
[scrape] [scan 181/198] Barings (sector: Private Credit)
[scrape]   -> 0 new candidate(s) [none]
[scrape] [scan 182/198] Bank of America (sector: US Banks (Toronto))
[scrape]   [linkedin] US-remote pass: +10 new for Bank of America
[scrape]   -> 13 new candidate(s) [linkedin:13]
[scrape] [scan 183/198] MUFG Bank (Canada) (sector: US Banks (Toronto))
[scrape]   [linkedin] GTA-west pass: +1 new for MUFG Bank (Canada)
[scrape]   [linkedin] US-remote pass: +13 new for MUFG Bank (Canada)
[scrape]   -> 25 new candidate(s) [linkedin:25]
[scrape] [scan 184/198] UBS (sector: US Banks (Toronto))
[scrape]   -> 2 new candidate(s) [linkedin:2]
[scrape] [scan 185/198] Macquarie Group (sector: US Banks (Toronto))
[scrape]   [linkedin] US-remote pass: +9 new for Macquarie Group
[scrape]   -> 9 new candidate(s) [linkedin:9]
[scrape] [scan 186/198] SMBC (sector: US Banks (Toronto))
[scrape]   [linkedin] US-remote pass: +17 new for SMBC
[scrape]   -> 16 new candidate(s) [linkedin:16]
[scrape] [scan 187/198] Mizuho (sector: US Banks (Toronto))
[scrape]   [linkedin] US-remote pass: +19 new for Mizuho
[scrape]   -> 19 new candidate(s) [linkedin:19]
[scrape] [scan 188/198] PNC (Canada) (sector: US Banks (Toronto))
[scrape]   -> 1 new candidate(s) [linkedin:1]
[scrape] [scan 189/198] Natixis CIB (sector: US Banks (Toronto))
[scrape]   [linkedin] US-remote pass: +8 new for Natixis CIB
[scrape]   -> 8 new candidate(s) [linkedin:8]
[scrape] [scan 190/198] Societe Generale (sector: US Banks (Toronto))
[scrape]   [linkedin] US-remote pass: +4 new for Societe Generale
[scrape]   -> 4 new candidate(s) [linkedin:4]
[scrape] [scan 191/198] BNP Paribas (sector: US Banks (Toronto))
[scrape]   [linkedin] US-remote pass: +1 new for BNP Paribas
[scrape]   -> 1 new candidate(s) [linkedin:1]
[scrape] [scan 192/198] WSIB (sector: Canadian Pension Funds)
[scrape]   -> 0 new candidate(s) [none]
[scrape] [scan 193/198] University Pension Plan (sector: Canadian Pension Funds)
[scrape]   -> 4 new candidate(s) [linkedin:4]
[scrape] [scan 194/198] UTAM (sector: Canadian Pension Funds)
[scrape]   -> 0 new candidate(s) [none]
[scrape] [scan 195/198] OPG Pension Fund (sector: Canadian Pension Funds)
[scrape]   -> 0 new candidate(s) [none]
[scrape] [scan 196/198] Ontario Pension Board (sector: Canadian Pension Funds)
[scrape]   -> 38 new candidate(s) [linkedin:38]
[scrape] [scan 197/198] Trans-Canada Capital (sector: Canadian Pension Funds)
[scrape]   -> 0 new candidate(s) [none]
[scrape] [scan 198/198] Fitch Ratings (sector: Analytics & Risk Vendors)
[scrape]   [linkedin] US-remote pass: +2 new for Fitch Ratings
[scrape]   -> 41 new candidate(s) [linkedin:41]
[scrape] [scan] Dedup: 4640 raw -> 3317 unique (-509 dup URL, -814 near-dup)
[scrape] [scan] Freshness: 3317 newly-seen URL(s), 0 previously seen.
[scrape] [scan] WARN: 42 companies returned 0 results (may need Workday config or LinkedIn fixes):
[scrape]     - PSP Investments
[scrape]     - Schroders
[scrape]     - Prometeia
[scrape]     - Definity Financial
[scrape]     - EQB
[scrape]     - Home Trust
[scrape]     - Amex Bank of Canada
[scrape]     - Canada Guaranty
[scrape]     - Sagen MI Canada
[scrape]     - Beutel Goodman
[scrape]     - Burgundy Asset Management
[scrape]     - 1832 Asset Management
[scrape]     - Horizons ETFs / Global X
[scrape]     - Polar Asset Management
[scrape]     - Algonquin Capital
[scrape]     - Lawrence Park Asset Management
[scrape]     - Waratah Capital Advisors
[scrape]     - Northleaf Capital Partners
[scrape]     - Ninepoint Partners
[scrape]     - Trez Capital
[scrape] 
[scrape] [scan] Wrote C:\Users\PC\Documents\GitHub\ApplyAgent\automation\outputs\scan_20260624.json
[scrape] [scan] Wrote C:\Users\PC\Documents\GitHub\ApplyAgent\automation\outputs\scan_20260624.md
[scrape] [scan] 3317 new candidates across 19 sectors.
[scrape] [scan] worklist rebuilt: 3328 rows (3277 scrape, 27 gmail, 24 both)
[stage 1.5] Rebuilding worklist (scrape ∪ recent Gmail pool)...
[worklist] 3328 rows (3277 scrape, 27 gmail, 24 both) · 3328 new since last score
[stage 2] SKIPPED
[stage 3] SKIPPED

=== Pipeline 20260624_202747 complete ===
