# pipeline
# cmd: C:\Users\PC\AppData\Local\Programs\Python\Python311\python.exe C:\Users\PC\Documents\GitHub\ApplyAgent\automation\run_pipeline.py --scrape-mode core --skip-score --skip-promote
# started: 2026-05-18T18:16:33.951983

=== ApplyAgent pipeline 20260518_181634 ===
Mode: scrape=core skip_scrape=False skip_score=True skip_promote=True
[scrape] [scan 1/66] Scotiabank (sector: Canadian Big 6 Banks)
[scrape]   -> 154 new candidate(s) [sf:53, linkedin:101]
[scrape] [scan 2/66] RBC (sector: Canadian Big 6 Banks)
[scrape]   -> 70 new candidate(s) [linkedin:70]
[scrape] [scan 3/66] TD Bank (sector: Canadian Big 6 Banks)
[scrape]   -> 59 new candidate(s) [workday:59]
[scrape] [scan 4/66] BMO (sector: Canadian Big 6 Banks)
[scrape]   -> 132 new candidate(s) [workday:67, linkedin:65]
[scrape] [scan 5/66] CIBC (sector: Canadian Big 6 Banks)
[scrape]   -> 85 new candidate(s) [workday:36, linkedin:49]
[scrape] [scan 6/66] National Bank of Canada (sector: Canadian Big 6 Banks)
[scrape]   [linkedin] GTA-west pass: +3 new for National Bank of Canada
[scrape]   -> 25 new candidate(s) [linkedin:25]
[scrape] [scan 7/66] HOOPP (sector: Canadian Pension Funds)
[scrape]   -> 38 new candidate(s) [workday:17, linkedin:21]
[scrape] [scan 8/66] OMERS (sector: Canadian Pension Funds)
[scrape]   -> 41 new candidate(s) [workday:24, linkedin:17]
[scrape] [scan 9/66] Ontario Teachers' Pension Plan (sector: Canadian Pension Funds)
[scrape]   -> 57 new candidate(s) [workday:28, linkedin:29]
[scrape] [scan 10/66] CPP Investments (sector: Canadian Pension Funds)
[scrape]   -> 48 new candidate(s) [workday:27, linkedin:21]
[scrape] [scan 11/66] PSP Investments (sector: Canadian Pension Funds)
[scrape]   -> 0 new candidate(s) [none]
[scrape] [scan 12/66] OPTrust (sector: Canadian Pension Funds)
[scrape]   -> 5 new candidate(s) [workday:2, linkedin:3]
[scrape] [scan 13/66] CAAT Pension Plan (sector: Canadian Pension Funds)
[scrape]   -> 12 new candidate(s) [workday:4, linkedin:8]
[scrape] [scan 14/66] IMCO (sector: Canadian Pension Funds)
[scrape]   -> 2 new candidate(s) [linkedin:2]
[scrape] [scan 15/66] CDPQ (sector: Canadian Pension Funds)
[scrape]   -> 0 new candidate(s) [none]
[scrape] [scan 16/66] Brookfield Asset Management (sector: Canadian Asset Managers)
[scrape]   -> 45 new candidate(s) [workday:22, linkedin:23]
[scrape] [scan] Pause flag detected at company 17/66 (RBC Global Asset Management). Saving checkpoint and exiting.
[scrape] [scan] PAUSED at 16/66 companies. Checkpoint written to scan_checkpoint.json. Re-run with --resume to continue; or clear scan_pause.flag first if you launched the next run without --resume.
