# pipeline
# cmd: C:\Users\PC\AppData\Local\Programs\Python\Python311\python.exe C:\Users\PC\Documents\GitHub\ApplyAgent\automation\run_pipeline.py --scrape-mode full --score-concurrency 6 --skip-promote
# started: 2026-05-06T18:47:10.004664

=== ApplyAgent pipeline 20260506_184710 ===
Mode: scrape=full skip_scrape=False skip_score=False skip_promote=True
[scrape] [scan 1/159] Scotiabank (sector: Canadian Big 6 Banks)
[scrape]   -> 162 new candidate(s) [sf:60, linkedin:102]
[scrape] [scan 2/159] RBC (sector: Canadian Big 6 Banks)
[scrape]   [linkedin] GTA-west pass: +1 new for RBC
[scrape]   -> 84 new candidate(s) [linkedin:84]
[scrape] [scan 3/159] TD Bank (sector: Canadian Big 6 Banks)
[scrape]   -> 64 new candidate(s) [workday:64]
[scrape] [scan 4/159] BMO (sector: Canadian Big 6 Banks)
[scrape]   -> 146 new candidate(s) [workday:73, linkedin:73]
[scrape] [scan 5/159] CIBC (sector: Canadian Big 6 Banks)
[scrape]   -> 93 new candidate(s) [workday:40, linkedin:53]
[scrape] [scan 6/159] National Bank of Canada (sector: Canadian Big 6 Banks)
[scrape]   -> 19 new candidate(s) [linkedin:19]
[scrape] [scan 7/159] HOOPP (sector: Canadian Pension Funds)
[scrape]   -> 37 new candidate(s) [workday:15, linkedin:22]
[scrape] [scan 8/159] OMERS (sector: Canadian Pension Funds)
[scrape]   -> 37 new candidate(s) [workday:20, linkedin:17]
[scrape] [scan 9/159] Ontario Teachers' Pension Plan (sector: Canadian Pension Funds)
[scrape]   -> 36 new candidate(s) [workday:23, linkedin:13]
[scrape] [scan 10/159] CPP Investments (sector: Canadian Pension Funds)
[scrape]   -> 38 new candidate(s) [workday:21, linkedin:17]
[scrape] [scan 11/159] PSP Investments (sector: Canadian Pension Funds)
[scrape]   -> 0 new candidate(s) [none]
[scrape] [scan 12/159] OPTrust (sector: Canadian Pension Funds)
[scrape]   -> 7 new candidate(s) [workday:3, linkedin:4]
[scrape] [scan 13/159] CAAT Pension Plan (sector: Canadian Pension Funds)
[scrape]   -> 9 new candidate(s) [workday:4, linkedin:5]
[scrape] [scan 14/159] IMCO (sector: Canadian Pension Funds)
[scrape]   -> 4 new candidate(s) [linkedin:4]
[scrape] [scan 15/159] CDPQ (sector: Canadian Pension Funds)
[scrape]   -> 0 new candidate(s) [none]
[scrape] [scan 16/159] Brookfield Asset Management (sector: Canadian Asset Managers)
[scrape]   -> 30 new candidate(s) [workday:19, linkedin:11]
[scrape] [scan 17/159] RBC Global Asset Management (sector: Canadian Asset Managers)
[scrape]   -> 3 new candidate(s) [linkedin:3]
[scrape] [scan 18/159] TD Asset Management (sector: Canadian Asset Managers)
[scrape]   -> 64 new candidate(s) [workday:64]
[scrape] [scan 19/159] BMO Asset Management (sector: Canadian Asset Managers)
[scrape]   -> 112 new candidate(s) [workday:73, linkedin:39]
[scrape] [scan 20/159] CI Financial (sector: Canadian Asset Managers)
[scrape]   -> 7 new candidate(s) [linkedin:7]
[scrape] [scan 21/159] Mackenzie Investments (sector: Canadian Asset Managers)
[scrape]   -> 13 new candidate(s) [linkedin:13]
[scrape] [scan 22/159] AGF Management (sector: Canadian Asset Managers)
[scrape]   -> 7 new candidate(s) [workday:3, linkedin:4]
[scrape] [scan 23/159] Fidelity Canada (sector: Canadian Asset Managers)
[scrape]   -> 24 new candidate(s) [linkedin:24]
[scrape] [scan 24/159] Connor Clark & Lunn (sector: Canadian Asset Managers)
[scrape]   -> 19 new candidate(s) [linkedin:19]
[scrape] [scan 25/159] Guardian Capital Group (sector: Canadian Asset Managers)
[scrape]   -> 6 new candidate(s) [linkedin:6]
[scrape] [scan 26/159] Picton Mahoney Asset Management (sector: Canadian Asset Managers)
[scrape]   -> 4 new candidate(s) [linkedin:4]
[scrape] [scan 27/159] Canada Infrastructure Bank (sector: Canadian Asset Managers)
[scrape]   -> 5 new candidate(s) [greenhouse:1, linkedin:4]
[scrape] [scan 28/159] BlackRock (sector: US & Global Asset Managers)
[scrape]   -> 2 new candidate(s) [workday:1, linkedin:1]
[scrape] [scan 29/159] PIMCO (sector: US & Global Asset Managers)
[scrape]   -> 0 new candidate(s) [none]
[scrape] [scan 30/159] Vanguard (sector: US & Global Asset Managers)
[scrape]   -> 3 new candidate(s) [workday:2, linkedin:1]
[scrape] [scan 31/159] Invesco (sector: US & Global Asset Managers)
[scrape]   -> 0 new candidate(s) [none]
[scrape] [scan 32/159] Wellington Management (sector: US & Global Asset Managers)
[scrape]   -> 0 new candidate(s) [none]
[scrape] [scan 33/159] Schroders (sector: US & Global Asset Managers)
[scrape]   -> 0 new candidate(s) [none]
[scrape] [scan 34/159] JPMorgan Chase (sector: US Banks (Toronto))
[scrape]   -> 1 new candidate(s) [linkedin:1]
[scrape] [scan 35/159] Goldman Sachs (sector: US Banks (Toronto))
[scrape]   -> 0 new candidate(s) [none]
[scrape] [scan 36/159] Morgan Stanley (sector: US Banks (Toronto))
[scrape]   -> 8 new candidate(s) [workday:6, linkedin:2]
[scrape] [scan 37/159] Citi (sector: US Banks (Toronto))
[scrape]   -> 38 new candidate(s) [phenom:2, linkedin:36]
[scrape] [scan 38/159] HSBC (sector: US Banks (Toronto))
[scrape]   -> 2 new candidate(s) [linkedin:2]
[scrape] [scan 39/159] Deutsche Bank (sector: US Banks (Toronto))
[scrape]   -> 0 new candidate(s) [none]
[scrape] [scan 40/159] BNY Mellon (sector: US Banks (Toronto))
[scrape]   -> 1 new candidate(s) [linkedin:1]
[scrape] [scan 41/159] State Street (sector: US Banks (Toronto))
[scrape]   -> 30 new candidate(s) [workday:9, linkedin:21]
[scrape] [scan 42/159] Northern Trust (sector: US Banks (Toronto))
[scrape]   -> 3 new candidate(s) [workday:1, linkedin:2]
[scrape] [scan 43/159] Bloomberg (sector: Analytics & Risk Vendors)
[scrape]   -> 2 new candidate(s) [linkedin:2]
[scrape] [scan 44/159] MSCI (sector: Analytics & Risk Vendors)
[scrape]   -> 4 new candidate(s) [linkedin:4]
[scrape] [scan 45/159] S&P Global (sector: Analytics & Risk Vendors)
[scrape]   -> 9 new candidate(s) [workday:2, linkedin:7]
[scrape] [scan 46/159] FactSet (sector: Analytics & Risk Vendors)
[scrape]   -> 1 new candidate(s) [linkedin:1]
[scrape] [scan 47/159] Morningstar DBRS (sector: Analytics & Risk Vendors)
[scrape]   -> 2 new candidate(s) [linkedin:2]
[scrape] [scan 48/159] SS&C Technologies (sector: Analytics & Risk Vendors)
[scrape]   -> 28 new candidate(s) [workday:8, linkedin:20]
[scrape] [scan 49/159] Numerix (sector: Analytics & Risk Vendors)
[scrape]   -> 1 new candidate(s) [linkedin:1]
[scrape] [scan 50/159] Prometeia (sector: Analytics & Risk Vendors)
[scrape]   -> 0 new candidate(s) [none]
[scrape] [scan 51/159] Manulife (sector: Canadian Insurers)
[scrape]   -> 49 new candidate(s) [workday:14, linkedin:35]
[scrape] [scan 52/159] Sun Life (sector: Canadian Insurers)
[scrape]   -> 22 new candidate(s) [workday:4, linkedin:18]
[scrape] [scan 53/159] Canada Life (sector: Canadian Insurers)
[scrape]   -> 50 new candidate(s) [sf:17, linkedin:33]
[scrape] [scan 54/159] Intact Financial (sector: Canadian Insurers)
[scrape]   -> 2 new candidate(s) [linkedin:2]
[scrape] [scan 55/159] Definity Financial (sector: Canadian Insurers)
[scrape]   -> 0 new candidate(s) [none]
[scrape] [scan 56/159] iA Financial Group (sector: Canadian Insurers)
[scrape]   -> 3 new candidate(s) [workday:1, linkedin:2]
[scrape] [scan 57/159] RGA (sector: Canadian Insurers)
[scrape]   -> 5 new candidate(s) [workday:5]
[scrape] [scan 58/159] EQB (sector: Mid Canadian Banks)
[scrape]   -> 0 new candidate(s) [none]
[scrape] [scan 59/159] Deloitte Canada (sector: Big 4 Risk Advisory)
[scrape]   -> 108 new candidate(s) [sf:67, linkedin:41]
[scrape] [scan 60/159] EY Canada (sector: Big 4 Risk Advisory)
[scrape]   -> 1 new candidate(s) [sf:1]
[scrape] [scan 61/159] KPMG Canada (sector: Big 4 Risk Advisory)
[scrape]   -> 48 new candidate(s) [linkedin:48]
[scrape] [scan 62/159] PwC Canada (sector: Big 4 Risk Advisory)
[scrape]   [linkedin] GTA-west pass: +2 new for PwC Canada
[scrape]   -> 21 new candidate(s) [linkedin:21]
[scrape] [scan 63/159] Mercer (sector: Pension/ALM Consulting)
[scrape]   -> 4 new candidate(s) [linkedin:4]
[scrape] [scan 64/159] WTW (sector: Pension/ALM Consulting)
[scrape]   -> 9 new candidate(s) [linkedin:9]
[scrape] [scan 65/159] Aon (sector: Pension/ALM Consulting)
[scrape]   [linkedin] GTA-west pass: +1 new for Aon
[scrape]   -> 12 new candidate(s) [linkedin:12]
[scrape] [scan 66/159] Oliver Wyman (sector: FS Strategy Consulting)
[scrape]   -> 10 new candidate(s) [linkedin:10]
[scrape] [scan 67/159] Fairstone Bank (sector: Mid Canadian Banks)
[scrape]   -> 16 new candidate(s) [linkedin:16]
[scrape] [scan 68/159] Home Trust (sector: Mid Canadian Banks)
[scrape]   -> 0 new candidate(s) [none]
[scrape] [scan 69/159] Haventree Bank (sector: Mid Canadian Banks)
[scrape]   -> 11 new candidate(s) [linkedin:11]
[scrape] [scan 70/159] Laurentian Bank of Canada (sector: Mid Canadian Banks)
[scrape]   -> 6 new candidate(s) [linkedin:6]
[scrape] [scan 71/159] Tangerine Bank (sector: Mid Canadian Banks)
[scrape]   -> 2 new candidate(s) [linkedin:2]
[scrape] [scan 72/159] Amex Bank of Canada (sector: Mid Canadian Banks)
[scrape]   -> 0 new candidate(s) [none]
[scrape] [scan 73/159] Rogers Bank (sector: Mid Canadian Banks)
[scrape]   -> 0 new candidate(s) [none]
[scrape] [scan 74/159] Canadian Tire Bank (sector: Mid Canadian Banks)
[scrape]   [linkedin] GTA-west pass: +1 new for Canadian Tire Bank
[scrape]   -> 6 new candidate(s) [linkedin:6]
[scrape] [scan 75/159] Manulife Bank (sector: Mid Canadian Banks)
[scrape]   -> 3 new candidate(s) [linkedin:3]
[scrape] [scan 76/159] RFA Bank of Canada (sector: Mid Canadian Banks)
[scrape]   -> 0 new candidate(s) [none]
[scrape] [scan 77/159] Fairfax Financial Holdings (sector: Canadian Insurers)
[scrape]   -> 0 new candidate(s) [none]
[scrape] [scan 78/159] ivari (sector: Canadian Insurers)
[scrape]   -> 5 new candidate(s) [linkedin:5]
[scrape] [scan 79/159] Foresters Financial (sector: Canadian Insurers)
[scrape]   -> 3 new candidate(s) [linkedin:3]
[scrape] [scan 80/159] Empire Life (sector: Canadian Insurers)
[scrape]   -> 5 new candidate(s) [linkedin:5]
[scrape] [scan 81/159] Equitable Life of Canada (sector: Canadian Insurers)
[scrape]   -> 0 new candidate(s) [none]
[scrape] [scan 82/159] Aviva Canada (sector: Canadian Insurers)
[scrape]   -> 32 new candidate(s) [linkedin:32]
[scrape] [scan 83/159] Co-operators (sector: Canadian Insurers)
[scrape]   [linkedin] GTA-west pass: +1 new for Co-operators
[scrape]   -> 3 new candidate(s) [linkedin:3]
[scrape] [scan 84/159] Wawanesa Insurance (sector: Canadian Insurers)
[scrape]   -> 8 new candidate(s) [linkedin:8]
[scrape] [scan 85/159] Northbridge Financial (sector: Canadian Insurers)
[scrape]   -> 4 new candidate(s) [linkedin:4]
[scrape] [scan 86/159] Munich Re Canada (sector: Canadian Insurers)
[scrape]   -> 10 new candidate(s) [linkedin:10]
[scrape] [scan 87/159] Swiss Re Canada (sector: Canadian Insurers)
[scrape]   [linkedin] GTA-west pass: +2 new for Swiss Re Canada
[scrape]   -> 6 new candidate(s) [linkedin:6]
[scrape] [scan 88/159] Trisura Group (sector: Canadian Insurers)
[scrape]   -> 5 new candidate(s) [linkedin:5]
[scrape] [scan 89/159] Canada Guaranty (sector: Canadian Insurers)
[scrape]   -> 1 new candidate(s) [linkedin:1]
[scrape] [scan 90/159] Sagen MI Canada (sector: Canadian Insurers)
[scrape]   -> 1 new candidate(s) [linkedin:1]
[scrape] [scan 91/159] MCAP Financial (sector: Mortgage Lenders)
[scrape]   -> 4 new candidate(s) [linkedin:4]
[scrape] [scan 92/159] First National Financial (sector: Mortgage Lenders)
[scrape]   -> 2 new candidate(s) [linkedin:2]
[scrape] [scan 93/159] CMLS Financial (sector: Mortgage Lenders)
[scrape]   -> 4 new candidate(s) [linkedin:4]
[scrape] [scan 94/159] Element Fleet Management (sector: Non-Bank Lenders)
[scrape]   -> 3 new candidate(s) [linkedin:3]
[scrape] [scan 95/159] Ford Credit Canada (sector: Non-Bank Lenders)
[scrape]   -> 0 new candidate(s) [none]
[scrape] [scan 96/159] Hyundai Capital Canada (sector: Non-Bank Lenders)
[scrape]   -> 0 new candidate(s) [none]
[scrape] [scan 97/159] Toyota Financial Services Canada (sector: Non-Bank Lenders)
[scrape]   -> 0 new candidate(s) [none]
[scrape] [scan 98/159] Fiera Capital (sector: Canadian Asset Managers)
[scrape]   -> 12 new candidate(s) [linkedin:12]
[scrape] [scan 99/159] Beutel Goodman (sector: Canadian Asset Managers)
[scrape]   -> 1 new candidate(s) [linkedin:1]
[scrape] [scan 100/159] Burgundy Asset Management (sector: Canadian Asset Managers)
[scrape]   -> 0 new candidate(s) [none]
[scrape] [scan 101/159] 1832 Asset Management (sector: Canadian Asset Managers)
[scrape]   -> 0 new candidate(s) [none]
[scrape] [scan 102/159] Purpose Investments (sector: Canadian Asset Managers)
[scrape]   -> 2 new candidate(s) [linkedin:2]
[scrape] [scan 103/159] Horizons ETFs / Global X (sector: Canadian Asset Managers)
[scrape]   -> 0 new candidate(s) [none]
[scrape] [scan 104/159] Franklin Templeton Canada (sector: US & Global Asset Managers)
[scrape]   -> 0 new candidate(s) [none]
[scrape] [scan 105/159] Polar Asset Management (sector: Hedge Funds / Alt AM)
[scrape]   -> 1 new candidate(s) [linkedin:1]
[scrape] [scan 106/159] RPIA (sector: Hedge Funds / Alt AM)
[scrape]   -> 5 new candidate(s) [linkedin:5]
[scrape] [scan 107/159] Algonquin Capital (sector: Hedge Funds / Alt AM)
[scrape]   -> 0 new candidate(s) [none]
[scrape] [scan 108/159] Lawrence Park Asset Management (sector: Hedge Funds / Alt AM)
[scrape]   -> 0 new candidate(s) [none]
[scrape] [scan 109/159] Waratah Capital Advisors (sector: Hedge Funds / Alt AM)
[scrape]   -> 0 new candidate(s) [none]
[scrape] [scan 110/159] Sagard Holdings (sector: Private Credit)
[scrape]   -> 3 new candidate(s) [linkedin:3]
[scrape] [scan 111/159] Northleaf Capital Partners (sector: Private Credit)
[scrape]   -> 1 new candidate(s) [linkedin:1]
[scrape] [scan 112/159] KingSett Capital (sector: Private Credit)
[scrape]   -> 2 new candidate(s) [linkedin:2]
[scrape] [scan 113/159] Ninepoint Partners (sector: Private Credit)
[scrape]   -> 0 new candidate(s) [none]
[scrape] [scan 114/159] Trez Capital (sector: Private Credit)
[scrape]   -> 1 new candidate(s) [linkedin:1]
[scrape] [scan 115/159] Romspen Investment Corporation (sector: Private Credit)
[scrape]   -> 0 new candidate(s) [none]
[scrape] [scan 116/159] Antares Capital (sector: Private Credit)
[scrape]   -> 0 new candidate(s) [none]
[scrape] [scan 117/159] Third Eye Capital (sector: Private Credit)
[scrape]   -> 0 new candidate(s) [none]
[scrape] [scan 118/159] CIBC Mellon (sector: Fund Admin/Custody)
[scrape]   -> 14 new candidate(s) [linkedin:14]
[scrape] [scan 119/159] RBC Investor Services (sector: Fund Admin/Custody)
[scrape]   -> 1 new candidate(s) [linkedin:1]
[scrape] [scan 120/159] Citco Fund Services (sector: Fund Admin/Custody)
[scrape]   -> 12 new candidate(s) [linkedin:12]
[scrape] [scan 121/159] SEI Investments Canada (sector: Fund Admin/Custody)
[scrape]   -> 0 new candidate(s) [none]
[scrape] [scan 122/159] Apex Group (sector: Fund Admin/Custody)
[scrape]   -> 15 new candidate(s) [linkedin:15]
[scrape] [scan 123/159] MUFG Investor Services (sector: Fund Admin/Custody)
[scrape]   -> 9 new candidate(s) [linkedin:9]
[scrape] [scan 124/159] TMX Group (sector: Market Infrastructure)
[scrape]   -> 15 new candidate(s) [linkedin:15]
[scrape] [scan 125/159] Fundserv (sector: Market Infrastructure)
[scrape]   -> 2 new candidate(s) [linkedin:2]
[scrape] [scan 126/159] Finastra (sector: Market Infrastructure)
[scrape]   -> 3 new candidate(s) [linkedin:3]
[scrape] [scan 127/159] FIS Global (sector: Market Infrastructure)
[scrape]   -> 0 new candidate(s) [none]
[scrape] [scan 128/159] Broadridge (sector: Market Infrastructure)
[scrape]   -> 10 new candidate(s) [linkedin:10]
[scrape] [scan 129/159] DTCC (sector: Market Infrastructure)
[scrape]   -> 0 new candidate(s) [none]
[scrape] [scan 130/159] Cboe Canada (sector: Market Infrastructure)
[scrape]   -> 0 new candidate(s) [none]
[scrape] [scan 131/159] SAS Canada (sector: Analytics & Risk Vendors)
[scrape]   -> 0 new candidate(s) [none]
[scrape] [scan 132/159] Wolters Kluwer (sector: Analytics & Risk Vendors)
[scrape]   -> 5 new candidate(s) [linkedin:5]
[scrape] [scan 133/159] Nasdaq (sector: Analytics & Risk Vendors)
[scrape]   -> 8 new candidate(s) [linkedin:8]
[scrape] [scan 134/159] Moody's Corporation (sector: Analytics & Risk Vendors)
[scrape]   -> 0 new candidate(s) [none]
[scrape] [scan 135/159] Qontigo (sector: Analytics & Risk Vendors)
[scrape]   -> 0 new candidate(s) [none]
[scrape] [scan 136/159] Quantifi (sector: Analytics & Risk Vendors)
[scrape]   -> 0 new candidate(s) [none]
[scrape] [scan 137/159] ION Group (sector: Analytics & Risk Vendors)
[scrape]   -> 2 new candidate(s) [linkedin:2]
[scrape] [scan 138/159] Murex (sector: Analytics & Risk Vendors)
[scrape]   -> 1 new candidate(s) [linkedin:1]
[scrape] [scan 139/159] OSFI (sector: Regulators & Crown)
[scrape]   -> 0 new candidate(s) [none]
[scrape] [scan 140/159] Bank of Canada (sector: Regulators & Crown)
[scrape]   -> 22 new candidate(s) [sf:5, linkedin:17]
[scrape] [scan 141/159] CDIC (sector: Regulators & Crown)
[scrape]   -> 1 new candidate(s) [linkedin:1]
[scrape] [scan 142/159] FSRA Ontario (sector: Regulators & Crown)
[scrape]   -> 0 new candidate(s) [none]
[scrape] [scan 143/159] Ontario Securities Commission (sector: Regulators & Crown)
[scrape]   -> 0 new candidate(s) [none]
[scrape] [scan 144/159] CMHC (sector: Regulators & Crown)
[scrape]   -> 2 new candidate(s) [sf:1, linkedin:1]
[scrape] [scan 145/159] EDC (sector: Regulators & Crown)
[scrape]   -> 0 new candidate(s) [none]
[scrape] [scan 146/159] BDC (sector: Regulators & Crown)
[scrape]   -> 11 new candidate(s) [linkedin:11]
[scrape] [scan 147/159] CIRO (sector: Regulators & Crown)
[scrape]   -> 23 new candidate(s) [linkedin:23]
[scrape] [scan 148/159] Infrastructure Ontario (sector: Regulators & Crown)
[scrape]   -> 5 new candidate(s) [linkedin:5]
[scrape] [scan 149/159] Wealthsimple (sector: Fintech)
[scrape]   -> 6 new candidate(s) [linkedin:6]
[scrape] [scan 150/159] Questrade Financial Group (sector: Fintech)
[scrape]   -> 26 new candidate(s) [linkedin:26]
[scrape] [scan 151/159] Interac (sector: Fintech)
[scrape]   -> 20 new candidate(s) [linkedin:20]
[scrape] [scan 152/159] Moneris (sector: Fintech)
[scrape]   -> 13 new candidate(s) [linkedin:13]
[scrape] [scan 153/159] Nuvei (sector: Fintech)
[scrape]   -> 0 new candidate(s) [none]
[scrape] [scan 154/159] Neo Financial (sector: Fintech)
[scrape]   -> 6 new candidate(s) [linkedin:6]
[scrape] [scan 155/159] Payments Canada (sector: Fintech)
[scrape]   -> 11 new candidate(s) [linkedin:11]
[scrape] [scan 156/159] Stripe (sector: Fintech)
[scrape]   -> 25 new candidate(s) [greenhouse:2, linkedin:23]
[scrape] [scan 157/159] Affirm (sector: Fintech)
[scrape]   -> 19 new candidate(s) [greenhouse:2, linkedin:17]
[scrape] [scan 158/159] Robinhood (sector: Fintech)
[scrape]   -> 12 new candidate(s) [greenhouse:2, linkedin:10]
[scrape] [scan 159/159] Point72 (sector: Hedge Funds / Alt AM)
[scrape]   -> 2 new candidate(s) [greenhouse:2]
[scrape] [scan] Dedup: 1978 raw -> 1502 unique (-199 dup URL, -277 near-dup)
[scrape] [scan] Freshness: 1502 newly-seen URL(s), 0 previously seen.
[scrape] [scan] WARN: 44 companies returned 0 results (may need Workday config or LinkedIn fixes):
[scrape]     - PSP Investments
[scrape]     - CDPQ
[scrape]     - PIMCO
[scrape]     - Invesco
[scrape]     - Wellington Management
[scrape]     - Schroders
[scrape]     - Goldman Sachs
[scrape]     - Deutsche Bank
[scrape]     - Prometeia
[scrape]     - Definity Financial
[scrape]     - EQB
[scrape]     - Home Trust
[scrape]     - Amex Bank of Canada
[scrape]     - Rogers Bank
[scrape]     - RFA Bank of Canada
[scrape]     - Fairfax Financial Holdings
[scrape]     - Equitable Life of Canada
[scrape]     - Ford Credit Canada
[scrape]     - Hyundai Capital Canada
[scrape]     - Toyota Financial Services Canada
[scrape] 
[scrape] [scan] Wrote C:\Users\PC\Documents\GitHub\ApplyAgent\automation\outputs\scan_20260506.json
[scrape] [scan] Wrote C:\Users\PC\Documents\GitHub\ApplyAgent\automation\outputs\scan_20260506.md
[scrape] [scan] 1502 new candidates across 19 sectors.
Traceback (most recent call last):
  File "C:\Users\PC\Documents\GitHub\ApplyAgent\automation\run_pipeline.py", line 244, in <module>
    sys.exit(main())
             ^^^^^^
  File "C:\Users\PC\Documents\GitHub\ApplyAgent\automation\run_pipeline.py", line 167, in main
    status["stages"]["scrape"]["scan_file"] = scan_file.name
    ~~~~~~~~~~~~~~~~^^^^^^^^^^
KeyError: 'scrape'
