# pipeline
# cmd: C:\Users\PC\AppData\Local\Programs\Python\Python311\python.exe C:\Users\PC\OneDrive\Documents\GitHub\ApplyAgent\automation\run_pipeline.py --scrape-mode full --skip-score --skip-promote
# started: 2026-08-04T00:50:42.128837

=== ApplyAgent pipeline 20260804_005042 ===
Mode: scrape=full skip_scrape=False skip_score=True skip_promote=True
[scrape] [scan 1/205] Scotiabank (sector: Canadian Big 6 Banks)
[scrape]   [linkedin] 429 on 'treasury risk Scotiabank' page 0 — backing off 10s (attempt 1)
[scrape]   [linkedin] 429 on 'fixed income Scotiabank' page 0 — backing off 10s (attempt 1)
[scrape]   [linkedin] US-remote pass: +27 new for Scotiabank
[scrape]   -> 254 new candidate(s) [sf:85, linkedin:169]
[scrape] [scan 2/205] RBC (sector: Canadian Big 6 Banks)
[scrape]   [linkedin] 429 on 'model risk RBC' page 0 — backing off 10s (attempt 1)
[scrape]   [linkedin] 429 on 'balance sheet RBC' page 0 — backing off 10s (attempt 1)
[scrape]   [linkedin] 429 on 'RBC' page 0 — backing off 10s (attempt 1)
[scrape]   [linkedin] US-remote pass: +6 new for RBC
[scrape]   -> 73 new candidate(s) [linkedin:73]
[scrape] [scan 3/205] TD Bank (sector: Canadian Big 6 Banks)
[scrape]   [linkedin] 429 on 'rates TD Bank' page 0 — backing off 10s (attempt 1)
[scrape]   -> 90 new candidate(s) [workday:90]
[scrape] [scan 4/205] BMO (sector: Canadian Big 6 Banks)
[scrape]   [linkedin] 429 on 'model risk BMO' page 2 — backing off 10s (attempt 1)
[scrape]   [linkedin] 429 on 'balance sheet BMO' page 1 — backing off 10s (attempt 1)
[scrape]   [linkedin] 429 on 'structured credit BMO' page 0 — backing off 10s (attempt 1)
[scrape]   [linkedin] 429 on 'IRRBB BMO' page 1 — backing off 10s (attempt 1)
[scrape]   [linkedin] US-remote pass: +21 new for BMO
[scrape]   -> 253 new candidate(s) [workday:144, linkedin:109]
[scrape] [scan 5/205] CIBC (sector: Canadian Big 6 Banks)
[scrape]   [linkedin] 429 on 'swaps CIBC' page 0 — backing off 10s (attempt 1)
[scrape]   [linkedin] 429 on 'model validation CIBC' page 0 — backing off 10s (attempt 1)
[scrape]   [linkedin] US-remote pass: +7 new for CIBC
[scrape]   -> 133 new candidate(s) [workday:78, linkedin:55]
[scrape] [scan 6/205] National Bank of Canada (sector: Canadian Big 6 Banks)
[scrape]   [linkedin] 429 on 'IRRBB National Bank of Canada' page 0 — backing off 10s (attempt 1)
[scrape]   [linkedin] 429 on 'treasury risk National Bank of' page 0 — backing off 10s (attempt 1)
[scrape]   [linkedin] 429 on 'model risk National Bank of Ca' page 0 — backing off 10s (attempt 1)
[scrape]   [linkedin] US-remote pass: +5 new for National Bank of Canada
[scrape]   -> 42 new candidate(s) [linkedin:42]
[scrape] [scan 7/205] HOOPP (sector: Canadian Pension Funds)
[scrape]   [linkedin] 429 on 'fixed income HOOPP' page 0 — backing off 10s (attempt 1)
[scrape]   [linkedin] 429 on 'HOOPP' page 0 — backing off 10s (attempt 1)
[scrape]   -> 26 new candidate(s) [workday:12, linkedin:14]
[scrape] [scan 8/205] OMERS (sector: Canadian Pension Funds)
[scrape]   [linkedin] 429 on 'interest rate risk OMERS' page 0 — backing off 10s (attempt 1)
[scrape]   [linkedin] 429 on 'structured credit OMERS' page 0 — backing off 10s (attempt 1)
[scrape]   -> 37 new candidate(s) [workday:20, linkedin:17]
[scrape] [scan 9/205] Ontario Teachers' Pension Plan (sector: Canadian Pension Funds)
[scrape]   [linkedin] 429 on 'interest rate risk Ontario Tea' page 0 — backing off 10s (attempt 1)
[scrape]   -> 53 new candidate(s) [workday:22, linkedin:31]
[scrape] [scan 10/205] CPP Investments (sector: Canadian Pension Funds)
[scrape]   [linkedin] 429 on 'structured credit CPP Investme' page 0 — backing off 10s (attempt 1)
[scrape]   [linkedin] 429 on 'fixed income CPP Investments' page 0 — backing off 10s (attempt 1)
[scrape]   -> 35 new candidate(s) [workday:17, linkedin:18]
[scrape] [scan 11/205] PSP Investments (sector: Canadian Pension Funds)
[scrape]   [linkedin] 429 on 'fixed income PSP Investments' page 0 — backing off 10s (attempt 1)
[scrape]   -> 28 new candidate(s) [workday:28]
[scrape] [scan 12/205] OPTrust (sector: Canadian Pension Funds)
[scrape]   [linkedin] 429 on 'balance sheet OPTrust' page 0 — backing off 10s (attempt 1)
[scrape]   -> 9 new candidate(s) [workday:3, linkedin:6]
[scrape] [scan 13/205] CAAT Pension Plan (sector: Canadian Pension Funds)
[scrape]   [linkedin] 429 on 'model risk CAAT Pension Plan' page 0 — backing off 10s (attempt 1)
[scrape]   [linkedin] 429 on 'CAAT Pension Plan' page 0 — backing off 10s (attempt 1)
[scrape]   -> 6 new candidate(s) [workday:3, linkedin:3]
[scrape] [scan 14/205] IMCO (sector: Canadian Pension Funds)
[scrape]   [linkedin] 429 on 'IRRBB IMCO' page 0 — backing off 10s (attempt 1)
[scrape]   [linkedin] 429 on 'treasury risk IMCO' page 0 — backing off 10s (attempt 1)
[scrape]   [linkedin] 429 on 'IMCO' page 0 — backing off 10s (attempt 1)
[scrape]   [linkedin] GTA-west pass: +3 new for IMCO
[scrape]   [linkedin] 429 on 'interest rate risk IMCO' page 0 — backing off 10s (attempt 1)
[scrape]   -> 5 new candidate(s) [linkedin:5]
[scrape] [scan 15/205] CDPQ (sector: Canadian Pension Funds)
[scrape]   [linkedin] 429 on 'treasury risk CDPQ' page 0 — backing off 10s (attempt 1)
[scrape]   [linkedin] 429 on 'model risk CDPQ' page 0 — backing off 10s (attempt 1)
[scrape]   -> 5 new candidate(s) [workday:5]
[scrape] [scan 16/205] AIMCo (sector: Canadian Pension Funds)
[scrape]   [linkedin] 429 on 'derivatives AIMCo' page 0 — backing off 10s (attempt 1)
[scrape]   [linkedin] 429 on 'model validation AIMCo' page 0 — backing off 10s (attempt 1)
[scrape]   [linkedin] US-remote pass: +1 new for AIMCo
[scrape]   -> 6 new candidate(s) [workday:1, linkedin:5]
[scrape] [scan 17/205] BCI (British Columbia Investment Mgmt) (sector: Canadian Pension Funds)
[scrape]   [linkedin] 429 on 'interest rate risk BCI (Britis' page 0 — backing off 10s (attempt 1)
[scrape]   [linkedin] 429 on 'BCI (British Columbia Investme' page 0 — backing off 10s (attempt 1)
[scrape]   -> 3 new candidate(s) [linkedin:3]
[scrape] [scan 18/205] Brookfield Asset Management (sector: Canadian Asset Managers)
[scrape]   [linkedin] 429 on 'interest rate risk Brookfield ' page 2 — backing off 10s (attempt 1)
[scrape]   [linkedin] 429 on 'interest rate risk Brookfield ' page 0 — backing off 10s (attempt 1)
[scrape]   [linkedin] US-remote pass: +22 new for Brookfield Asset Management
[scrape]   -> 100 new candidate(s) [workday:43, linkedin:57]
[scrape] [scan 19/205] RBC Global Asset Management (sector: Canadian Asset Managers)
[scrape]   [linkedin] 429 on 'IRRBB RBC Global Asset Managem' page 1 — backing off 10s (attempt 1)
[scrape]   [linkedin] 429 on 'derivatives RBC Global Asset M' page 0 — backing off 10s (attempt 1)
[scrape]   [linkedin] 429 on 'RBC Global Asset Management' page 0 — backing off 10s (attempt 1)
[scrape]   [linkedin] 429 on 'model risk RBC Global Asset Ma' page 0 — backing off 10s (attempt 1)
[scrape]   [linkedin] US-remote pass: +17 new for RBC Global Asset Management
[scrape]   -> 41 new candidate(s) [linkedin:41]
[scrape] [scan 20/205] TD Asset Management (sector: Canadian Asset Managers)
[scrape]   [linkedin] 429 on 'ALM TD Asset Management' page 0 — backing off 10s (attempt 1)
[scrape]   -> 90 new candidate(s) [workday:90]
[scrape] [scan 21/205] BMO Asset Management (sector: Canadian Asset Managers)
[scrape]   [linkedin] 429 on 'fixed income BMO Asset Managem' page 0 — backing off 10s (attempt 1)
[scrape]   [linkedin] 429 on 'swaps BMO Asset Management' page 0 — backing off 10s (attempt 1)
[scrape]   [linkedin] 429 on 'IRRBB BMO Asset Management' page 0 — backing off 10s (attempt 1)
[scrape]   [linkedin] US-remote pass: +7 new for BMO Asset Management
[scrape]   -> 226 new candidate(s) [workday:144, linkedin:82]
[scrape] [scan 22/205] CI Financial (sector: Canadian Asset Managers)
[scrape]   [linkedin] 429 on 'model risk CI Financial' page 0 — backing off 10s (attempt 1)
[scrape]   [linkedin] 429 on 'rates CI Financial' page 0 — backing off 10s (attempt 1)
[scrape]   [linkedin] GTA-west pass: +2 new for CI Financial
[scrape]   -> 11 new candidate(s) [linkedin:11]
[scrape] [scan 23/205] Mackenzie Investments (sector: Canadian Asset Managers)
[scrape]   [linkedin] 429 on 'derivatives Mackenzie Investme' page 0 — backing off 10s (attempt 1)
[scrape]   [linkedin] 429 on 'Mackenzie Investments' page 0 — backing off 10s (attempt 1)
[scrape]   -> 11 new candidate(s) [linkedin:11]
[scrape] [scan 24/205] AGF Management (sector: Canadian Asset Managers)
[scrape]   [linkedin] 429 on 'AGF Management' page 0 — backing off 10s (attempt 1)
[scrape]   -> 7 new candidate(s) [workday:4, linkedin:3]
[scrape] [scan 25/205] Fidelity Canada (sector: Canadian Asset Managers)
[scrape]   [linkedin] 429 on 'fixed income Fidelity Canada' page 0 — backing off 10s (attempt 1)
[scrape]   [linkedin] 429 on 'structured credit Fidelity Can' page 0 — backing off 10s (attempt 1)
[scrape]   [linkedin] 429 on 'IRRBB Fidelity Canada' page 1 — backing off 10s (attempt 1)
[scrape]   [linkedin] US-remote pass: +50 new for Fidelity Canada
[scrape]   -> 111 new candidate(s) [linkedin:111]
[scrape] [scan 26/205] Connor Clark & Lunn (sector: Canadian Asset Managers)
[scrape]   [linkedin] 429 on 'model validation Connor Clark ' page 0 — backing off 10s (attempt 1)
[scrape]   [linkedin] 429 on 'derivatives Connor Clark & Lun' page 0 — backing off 10s (attempt 1)
[scrape]   [linkedin] GTA-west pass: +2 new for Connor Clark & Lunn
[scrape]   [linkedin] US-remote pass: +1 new for Connor Clark & Lunn
[scrape]   -> 12 new candidate(s) [linkedin:12]
[scrape] [scan 27/205] Guardian Capital Group (sector: Canadian Asset Managers)
[scrape]   [linkedin] 429 on 'IRRBB Guardian Capital Group' page 0 — backing off 10s (attempt 1)
[scrape]   [linkedin] 429 on 'rates Guardian Capital Group' page 0 — backing off 10s (attempt 1)
[scrape]   [linkedin] 429 on 'model validation Guardian Capi' page 0 — backing off 10s (attempt 1)
[scrape]   [linkedin] US-remote pass: +2 new for Guardian Capital Group
[scrape]   -> 4 new candidate(s) [linkedin:4]
[scrape] [scan 28/205] Picton Mahoney Asset Management (sector: Canadian Asset Managers)
[scrape]   [linkedin] 429 on 'IRRBB Picton Mahoney Asset Man' page 0 — backing off 10s (attempt 1)
[scrape]   [linkedin] 429 on 'rates Picton Mahoney Asset Man' page 0 — backing off 10s (attempt 1)
[scrape]   [linkedin] GTA-west pass: +2 new for Picton Mahoney Asset Management
[scrape]   [linkedin] 429 on 'ALM Picton Mahoney Asset Manag' page 0 — backing off 10s (attempt 1)
[scrape]   -> 3 new candidate(s) [linkedin:3]
[scrape] [scan 29/205] Canada Infrastructure Bank (sector: Canadian Asset Managers)
[scrape]   [linkedin] 429 on 'model risk Canada Infrastructu' page 0 — backing off 10s (attempt 1)
[scrape]   [linkedin] 429 on 'rates Canada Infrastructure Ba' page 1 — backing off 10s (attempt 1)
[scrape]   -> 8 new candidate(s) [linkedin:8]
[scrape] [scan 30/205] BlackRock (sector: US & Global Asset Managers)
[scrape]   [linkedin] 429 on 'rates BlackRock' page 0 — backing off 10s (attempt 1)
[scrape]   [linkedin] 429 on 'ALM BlackRock' page 1 — backing off 10s (attempt 1)
[scrape]   [linkedin] US-remote pass: +33 new for BlackRock
[scrape]   -> 84 new candidate(s) [workday:52, linkedin:32]
[scrape] [scan 31/205] PIMCO (sector: US & Global Asset Managers)
[scrape]   [linkedin] 429 on 'derivatives PIMCO' page 0 — backing off 10s (attempt 1)
[scrape]   [linkedin] 429 on 'IRRBB PIMCO' page 0 — backing off 10s (attempt 1)
[scrape]   [linkedin] US-remote pass: +19 new for PIMCO
[scrape]   -> 19 new candidate(s) [linkedin:19]
[scrape] [scan 32/205] Vanguard (sector: US & Global Asset Managers)
[scrape]   [linkedin] 429 on 'interest rate risk Vanguard' page 0 — backing off 10s (attempt 1)
[scrape]   [linkedin] 429 on 'rates Vanguard' page 0 — backing off 10s (attempt 1)
[scrape]   [linkedin] 429 on 'interest rate risk Vanguard' page 1 — backing off 10s (attempt 1)
[scrape]   [linkedin] US-remote pass: +18 new for Vanguard
[scrape]   -> 35 new candidate(s) [workday:8, linkedin:27]
[scrape] [scan 33/205] Invesco (sector: US & Global Asset Managers)
[scrape]   [linkedin] 429 on 'treasury risk Invesco' page 0 — backing off 10s (attempt 1)
[scrape]   [linkedin] 429 on 'ALM Invesco' page 0 — backing off 10s (attempt 1)
[scrape]   [linkedin] 429 on 'fixed income Invesco' page 0 — backing off 10s (attempt 1)
[scrape]   [linkedin] US-remote pass: +28 new for Invesco
[scrape]   -> 59 new candidate(s) [workday:31, linkedin:28]
[scrape] [scan 34/205] Wellington Management (sector: US & Global Asset Managers)
[scrape]   [linkedin] 429 on 'IRRBB Wellington Management' page 0 — backing off 10s (attempt 1)
[scrape]   [linkedin] US-remote pass: +27 new for Wellington Management
[scrape]   -> 71 new candidate(s) [workday:39, linkedin:32]
[scrape] [scan 35/205] Schroders (sector: US & Global Asset Managers)
[scrape]   [linkedin] 429 on 'structured credit Schroders' page 0 — backing off 10s (attempt 1)
[scrape]   [linkedin] US-remote pass: +1 new for Schroders
[scrape]   -> 1 new candidate(s) [linkedin:1]
[scrape] [scan 36/205] JPMorgan Chase (sector: US Banks (Toronto))
[scrape]   [linkedin] 429 on 'ALM JPMorgan Chase' page 0 — backing off 10s (attempt 1)
[scrape]   [linkedin] 429 on 'fixed income JPMorgan Chase' page 1 — backing off 10s (attempt 1)
[scrape]   [linkedin] 429 on 'structured credit JPMorgan Cha' page 0 — backing off 10s (attempt 1)
[scrape]   [linkedin] 429 on 'interest rate risk JPMorgan Ch' page 0 — backing off 10s (attempt 1)
[scrape]   [linkedin] US-remote pass: +19 new for JPMorgan Chase
[scrape]   -> 35 new candidate(s) [linkedin:35]
[scrape] [scan 37/205] Goldman Sachs (sector: US Banks (Toronto))
[scrape]   [linkedin] 429 on 'treasury risk Goldman Sachs' page 0 — backing off 10s (attempt 1)
[scrape]   [linkedin] US-remote pass: +33 new for Goldman Sachs
[scrape]   -> 33 new candidate(s) [linkedin:33]
[scrape] [scan 38/205] Morgan Stanley (sector: US Banks (Toronto))
[scrape]   [linkedin] 429 on 'derivatives Morgan Stanley' page 0 — backing off 10s (attempt 1)
[scrape]   [linkedin] US-remote pass: +46 new for Morgan Stanley
[scrape]   -> 190 new candidate(s) [workday:134, linkedin:56]
[scrape] [scan 39/205] Citi (sector: US Banks (Toronto))
[scrape]   [linkedin] 429 on 'treasury risk Citi' page 0 — backing off 10s (attempt 1)
[scrape]   [linkedin] 429 on 'Citi' page 2 — backing off 10s (attempt 1)
[scrape]   [linkedin] 429 on 'interest rate risk Citi' page 0 — backing off 10s (attempt 1)
[scrape]   [linkedin] US-remote pass: +35 new for Citi
[scrape]   -> 74 new candidate(s) [phenom:6, linkedin:68]
[scrape] [scan 40/205] HSBC (sector: US Banks (Toronto))
[scrape]   [linkedin] 429 on 'model risk HSBC' page 0 — backing off 10s (attempt 1)
[scrape]   [linkedin] 429 on 'HSBC' page 0 — backing off 10s (attempt 1)
[scrape]   [linkedin] 429 on 'fixed income HSBC' page 0 — backing off 10s (attempt 1)
[scrape]   [linkedin] US-remote pass: +4 new for HSBC
[scrape]   -> 5 new candidate(s) [linkedin:5]
[scrape] [scan 41/205] Deutsche Bank (sector: US Banks (Toronto))
[scrape]   [linkedin] 429 on 'derivatives Deutsche Bank' page 0 — backing off 10s (attempt 1)
[scrape]   [linkedin] 429 on 'model risk Deutsche Bank' page 0 — backing off 10s (attempt 1)
[scrape]   [linkedin] US-remote pass: +34 new for Deutsche Bank
[scrape]   -> 81 new candidate(s) [workday:47, linkedin:34]
[scrape] [scan 42/205] BNY Mellon (sector: US Banks (Toronto))
[scrape]   [linkedin] 429 on 'BNY Mellon' page 0 — backing off 10s (attempt 1)
[scrape]   [linkedin] 429 on 'interest rate risk BNY Mellon' page 1 — backing off 10s (attempt 1)
[scrape]   [linkedin] US-remote pass: +21 new for BNY Mellon
[scrape]   -> 22 new candidate(s) [linkedin:22]
[scrape] [scan 43/205] State Street (sector: US Banks (Toronto))
[scrape]   [linkedin] 429 on 'model risk State Street' page 1 — backing off 10s (attempt 1)
[scrape]   [linkedin] 429 on 'rates State Street' page 0 — backing off 10s (attempt 1)
[scrape]   [linkedin] 429 on 'IRRBB State Street' page 1 — backing off 10s (attempt 1)
[scrape]   [linkedin] US-remote pass: +30 new for State Street
[scrape]   -> 110 new candidate(s) [workday:59, linkedin:51]
[scrape] [scan 44/205] Northern Trust (sector: US Banks (Toronto))
[scrape]   [linkedin] 429 on 'balance sheet Northern Trust' page 0 — backing off 10s (attempt 1)
[scrape]   [linkedin] 429 on 'ALM Northern Trust' page 1 — backing off 10s (attempt 1)
[scrape]   [linkedin] US-remote pass: +32 new for Northern Trust
[scrape]   -> 102 new candidate(s) [workday:68, linkedin:34]
[scrape] [scan 45/205] Bloomberg (sector: Analytics & Risk Vendors)
[scrape]   [linkedin] 429 on 'ALM Bloomberg' page 0 — backing off 10s (attempt 1)
[scrape]   [linkedin] 429 on 'rates Bloomberg' page 0 — backing off 10s (attempt 1)
[scrape]   [linkedin] 429 on 'structured credit Bloomberg' page 0 — backing off 10s (attempt 1)
[scrape]   [linkedin] US-remote pass: +27 new for Bloomberg
[scrape]   -> 27 new candidate(s) [linkedin:27]
[scrape] [scan 46/205] MSCI (sector: Analytics & Risk Vendors)
[scrape]   [linkedin] 429 on 'model risk MSCI' page 0 — backing off 10s (attempt 1)
[scrape]   [linkedin] 429 on 'rates MSCI' page 0 — backing off 10s (attempt 1)
[scrape]   [linkedin] 429 on 'model validation MSCI' page 1 — backing off 10s (attempt 1)
[scrape]   [linkedin] US-remote pass: +1 new for MSCI
[scrape]   -> 2 new candidate(s) [linkedin:2]
[scrape] [scan 47/205] S&P Global (sector: Analytics & Risk Vendors)
[scrape]   [linkedin] 429 on 'model validation S&P Global' page 0 — backing off 10s (attempt 1)
[scrape]   [linkedin] US-remote pass: +14 new for S&P Global
[scrape]   -> 43 new candidate(s) [workday:21, linkedin:22]
[scrape] [scan 48/205] FactSet (sector: Analytics & Risk Vendors)
[scrape]   [linkedin] 429 on 'rates FactSet' page 0 — backing off 10s (attempt 1)
[scrape]   [linkedin] 429 on 'model validation FactSet' page 0 — backing off 10s (attempt 1)
[scrape]   [linkedin] US-remote pass: +11 new for FactSet
[scrape]   -> 11 new candidate(s) [linkedin:11]
[scrape] [scan 49/205] Morningstar DBRS (sector: Analytics & Risk Vendors)
[scrape]   [linkedin] 429 on 'model validation Morningstar D' page 0 — backing off 10s (attempt 1)
[scrape]   [linkedin] 429 on 'structured credit Morningstar ' page 0 — backing off 10s (attempt 1)
[scrape]   [linkedin] 429 on 'fixed income Morningstar DBRS' page 0 — backing off 10s (attempt 1)
[scrape]   -> 6 new candidate(s) [linkedin:6]
[scrape] [scan 50/205] Yields.io (sector: Analytics & Risk Vendors)
[scrape]   [linkedin] 429 on 'balance sheet Yields.io' page 0 — backing off 10s (attempt 1)
[scrape]   [linkedin] 429 on 'model risk Yields.io' page 0 — backing off 10s (attempt 1)
[scrape]   -> 0 new candidate(s) [none]
[scrape] [scan 51/205] Abrigo (sector: Analytics & Risk Vendors)
[scrape]   [linkedin] 429 on 'balance sheet Abrigo' page 0 — backing off 10s (attempt 1)
[scrape]   [linkedin] 429 on 'IRRBB Abrigo' page 0 — backing off 10s (attempt 1)
[scrape]   -> 0 new candidate(s) [none]
[scrape] [scan 52/205] nCino (sector: Analytics & Risk Vendors)
[scrape]   [linkedin] 429 on 'model risk nCino' page 0 — backing off 10s (attempt 1)
[scrape]   [linkedin] 429 on 'nCino' page 0 — backing off 10s (attempt 1)
[scrape]   [linkedin] US-remote pass: +3 new for nCino
[scrape]   -> 3 new candidate(s) [linkedin:3]
[scrape] [scan 53/205] Kamakura (SAS) (sector: Analytics & Risk Vendors)
[scrape]   [linkedin] 429 on 'swaps Kamakura (SAS)' page 0 — backing off 10s (attempt 1)
[scrape]   [linkedin] 429 on 'model risk Kamakura (SAS)' page 0 — backing off 10s (attempt 1)
[scrape]   -> 0 new candidate(s) [none]
[scrape] [scan 54/205] Beacon Platform (sector: Analytics & Risk Vendors)
[scrape]   [linkedin] 429 on 'model validation Beacon Platfo' page 0 — backing off 10s (attempt 1)
[scrape]   [linkedin] 429 on 'swaps Beacon Platform' page 0 — backing off 10s (attempt 1)
[scrape]   [linkedin] 429 on 'interest rate risk Beacon Plat' page 0 — backing off 10s (attempt 1)
[scrape]   -> 3 new candidate(s) [linkedin:3]
[scrape] [scan 55/205] SS&C Technologies (sector: Analytics & Risk Vendors)
[scrape]   [linkedin] 429 on 'treasury risk SS&C Technologie' page 0 — backing off 10s (attempt 1)
[scrape]   [linkedin] 429 on 'structured credit SS&C Technol' page 0 — backing off 10s (attempt 1)
[scrape]   [linkedin] US-remote pass: +24 new for SS&C Technologies
[scrape]   -> 65 new candidate(s) [workday:14, linkedin:51]
[scrape] [scan 56/205] Numerix (sector: Analytics & Risk Vendors)
[scrape]   [linkedin] 429 on 'balance sheet Numerix' page 0 — backing off 10s (attempt 1)
[scrape]   [linkedin] 429 on 'model validation Numerix' page 0 — backing off 10s (attempt 1)
[scrape]   -> 0 new candidate(s) [none]
[scrape] [scan 57/205] Prometeia (sector: Analytics & Risk Vendors)
[scrape]   [linkedin] 429 on 'interest rate risk Prometeia' page 0 — backing off 10s (attempt 1)
[scrape]   [linkedin] 429 on 'swaps Prometeia' page 0 — backing off 10s (attempt 1)
[scrape]   [linkedin] 429 on 'model risk Prometeia' page 0 — backing off 10s (attempt 1)
[scrape]   -> 0 new candidate(s) [none]
[scrape] [scan 58/205] Manulife (sector: Canadian Insurers)
[scrape]   [linkedin] 429 on 'treasury risk Manulife' page 0 — backing off 10s (attempt 1)
[scrape]   [linkedin] 429 on 'swaps Manulife' page 0 — backing off 10s (attempt 1)
[scrape]   [linkedin] 429 on 'model validation Manulife' page 0 — backing off 10s (attempt 1)
[scrape]   [linkedin] US-remote pass: +2 new for Manulife
[scrape]   -> 42 new candidate(s) [workday:13, linkedin:29]
[scrape] [scan 59/205] Sun Life (sector: Canadian Insurers)
[scrape]   [linkedin] 429 on 'rates Sun Life' page 0 — backing off 10s (attempt 1)
[scrape]   [linkedin] 429 on 'model risk Sun Life' page 0 — backing off 10s (attempt 1)
[scrape]   [linkedin] US-remote pass: +1 new for Sun Life
[scrape]   -> 37 new candidate(s) [workday:5, linkedin:32]
[scrape] [scan 60/205] Canada Life (sector: Canadian Insurers)
[scrape]   [linkedin] 429 on 'balance sheet Canada Life' page 2 — backing off 10s (attempt 1)
[scrape]   [linkedin] 429 on 'ALM Canada Life' page 0 — backing off 10s (attempt 1)
[scrape]   [linkedin] 429 on 'fixed income Canada Life' page 0 — backing off 10s (attempt 1)
[scrape]   [linkedin] US-remote pass: +29 new for Canada Life
[scrape]   -> 99 new candidate(s) [sf:22, linkedin:77]
[scrape] [scan 61/205] Intact Financial (sector: Canadian Insurers)
[scrape]   [linkedin] 429 on 'derivatives Intact Financial' page 0 — backing off 10s (attempt 1)
[scrape]   [linkedin] 429 on 'fixed income Intact Financial' page 0 — backing off 10s (attempt 1)
[scrape]   -> 39 new candidate(s) [linkedin:39]
[scrape] [scan 62/205] Definity Financial (sector: Canadian Insurers)
[scrape]   [linkedin] 429 on 'treasury risk Definity Financi' page 0 — backing off 10s (attempt 1)
[scrape]   [linkedin] 429 on 'model validation Definity Fina' page 0 — backing off 10s (attempt 1)
[scrape]   -> 3 new candidate(s) [linkedin:3]
[scrape] [scan 63/205] iA Financial Group (sector: Canadian Insurers)
[scrape]   [linkedin] 429 on 'balance sheet iA Financial Gro' page 0 — backing off 10s (attempt 1)
[scrape]   -> 15 new candidate(s) [workday:3, linkedin:12]
[scrape] [scan 64/205] RGA (sector: Canadian Insurers)
[scrape]   [linkedin] 429 on 'rates RGA' page 0 — backing off 10s (attempt 1)
[scrape]   [linkedin] 429 on 'interest rate risk RGA' page 0 — backing off 10s (attempt 1)
[scrape]   [linkedin] US-remote pass: +4 new for RGA
[scrape]   -> 16 new candidate(s) [workday:12, linkedin:4]
[scrape] [scan 65/205] EQB (sector: Mid Canadian Banks)
[scrape]   [linkedin] 429 on 'fixed income EQB' page 0 — backing off 10s (attempt 1)
[scrape]   [linkedin] 429 on 'EQB' page 0 — backing off 10s (attempt 1)
[scrape]   [linkedin] 429 on 'ALM EQB' page 0 — backing off 10s (attempt 1)
[scrape]   -> 0 new candidate(s) [none]
[scrape] [scan 66/205] Deloitte Canada (sector: Big 4 Risk Advisory)
[scrape]   [linkedin] 429 on 'IRRBB Deloitte Canada' page 2 — backing off 10s (attempt 1)
[scrape]   [linkedin] 429 on 'fixed income Deloitte Canada' page 0 — backing off 10s (attempt 1)
[scrape]   [linkedin] 429 on 'Deloitte Canada' page 0 — backing off 10s (attempt 1)
[scrape]   [linkedin] 429 on 'model risk Deloitte Canada' page 0 — backing off 10s (attempt 1)
[scrape]   [linkedin] US-remote pass: +30 new for Deloitte Canada
[scrape]   -> 191 new candidate(s) [sf:95, linkedin:96]
[scrape] [scan 67/205] EY Canada (sector: Big 4 Risk Advisory)
[scrape]   [linkedin] 429 on 'rates EY Canada' page 0 — backing off 10s (attempt 1)
[scrape]   [linkedin] 429 on 'model risk EY Canada' page 0 — backing off 10s (attempt 1)
[scrape]   -> 14 new candidate(s) [sf:14]
[scrape] [scan 68/205] KPMG Canada (sector: Big 4 Risk Advisory)
[scrape]   [linkedin] 429 on 'treasury risk KPMG Canada' page 0 — backing off 10s (attempt 1)
[scrape]   [linkedin] 429 on 'swaps KPMG Canada' page 0 — backing off 10s (attempt 1)
[scrape]   [linkedin] 429 on 'ALM KPMG Canada' page 0 — backing off 10s (attempt 1)
[scrape]   [linkedin] US-remote pass: +50 new for KPMG Canada
[scrape]   -> 107 new candidate(s) [linkedin:107]
[scrape] [scan 69/205] PwC Canada (sector: Big 4 Risk Advisory)
[scrape]   [linkedin] 429 on 'interest rate risk PwC Canada' page 0 — backing off 10s (attempt 1)
[scrape]   [linkedin] 429 on 'swaps PwC Canada' page 1 — backing off 10s (attempt 1)
[scrape]   [linkedin] GTA-west pass: +4 new for PwC Canada
[scrape]   [linkedin] 429 on 'model risk PwC Canada' page 0 — backing off 10s (attempt 1)
[scrape]   [linkedin] US-remote pass: +30 new for PwC Canada
[scrape]   -> 72 new candidate(s) [linkedin:72]
[scrape] [scan 70/205] Mercer (sector: Pension/ALM Consulting)
[scrape]   [linkedin] 429 on 'model validation Mercer' page 0 — backing off 10s (attempt 1)
[scrape]   [linkedin] 429 on 'Mercer' page 0 — backing off 10s (attempt 1)
[scrape]   [linkedin] 429 on 'model validation Mercer' page 0 — backing off 10s (attempt 1)
[scrape]   [linkedin] US-remote pass: +33 new for Mercer
[scrape]   -> 44 new candidate(s) [linkedin:44]
[scrape] [scan 71/205] WTW (sector: Pension/ALM Consulting)
[scrape]   [linkedin] 429 on 'IRRBB WTW' page 1 — backing off 10s (attempt 1)
[scrape]   [linkedin] 429 on 'derivatives WTW' page 0 — backing off 10s (attempt 1)
[scrape]   [linkedin] GTA-west pass: +1 new for WTW
[scrape]   [linkedin] 429 on 'ALM WTW' page 0 — backing off 10s (attempt 1)
[scrape]   [linkedin] US-remote pass: +8 new for WTW
[scrape]   -> 18 new candidate(s) [linkedin:18]
[scrape] [scan 72/205] Aon (sector: Pension/ALM Consulting)
[scrape]   [linkedin] 429 on 'ALM Aon' page 1 — backing off 10s (attempt 1)
[scrape]   [linkedin] 429 on 'balance sheet Aon' page 0 — backing off 10s (attempt 1)
[scrape]   [linkedin] 429 on 'Aon' page 3 — backing off 10s (attempt 1)
[scrape]   [linkedin] US-remote pass: +47 new for Aon
[scrape]   -> 62 new candidate(s) [linkedin:62]
[scrape] [scan 73/205] Oliver Wyman (sector: FS Strategy Consulting)
[scrape]   [linkedin] 429 on 'derivatives Oliver Wyman' page 0 — backing off 10s (attempt 1)
[scrape]   [linkedin] 429 on 'IRRBB Oliver Wyman' page 1 — backing off 10s (attempt 1)
[scrape]   [linkedin] US-remote pass: +22 new for Oliver Wyman
[scrape]   -> 33 new candidate(s) [linkedin:33]
[scrape] [scan 74/205] Fairstone Bank (sector: Mid Canadian Banks)
[scrape]   [linkedin] 429 on 'ALM Fairstone Bank' page 0 — backing off 10s (attempt 1)
[scrape]   [linkedin] 429 on 'swaps Fairstone Bank' page 0 — backing off 10s (attempt 1)
[scrape]   [linkedin] GTA-west pass: +1 new for Fairstone Bank
[scrape]   [linkedin] 429 on 'model risk Fairstone Bank' page 0 — backing off 10s (attempt 1)
[scrape]   -> 13 new candidate(s) [linkedin:13]
[scrape] [scan 75/205] Home Trust (sector: Mid Canadian Banks)
[scrape]   [linkedin] 429 on 'fixed income Home Trust' page 0 — backing off 10s (attempt 1)
[scrape]   [linkedin] US-remote pass: +10 new for Home Trust
[scrape]   -> 11 new candidate(s) [linkedin:11]
[scrape] [scan 76/205] Haventree Bank (sector: Mid Canadian Banks)
[scrape]   [linkedin] 429 on 'ALM Haventree Bank' page 0 — backing off 10s (attempt 1)
[scrape]   [linkedin] 429 on 'balance sheet Haventree Bank' page 0 — backing off 10s (attempt 1)
[scrape]   [linkedin] 429 on 'model validation Haventree Ban' page 0 — backing off 10s (attempt 1)
[scrape]   -> 9 new candidate(s) [linkedin:9]
[scrape] [scan 77/205] Laurentian Bank of Canada (sector: Mid Canadian Banks)
[scrape]   [linkedin] 429 on 'IRRBB Laurentian Bank of Canad' page 0 — backing off 10s (attempt 1)
[scrape]   [linkedin] 429 on 'rates Laurentian Bank of Canad' page 1 — backing off 10s (attempt 1)
[scrape]   [linkedin] 429 on 'IRRBB Laurentian Bank of Canad' page 0 — backing off 10s (attempt 1)
[scrape]   -> 16 new candidate(s) [linkedin:16]
[scrape] [scan 78/205] Tangerine Bank (sector: Mid Canadian Banks)
[scrape]   [linkedin] 429 on 'Tangerine Bank' page 1 — backing off 10s (attempt 1)
[scrape]   -> 9 new candidate(s) [linkedin:9]
[scrape] [scan 79/205] Amex Bank of Canada (sector: Mid Canadian Banks)
[scrape]   [linkedin] 429 on 'swaps Amex Bank of Canada' page 0 — backing off 10s (attempt 1)
[scrape]   [linkedin] 429 on 'model risk Amex Bank of Canada' page 0 — backing off 10s (attempt 1)
[scrape]   -> 0 new candidate(s) [none]
[scrape] [scan 80/205] Rogers Bank (sector: Mid Canadian Banks)
[scrape]   [linkedin] 429 on 'model risk Rogers Bank' page 2 — backing off 10s (attempt 1)
[scrape]   [linkedin] 429 on 'swaps Rogers Bank' page 0 — backing off 10s (attempt 1)
[scrape]   [linkedin] 429 on 'fixed income Rogers Bank' page 0 — backing off 10s (attempt 1)
[scrape]   [linkedin] US-remote pass: +3 new for Rogers Bank
[scrape]   -> 16 new candidate(s) [linkedin:16]
[scrape] [scan 81/205] Canadian Tire Bank (sector: Mid Canadian Banks)
[scrape]   [linkedin] 429 on 'balance sheet Canadian Tire Ba' page 1 — backing off 10s (attempt 1)
[scrape]   [linkedin] 429 on 'Canadian Tire Bank' page 0 — backing off 10s (attempt 1)
[scrape]   -> 34 new candidate(s) [linkedin:34]
[scrape] [scan 82/205] Manulife Bank (sector: Mid Canadian Banks)
[scrape]   [linkedin] 429 on 'treasury risk Manulife Bank' page 0 — backing off 10s (attempt 1)
[scrape]   [linkedin] GTA-west pass: +2 new for Manulife Bank
[scrape]   -> 11 new candidate(s) [linkedin:11]
[scrape] [scan 83/205] RFA Bank of Canada (sector: Mid Canadian Banks)
[scrape]   [linkedin] 429 on 'ALM RFA Bank of Canada' page 0 — backing off 10s (attempt 1)
[scrape]   -> 0 new candidate(s) [none]
[scrape] [scan 84/205] Fairfax Financial Holdings (sector: Canadian Insurers)
[scrape]   [linkedin] 429 on 'model validation Fairfax Finan' page 0 — backing off 10s (attempt 1)
[scrape]   -> 0 new candidate(s) [none]
[scrape] [scan 85/205] ivari (sector: Canadian Insurers)
[scrape]   [linkedin] 429 on 'derivatives ivari' page 0 — backing off 10s (attempt 1)
[scrape]   [linkedin] GTA-west pass: +1 new for ivari
[scrape]   [linkedin] 429 on 'IRRBB ivari' page 0 — backing off 10s (attempt 1)
[scrape]   -> 15 new candidate(s) [linkedin:15]
[scrape] [scan 86/205] Foresters Financial (sector: Canadian Insurers)
[scrape]   [linkedin] 429 on 'IRRBB Foresters Financial' page 0 — backing off 10s (attempt 1)
[scrape]   [linkedin] 429 on 'swaps Foresters Financial' page 0 — backing off 10s (attempt 1)
[scrape]   [linkedin] 429 on 'model validation Foresters Fin' page 0 — backing off 10s (attempt 1)
[scrape]   [linkedin] US-remote pass: +5 new for Foresters Financial
[scrape]   -> 5 new candidate(s) [linkedin:5]
[scrape] [scan 87/205] Empire Life (sector: Canadian Insurers)
[scrape]   [linkedin] 429 on 'IRRBB Empire Life' page 1 — backing off 10s (attempt 1)
[scrape]   [linkedin] 429 on 'rates Empire Life' page 0 — backing off 10s (attempt 1)
[scrape]   [linkedin] 429 on 'model validation Empire Life' page 0 — backing off 10s (attempt 1)
[scrape]   [linkedin] US-remote pass: +1 new for Empire Life
[scrape]   -> 12 new candidate(s) [linkedin:12]
[scrape] [scan 88/205] Equitable Life of Canada (sector: Canadian Insurers)
[scrape]   [linkedin] 429 on 'model risk Equitable Life of C' page 0 — backing off 10s (attempt 1)
[scrape]   [linkedin] 429 on 'structured credit Equitable Li' page 0 — backing off 10s (attempt 1)
[scrape]   [linkedin] GTA-west pass: +1 new for Equitable Life of Canada
[scrape]   [linkedin] 429 on 'IRRBB Equitable Life of Canada' page 0 — backing off 10s (attempt 1)
[scrape]   [linkedin] US-remote pass: +2 new for Equitable Life of Canada
[scrape]   -> 12 new candidate(s) [linkedin:12]
[scrape] [scan 89/205] Aviva Canada (sector: Canadian Insurers)
[scrape]   [linkedin] 429 on 'derivatives Aviva Canada' page 0 — backing off 10s (attempt 1)
[scrape]   [linkedin] 429 on 'model risk Aviva Canada' page 0 — backing off 10s (attempt 1)
[scrape]   -> 46 new candidate(s) [linkedin:46]
[scrape] [scan 90/205] Co-operators (sector: Canadian Insurers)
[scrape]   [linkedin] 429 on 'model validation Co-operators' page 0 — backing off 10s (attempt 1)
[scrape]   [linkedin] 429 on 'balance sheet Co-operators' page 1 — backing off 10s (attempt 1)
[scrape]   [linkedin] 429 on 'Co-operators' page 0 — backing off 10s (attempt 1)
[scrape]   [linkedin] GTA-west pass: +1 new for Co-operators
[scrape]   -> 52 new candidate(s) [linkedin:52]
[scrape] [scan 91/205] Wawanesa Insurance (sector: Canadian Insurers)
[scrape]   [linkedin] 429 on 'IRRBB Wawanesa Insurance' page 0 — backing off 10s (attempt 1)
[scrape]   [linkedin] 429 on 'derivatives Wawanesa Insurance' page 0 — backing off 10s (attempt 1)
[scrape]   [linkedin] 429 on 'Wawanesa Insurance' page 2 — backing off 10s (attempt 1)
[scrape]   -> 16 new candidate(s) [linkedin:16]
[scrape] [scan 92/205] Northbridge Financial (sector: Canadian Insurers)
[scrape]   [linkedin] 429 on 'model risk Northbridge Financi' page 0 — backing off 10s (attempt 1)
[scrape]   [linkedin] 429 on 'rates Northbridge Financial' page 0 — backing off 10s (attempt 1)
[scrape]   [linkedin] 429 on 'model risk Northbridge Financi' page 0 — backing off 10s (attempt 1)
[scrape]   -> 3 new candidate(s) [linkedin:3]
[scrape] [scan 93/205] Munich Re Canada (sector: Canadian Insurers)
[scrape]   [linkedin] 429 on 'model risk Munich Re Canada' page 0 — backing off 10s (attempt 1)
[scrape]   [linkedin] 429 on 'derivatives Munich Re Canada' page 1 — backing off 10s (attempt 1)
[scrape]   [linkedin] 429 on 'Munich Re Canada' page 0 — backing off 10s (attempt 1)
[scrape]   [linkedin] US-remote pass: +18 new for Munich Re Canada
[scrape]   -> 33 new candidate(s) [linkedin:33]
[scrape] [scan 94/205] Swiss Re Canada (sector: Canadian Insurers)
[scrape]   [linkedin] 429 on 'ALM Swiss Re Canada' page 0 — backing off 10s (attempt 1)
[scrape]   [linkedin] 429 on 'balance sheet Swiss Re Canada' page 0 — backing off 10s (attempt 1)
[scrape]   [linkedin] 429 on 'ALM Swiss Re Canada' page 0 — backing off 10s (attempt 1)
[scrape]   [linkedin] 429 on 'fixed income Swiss Re Canada' page 1 — backing off 10s (attempt 1)
[scrape]   [linkedin] US-remote pass: +16 new for Swiss Re Canada
[scrape]   -> 22 new candidate(s) [linkedin:22]
[scrape] [scan 95/205] Trisura Group (sector: Canadian Insurers)
[scrape]   [linkedin] 429 on 'interest rate risk Trisura Gro' page 0 — backing off 10s (attempt 1)
[scrape]   [linkedin] 429 on 'fixed income Trisura Group' page 0 — backing off 10s (attempt 1)
[scrape]   [linkedin] 429 on 'Trisura Group' page 0 — backing off 10s (attempt 1)
[scrape]   [linkedin] US-remote pass: +1 new for Trisura Group
[scrape]   -> 11 new candidate(s) [linkedin:11]
[scrape] [scan 96/205] Canada Guaranty (sector: Canadian Insurers)
[scrape]   [linkedin] 429 on 'model validation Canada Guaran' page 0 — backing off 10s (attempt 1)
[scrape]   [linkedin] 429 on 'rates Canada Guaranty' page 1 — backing off 10s (attempt 1)
[scrape]   [linkedin] 429 on 'interest rate risk Canada Guar' page 0 — backing off 10s (attempt 1)
[scrape]   -> 1 new candidate(s) [linkedin:1]
[scrape] [scan 97/205] Sagen MI Canada (sector: Canadian Insurers)
[scrape]   [linkedin] 429 on 'treasury risk Sagen MI Canada' page 0 — backing off 10s (attempt 1)
[scrape]   [linkedin] 429 on 'model risk Sagen MI Canada' page 0 — backing off 10s (attempt 1)
[scrape]   -> 0 new candidate(s) [none]
[scrape] [scan 98/205] MCAP Financial (sector: Mortgage Lenders)
[scrape]   [linkedin] 429 on 'model validation MCAP Financia' page 0 — backing off 10s (attempt 1)
[scrape]   [linkedin] 429 on 'swaps MCAP Financial' page 0 — backing off 10s (attempt 1)
[scrape]   [linkedin] 429 on 'model risk MCAP Financial' page 0 — backing off 10s (attempt 1)
[scrape]   -> 2 new candidate(s) [linkedin:2]
[scrape] [scan 99/205] First National Financial (sector: Mortgage Lenders)
[scrape]   [linkedin] 429 on 'First National Financial' page 0 — backing off 10s (attempt 1)
[scrape]   [linkedin] GTA-west pass: +1 new for First National Financial
[scrape]   [linkedin] 429 on 'ALM First National Financial' page 0 — backing off 10s (attempt 1)
[scrape]   [linkedin] US-remote pass: +3 new for First National Financial
[scrape]   -> 16 new candidate(s) [linkedin:16]
[scrape] [scan 100/205] CMLS Financial (sector: Mortgage Lenders)
[scrape]   [linkedin] 429 on 'IRRBB CMLS Financial' page 0 — backing off 10s (attempt 1)
[scrape]   [linkedin] 429 on 'balance sheet CMLS Financial' page 0 — backing off 10s (attempt 1)
[scrape]   [linkedin] 429 on 'CMLS Financial' page 0 — backing off 10s (attempt 1)
[scrape]   -> 4 new candidate(s) [linkedin:4]
[scrape] [scan 101/205] Element Fleet Management (sector: Non-Bank Lenders)
[scrape]   [linkedin] 429 on 'Element Fleet Management' page 0 — backing off 10s (attempt 1)
[scrape]   -> 9 new candidate(s) [linkedin:9]
[scrape] [scan 102/205] Ford Credit Canada (sector: Non-Bank Lenders)
[scrape]   [linkedin] 429 on 'ALM Ford Credit Canada' page 0 — backing off 10s (attempt 1)
[scrape]   [linkedin] 429 on 'treasury risk Ford Credit Cana' page 0 — backing off 10s (attempt 1)
[scrape]   [linkedin] 429 on 'ALM Ford Credit Canada' page 0 — backing off 10s (attempt 1)
[scrape]   [linkedin] US-remote pass: +25 new for Ford Credit Canada
[scrape]   -> 24 new candidate(s) [linkedin:24]
[scrape] [scan 103/205] Hyundai Capital Canada (sector: Non-Bank Lenders)
[scrape]   [linkedin] 429 on 'balance sheet Hyundai Capital ' page 0 — backing off 10s (attempt 1)
[scrape]   [linkedin] 429 on 'IRRBB Hyundai Capital Canada' page 0 — backing off 10s (attempt 1)
[scrape]   [linkedin] US-remote pass: +19 new for Hyundai Capital Canada
[scrape]   -> 27 new candidate(s) [linkedin:27]
[scrape] [scan 104/205] Toyota Financial Services Canada (sector: Non-Bank Lenders)
[scrape]   [linkedin] 429 on 'model validation Toyota Financ' page 0 — backing off 10s (attempt 1)
[scrape]   [linkedin] 429 on 'balance sheet Toyota Financial' page 0 — backing off 10s (attempt 1)
[scrape]   [linkedin] 429 on 'Toyota Financial Services Cana' page 0 — backing off 10s (attempt 1)
[scrape]   [linkedin] 429 on 'fixed income Toyota Financial ' page 0 — backing off 10s (attempt 1)
[scrape]   [linkedin] US-remote pass: +10 new for Toyota Financial Services Canada
[scrape]   -> 25 new candidate(s) [linkedin:25]
[scrape] [scan 105/205] Fiera Capital (sector: Canadian Asset Managers)
[scrape]   [linkedin] 429 on 'balance sheet Fiera Capital' page 0 — backing off 10s (attempt 1)
[scrape]   [linkedin] 429 on 'Fiera Capital' page 3 — backing off 10s (attempt 1)
[scrape]   -> 20 new candidate(s) [linkedin:20]
[scrape] [scan 106/205] Beutel Goodman (sector: Canadian Asset Managers)
[scrape]   [linkedin] 429 on 'ALM Beutel Goodman' page 0 — backing off 10s (attempt 1)
[scrape]   [linkedin] 429 on 'fixed income Beutel Goodman' page 0 — backing off 10s (attempt 1)
[scrape]   [linkedin] 429 on 'Beutel Goodman' page 0 — backing off 10s (attempt 1)
[scrape]   [linkedin] 429 on 'fixed income Beutel Goodman' page 0 — backing off 10s (attempt 1)
[scrape]   -> 2 new candidate(s) [linkedin:2]
[scrape] [scan 107/205] Burgundy Asset Management (sector: Canadian Asset Managers)
[scrape]   [linkedin] 429 on 'treasury risk Burgundy Asset M' page 0 — backing off 10s (attempt 1)
[scrape]   [linkedin] 429 on 'Burgundy Asset Management' page 0 — backing off 10s (attempt 1)
[scrape]   -> 0 new candidate(s) [none]
[scrape] [scan 108/205] 1832 Asset Management (sector: Canadian Asset Managers)
[scrape]   [linkedin] 429 on 'derivatives 1832 Asset Managem' page 0 — backing off 10s (attempt 1)
[scrape]   -> 0 new candidate(s) [none]
[scrape] [scan 109/205] Purpose Investments (sector: Canadian Asset Managers)
[scrape]   [linkedin] GTA-west pass: +1 new for Purpose Investments
[scrape]   -> 7 new candidate(s) [linkedin:7]
[scrape] [scan 110/205] Horizons ETFs / Global X (sector: Canadian Asset Managers)
[scrape]   [linkedin] 429 on 'fixed income Horizons ETFs / G' page 0 — backing off 10s (attempt 1)
[scrape]   -> 0 new candidate(s) [none]
[scrape] [scan 111/205] Franklin Templeton Canada (sector: US & Global Asset Managers)
[scrape]   [linkedin] 429 on 'derivatives Franklin Templeton' page 0 — backing off 10s (attempt 1)
[scrape]   [linkedin] US-remote pass: +17 new for Franklin Templeton Canada
[scrape]   -> 17 new candidate(s) [linkedin:17]
[scrape] [scan 112/205] Polar Asset Management (sector: Hedge Funds / Alt AM)
[scrape]   -> 0 new candidate(s) [none]
[scrape] [scan 113/205] RPIA (sector: Hedge Funds / Alt AM)
[scrape]   [linkedin] 429 on 'model risk RPIA' page 0 — backing off 10s (attempt 1)
[scrape]   [linkedin] 429 on 'structured credit RPIA' page 0 — backing off 10s (attempt 1)
[scrape]   -> 5 new candidate(s) [linkedin:5]
[scrape] [scan 114/205] Algonquin Capital (sector: Hedge Funds / Alt AM)
[scrape]   -> 0 new candidate(s) [none]
[scrape] [scan 115/205] Lawrence Park Asset Management (sector: Hedge Funds / Alt AM)
[scrape]   [linkedin] 429 on 'IRRBB Lawrence Park Asset Mana' page 0 — backing off 10s (attempt 1)
[scrape]   -> 0 new candidate(s) [none]
[scrape] [scan 116/205] Waratah Capital Advisors (sector: Hedge Funds / Alt AM)
[scrape]   [linkedin] 429 on 'Waratah Capital Advisors' page 0 — backing off 10s (attempt 1)
[scrape]   -> 0 new candidate(s) [none]
[scrape] [scan 117/205] Sagard Holdings (sector: Private Credit)
[scrape]   [linkedin] 429 on 'IRRBB Sagard Holdings' page 0 — backing off 10s (attempt 1)
[scrape]   [linkedin] 429 on 'model validation Sagard Holdin' page 0 — backing off 10s (attempt 1)
[scrape]   [linkedin] 429 on 'swaps Sagard Holdings' page 0 — backing off 10s (attempt 1)
[scrape]   [linkedin] 429 on 'model risk Sagard Holdings' page 0 — backing off 10s (attempt 1)
[scrape]   -> 4 new candidate(s) [linkedin:4]
[scrape] [scan 118/205] Northleaf Capital Partners (sector: Private Credit)
[scrape]   [linkedin] 429 on 'ALM Northleaf Capital Partners' page 0 — backing off 10s (attempt 1)
[scrape]   -> 3 new candidate(s) [linkedin:3]
[scrape] [scan 119/205] KingSett Capital (sector: Private Credit)
[scrape]   [linkedin] 429 on 'ALM KingSett Capital' page 0 — backing off 10s (attempt 1)
[scrape]   -> 1 new candidate(s) [linkedin:1]
[scrape] [scan 120/205] Ninepoint Partners (sector: Private Credit)
[scrape]   -> 0 new candidate(s) [none]
[scrape] [scan 121/205] Trez Capital (sector: Private Credit)
[scrape]   -> 0 new candidate(s) [none]
[scrape] [scan 122/205] Romspen Investment Corporation (sector: Private Credit)
[scrape]   [linkedin] 429 on 'model validation Romspen Inves' page 0 — backing off 10s (attempt 1)
[scrape]   -> 0 new candidate(s) [none]
[scrape] [scan 123/205] Antares Capital (sector: Private Credit)
[scrape]   [linkedin] 429 on 'model risk Antares Capital' page 0 — backing off 10s (attempt 1)
[scrape]   [linkedin] US-remote pass: +3 new for Antares Capital
[scrape]   -> 3 new candidate(s) [linkedin:3]
[scrape] [scan 124/205] Third Eye Capital (sector: Private Credit)
[scrape]   -> 0 new candidate(s) [none]
[scrape] [scan 125/205] CIBC Mellon (sector: Fund Admin/Custody)
[scrape]   [linkedin] GTA-west pass: +4 new for CIBC Mellon
[scrape]   [linkedin] US-remote pass: +2 new for CIBC Mellon
[scrape]   -> 42 new candidate(s) [linkedin:42]
[scrape] [scan 126/205] RBC Investor Services (sector: Fund Admin/Custody)
[scrape]   [linkedin] 429 on 'IRRBB RBC Investor Services' page 1 — backing off 10s (attempt 1)
[scrape]   [linkedin] US-remote pass: +20 new for RBC Investor Services
[scrape]   -> 64 new candidate(s) [linkedin:64]
[scrape] [scan 127/205] Citco Fund Services (sector: Fund Admin/Custody)
[scrape]   [linkedin] 429 on 'Citco Fund Services' page 0 — backing off 10s (attempt 1)
[scrape]   [linkedin] US-remote pass: +11 new for Citco Fund Services
[scrape]   -> 53 new candidate(s) [linkedin:53]
[scrape] [scan 128/205] SEI Investments Canada (sector: Fund Admin/Custody)
[scrape]   [linkedin] 429 on 'IRRBB SEI Investments Canada' page 0 — backing off 10s (attempt 1)
[scrape]   [linkedin] US-remote pass: +2 new for SEI Investments Canada
[scrape]   -> 2 new candidate(s) [linkedin:2]
[scrape] [scan 129/205] Apex Group (sector: Fund Admin/Custody)
[scrape]   [linkedin] 429 on 'IRRBB Apex Group' page 1 — backing off 10s (attempt 1)
[scrape]   [linkedin] 429 on 'rates Apex Group' page 0 — backing off 10s (attempt 1)
[scrape]   [linkedin] 429 on 'IRRBB Apex Group' page 0 — backing off 10s (attempt 1)
[scrape]   -> 10 new candidate(s) [linkedin:10]
[scrape] [scan 130/205] MUFG Investor Services (sector: Fund Admin/Custody)
[scrape]   [linkedin] US-remote pass: +8 new for MUFG Investor Services
[scrape]   -> 24 new candidate(s) [linkedin:24]
[scrape] [scan 131/205] TMX Group (sector: Market Infrastructure)
[scrape]   -> 24 new candidate(s) [linkedin:24]
[scrape] [scan 132/205] Fundserv (sector: Market Infrastructure)
[scrape]   [linkedin] 429 on 'balance sheet Fundserv' page 0 — backing off 10s (attempt 1)
[scrape]   -> 0 new candidate(s) [none]
[scrape] [scan 133/205] Finastra (sector: Analytics & Risk Vendors)
[scrape]   [linkedin] US-remote pass: +5 new for Finastra
[scrape]   -> 13 new candidate(s) [linkedin:13]
[scrape] [scan 134/205] FIS Global (sector: Analytics & Risk Vendors)
[scrape]   [linkedin] US-remote pass: +18 new for FIS Global
[scrape]   -> 19 new candidate(s) [linkedin:19]
[scrape] [scan 135/205] Broadridge (sector: Analytics & Risk Vendors)
[scrape]   [linkedin] 429 on 'model validation Broadridge' page 0 — backing off 10s (attempt 1)
[scrape]   [linkedin] US-remote pass: +27 new for Broadridge
[scrape]   -> 29 new candidate(s) [linkedin:29]
[scrape] [scan 136/205] DTCC (sector: Market Infrastructure)
[scrape]   [linkedin] 429 on 'model risk DTCC' page 1 — backing off 10s (attempt 1)
[scrape]   [linkedin] US-remote pass: +4 new for DTCC
[scrape]   -> 4 new candidate(s) [linkedin:4]
[scrape] [scan 137/205] Cboe Canada (sector: Market Infrastructure)
[scrape]   [linkedin] 429 on 'IRRBB Cboe Canada' page 0 — backing off 10s (attempt 1)
[scrape]   [linkedin] US-remote pass: +9 new for Cboe Canada
[scrape]   -> 8 new candidate(s) [linkedin:8]
[scrape] [scan 138/205] SAS Canada (sector: Analytics & Risk Vendors)
[scrape]   [linkedin] 429 on 'IRRBB SAS Canada' page 0 — backing off 10s (attempt 1)
[scrape]   -> 1 new candidate(s) [linkedin:1]
[scrape] [scan 139/205] Wolters Kluwer (sector: Analytics & Risk Vendors)
[scrape]   [linkedin] 429 on 'balance sheet Wolters Kluwer' page 0 — backing off 10s (attempt 1)
[scrape]   [linkedin] US-remote pass: +10 new for Wolters Kluwer
[scrape]   -> 10 new candidate(s) [linkedin:10]
[scrape] [scan 140/205] Nasdaq (sector: Analytics & Risk Vendors)
[scrape]   [linkedin] 429 on 'treasury risk Nasdaq' page 0 — backing off 10s (attempt 1)
[scrape]   [linkedin] US-remote pass: +10 new for Nasdaq
[scrape]   -> 15 new candidate(s) [linkedin:15]
[scrape] [scan 141/205] Moody's Corporation (sector: Analytics & Risk Vendors)
[scrape]   [linkedin] 429 on 'swaps Moody's Corporation' page 0 — backing off 10s (attempt 1)
[scrape]   [linkedin] US-remote pass: +19 new for Moody's Corporation
[scrape]   -> 20 new candidate(s) [linkedin:20]
[scrape] [scan 142/205] Qontigo (sector: Analytics & Risk Vendors)
[scrape]   [linkedin] 429 on 'derivatives Qontigo' page 0 — backing off 10s (attempt 1)
[scrape]   -> 0 new candidate(s) [none]
[scrape] [scan 143/205] Quantifi (sector: Analytics & Risk Vendors)
[scrape]   [linkedin] 429 on 'rates Quantifi' page 0 — backing off 10s (attempt 1)
[scrape]   [linkedin] 429 on 'model validation Quantifi' page 0 — backing off 10s (attempt 1)
[scrape]   -> 0 new candidate(s) [none]
[scrape] [scan 144/205] ION Group (sector: Analytics & Risk Vendors)
[scrape]   [linkedin] 429 on 'swaps ION Group' page 0 — backing off 10s (attempt 1)
[scrape]   [linkedin] 429 on 'model risk ION Group' page 0 — backing off 10s (attempt 1)
[scrape]   [linkedin] US-remote pass: +7 new for ION Group
[scrape]   -> 16 new candidate(s) [linkedin:16]
[scrape] [scan 145/205] Murex (sector: Analytics & Risk Vendors)
[scrape]   -> 1 new candidate(s) [linkedin:1]
[scrape] [scan 146/205] SS&C Technologies (Algorithmics) (sector: Analytics & Risk Vendors)
[scrape]   -> 0 new candidate(s) [none]
[scrape] [scan 149/205] Clearwater Analytics (sector: Analytics & Risk Vendors)
[scrape]   [linkedin] 429 on 'fixed income Clearwater Analyt' page 0 — backing off 10s (attempt 1)
[scrape]   [linkedin] US-remote pass: +10 new for Clearwater Analytics
[scrape]   -> 9 new candidate(s) [linkedin:9]
[scrape] [scan 150/205] OSFI (sector: Regulators & Crown)
[scrape]   [linkedin] 429 on 'swaps OSFI' page 0 — backing off 10s (attempt 1)
[scrape]   -> 0 new candidate(s) [none]
[scrape] [scan 151/205] Bank of Canada (sector: Regulators & Crown)
[scrape]   -> 29 new candidate(s) [sf:19, linkedin:10]
[scrape] [scan 152/205] CDIC (sector: Regulators & Crown)
[scrape]   [linkedin] 429 on 'rates CDIC' page 0 — backing off 10s (attempt 1)
[scrape]   -> 0 new candidate(s) [none]
[scrape] [scan 153/205] FSRA Ontario (sector: Regulators & Crown)
[scrape]   -> 1 new candidate(s) [linkedin:1]
[scrape] [scan 154/205] Ontario Securities Commission (sector: Regulators & Crown)
[scrape]   -> 6 new candidate(s) [linkedin:6]
[scrape] [scan 155/205] CMHC (sector: Regulators & Crown)
[scrape]   [linkedin] 429 on 'interest rate risk CMHC' page 0 — backing off 10s (attempt 1)
[scrape]   -> 60 new candidate(s) [sf:53, linkedin:7]
[scrape] [scan 156/205] EDC (sector: Regulators & Crown)
[scrape]   -> 0 new candidate(s) [none]
[scrape] [scan 157/205] BDC (sector: Regulators & Crown)
[scrape]   [linkedin] 429 on 'structured credit BDC' page 0 — backing off 10s (attempt 1)
[scrape]   -> 1 new candidate(s) [linkedin:1]
[scrape] [scan 158/205] CIRO (sector: Regulators & Crown)
[scrape]   [linkedin] 429 on 'rates CIRO' page 0 — backing off 10s (attempt 1)
[scrape]   -> 15 new candidate(s) [linkedin:15]
[scrape] [scan 159/205] Infrastructure Ontario (sector: Regulators & Crown)
[scrape]   [linkedin] 429 on 'balance sheet Infrastructure O' page 0 — backing off 10s (attempt 1)
[scrape]   [linkedin] 429 on 'IRRBB Infrastructure Ontario' page 0 — backing off 10s (attempt 1)
[scrape]   -> 7 new candidate(s) [linkedin:7]
[scrape] [scan 160/205] Wealthsimple (sector: Fintech)
[scrape]   [linkedin] 429 on 'fixed income Wealthsimple' page 0 — backing off 10s (attempt 1)
[scrape]   [linkedin] US-remote pass: +4 new for Wealthsimple
[scrape]   -> 11 new candidate(s) [linkedin:11]
[scrape] [scan 161/205] Questrade Financial Group (sector: Fintech)
[scrape]   [linkedin] 429 on 'model risk Questrade Financial' page 0 — backing off 10s (attempt 1)
[scrape]   -> 20 new candidate(s) [linkedin:20]
[scrape] [scan 162/205] Interac (sector: Fintech)
[scrape]   [linkedin] 429 on 'model risk Interac' page 0 — backing off 10s (attempt 1)
[scrape]   [linkedin] 429 on 'structured credit Interac' page 0 — backing off 10s (attempt 1)
[scrape]   [linkedin] 429 on 'fixed income Interac' page 0 — backing off 10s (attempt 1)
[scrape]   -> 18 new candidate(s) [linkedin:18]
[scrape] [scan 163/205] Moneris (sector: Fintech)
[scrape]   -> 14 new candidate(s) [linkedin:14]
[scrape] [scan 164/205] Nuvei (sector: Fintech)
[scrape]   [linkedin] 429 on 'swaps Nuvei' page 0 — backing off 10s (attempt 1)
[scrape]   [linkedin] 429 on 'model risk Nuvei' page 0 — backing off 10s (attempt 1)
[scrape]   [linkedin] US-remote pass: +4 new for Nuvei
[scrape]   -> 5 new candidate(s) [linkedin:5]
[scrape] [scan 165/205] Neo Financial (sector: Fintech)
[scrape]   [linkedin] 429 on 'swaps Neo Financial' page 1 — backing off 10s (attempt 1)
[scrape]   [linkedin] 429 on 'fixed income Neo Financial' page 0 — backing off 10s (attempt 1)
[scrape]   -> 15 new candidate(s) [linkedin:15]
[scrape] [scan 166/205] Payments Canada (sector: Fintech)
[scrape]   -> 0 new candidate(s) [none]
[scrape] [scan 167/205] Stripe (sector: Fintech)
[scrape]   [linkedin] 429 on 'treasury risk Stripe' page 0 — backing off 10s (attempt 1)
[scrape]   [linkedin] US-remote pass: +22 new for Stripe
[scrape]   -> 56 new candidate(s) [greenhouse:10, linkedin:46]
[scrape] [scan 168/205] Affirm (sector: Fintech)
[scrape]   [linkedin] US-remote pass: +69 new for Affirm
[scrape]   -> 139 new candidate(s) [greenhouse:11, linkedin:128]
[scrape] [scan 169/205] Robinhood (sector: Fintech)
[scrape]   [linkedin] 429 on 'model validation Robinhood' page 0 — backing off 10s (attempt 1)
[scrape]   [linkedin] US-remote pass: +7 new for Robinhood
[scrape]   -> 14 new candidate(s) [greenhouse:2, linkedin:12]
[scrape] [scan 170/205] Point72 (sector: Hedge Funds / Alt AM)
[scrape]   [linkedin] 429 on 'fixed income Point72' page 1 — backing off 10s (attempt 1)
[scrape]   [linkedin] US-remote pass: +14 new for Point72
[scrape]   -> 41 new candidate(s) [greenhouse:27, linkedin:14]
[scrape] [scan 171/205] SLC Management (sector: Canadian Asset Managers)
[scrape]   [linkedin] 429 on 'derivatives SLC Management' page 0 — backing off 10s (attempt 1)
[scrape]   -> 9 new candidate(s) [linkedin:9]
[scrape] [scan 172/205] Manulife Investment Management (sector: Canadian Asset Managers)
[scrape]   [linkedin] 429 on 'IRRBB Manulife Investment Mana' page 0 — backing off 10s (attempt 1)
[scrape]   [linkedin] 429 on 'balance sheet Manulife Investm' page 0 — backing off 10s (attempt 1)
[scrape]   -> 12 new candidate(s) [linkedin:12]
[scrape] [scan 173/205] CIBC Asset Management (sector: Canadian Asset Managers)
[scrape]   [linkedin] 429 on 'balance sheet CIBC Asset Manag' page 2 — backing off 10s (attempt 1)
[scrape]   [linkedin] US-remote pass: +4 new for CIBC Asset Management
[scrape]   -> 26 new candidate(s) [linkedin:26]
[scrape] [scan 174/205] Desjardins Global Asset Management (sector: Canadian Asset Managers)
[scrape]   [linkedin] 429 on 'model risk Desjardins Global A' page 0 — backing off 10s (attempt 1)
[scrape]   [linkedin] 429 on 'swaps Desjardins Global Asset ' page 0 — backing off 10s (attempt 1)
[scrape]   -> 47 new candidate(s) [linkedin:47]
[scrape] [scan 175/205] Addenda Capital (sector: Canadian Asset Managers)
[scrape]   [linkedin] 429 on 'treasury risk Addenda Capital' page 0 — backing off 10s (attempt 1)
[scrape]   [linkedin] 429 on 'Addenda Capital' page 0 — backing off 10s (attempt 1)
[scrape]   -> 2 new candidate(s) [linkedin:2]
[scrape] [scan 176/205] Russell Investments Canada (sector: Canadian Asset Managers)
[scrape]   [linkedin] 429 on 'structured credit Russell Inve' page 0 — backing off 10s (attempt 1)
[scrape]   [linkedin] US-remote pass: +10 new for Russell Investments Canada
[scrape]   -> 10 new candidate(s) [linkedin:10]
[scrape] [scan 177/205] Mawer Investment Management (sector: Canadian Asset Managers)
[scrape]   -> 1 new candidate(s) [linkedin:1]
[scrape] [scan 178/205] Verition Fund Management (sector: Hedge Funds / Alt AM)
[scrape]   [linkedin] 429 on 'interest rate risk Verition Fu' page 0 — backing off 10s (attempt 1)
[scrape]   [linkedin] US-remote pass: +4 new for Verition Fund Management
[scrape]   -> 4 new candidate(s) [linkedin:4]
[scrape] [scan 179/205] Marret Asset Management (sector: Hedge Funds / Alt AM)
[scrape]   -> 0 new candidate(s) [none]
[scrape] [scan 180/205] Hillsdale Investment Management (sector: Hedge Funds / Alt AM)
[scrape]   [linkedin] 429 on 'model risk Hillsdale Investmen' page 0 — backing off 10s (attempt 1)
[scrape]   -> 1 new candidate(s) [linkedin:1]
[scrape] [scan 181/205] Anson Funds (sector: Hedge Funds / Alt AM)
[scrape]   [linkedin] 429 on 'balance sheet Anson Funds' page 0 — backing off 10s (attempt 1)
[scrape]   [linkedin] 429 on 'model validation Anson Funds' page 0 — backing off 10s (attempt 1)
[scrape]   -> 0 new candidate(s) [none]
[scrape] [scan 182/205] Balyasny Asset Management (sector: Hedge Funds / Alt AM)
[scrape]   [linkedin] 429 on 'ALM Balyasny Asset Management' page 0 — backing off 10s (attempt 1)
[scrape]   [linkedin] US-remote pass: +5 new for Balyasny Asset Management
[scrape]   -> 5 new candidate(s) [linkedin:5]
[scrape] [scan 183/205] Citadel (sector: Hedge Funds / Alt AM)
[scrape]   [linkedin] 429 on 'ALM Citadel' page 0 — backing off 10s (attempt 1)
[scrape]   [linkedin] 429 on 'balance sheet Citadel' page 0 — backing off 10s (attempt 1)
[scrape]   [linkedin] US-remote pass: +13 new for Citadel
[scrape]   -> 12 new candidate(s) [linkedin:12]
[scrape] [scan 184/205] Sprott (sector: Hedge Funds / Alt AM)
[scrape]   -> 0 new candidate(s) [none]
[scrape] [scan 185/205] Onex (Onex Credit) (sector: Private Credit)
[scrape]   [linkedin] 429 on 'ALM Onex (Onex Credit)' page 0 — backing off 10s (attempt 1)
[scrape]   -> 3 new candidate(s) [linkedin:3]
[scrape] [scan 186/205] Canso Investment Counsel (sector: Private Credit)
[scrape]   -> 1 new candidate(s) [linkedin:1]
[scrape] [scan 187/205] Blackstone Credit (sector: Private Credit)
[scrape]   [linkedin] 429 on 'model validation Blackstone Cr' page 0 — backing off 10s (attempt 1)
[scrape]   [linkedin] US-remote pass: +29 new for Blackstone Credit
[scrape]   -> 30 new candidate(s) [linkedin:30]
[scrape] [scan 188/205] Barings (sector: Private Credit)
[scrape]   [linkedin] US-remote pass: +5 new for Barings
[scrape]   -> 5 new candidate(s) [linkedin:5]
[scrape] [scan 189/205] Bank of America (sector: US Banks (Toronto))
[scrape]   [linkedin] US-remote pass: +12 new for Bank of America
[scrape]   -> 17 new candidate(s) [linkedin:17]
[scrape] [scan 190/205] MUFG Bank (Canada) (sector: US Banks (Toronto))
[scrape]   [linkedin] US-remote pass: +33 new for MUFG Bank (Canada)
[scrape]   -> 47 new candidate(s) [linkedin:47]
[scrape] [scan 191/205] UBS (sector: US Banks (Toronto))
[scrape]   [linkedin] 429 on 'fixed income UBS' page 0 — backing off 10s (attempt 1)
[scrape]   [linkedin] US-remote pass: +26 new for UBS
[scrape]   -> 26 new candidate(s) [linkedin:26]
[scrape] [scan 192/205] Macquarie Group (sector: US Banks (Toronto))
[scrape]   [linkedin] 429 on 'fixed income Macquarie Group' page 0 — backing off 10s (attempt 1)
[scrape]   [linkedin] 429 on 'IRRBB Macquarie Group' page 0 — backing off 10s (attempt 1)
[scrape]   [linkedin] US-remote pass: +10 new for Macquarie Group
[scrape]   -> 10 new candidate(s) [linkedin:10]
[scrape] [scan 193/205] SMBC (sector: US Banks (Toronto))
[scrape]   [linkedin] 429 on 'model risk SMBC' page 0 — backing off 10s (attempt 1)
[scrape]   [linkedin] 429 on 'interest rate risk SMBC' page 0 — backing off 10s (attempt 1)
[scrape]   [linkedin] US-remote pass: +15 new for SMBC
[scrape]   -> 16 new candidate(s) [linkedin:16]
[scrape] [scan 194/205] Mizuho (sector: US Banks (Toronto))
[scrape]   [linkedin] US-remote pass: +29 new for Mizuho
[scrape]   -> 27 new candidate(s) [linkedin:27]
[scrape] [scan 195/205] PNC (Canada) (sector: US Banks (Toronto))
[scrape]   [linkedin] 429 on 'model validation PNC (Canada)' page 0 — backing off 10s (attempt 1)
[scrape]   [linkedin] 429 on 'PNC (Canada)' page 0 — backing off 10s (attempt 1)
[scrape]   [linkedin] US-remote pass: +30 new for PNC (Canada)
[scrape]   -> 27 new candidate(s) [linkedin:27]
[scrape] [scan 196/205] Natixis CIB (sector: US Banks (Toronto))
[scrape]   [linkedin] 429 on 'rates Natixis CIB' page 0 — backing off 10s (attempt 1)
[scrape]   [linkedin] 429 on 'interest rate risk Natixis CIB' page 0 — backing off 10s (attempt 1)
[scrape]   [linkedin] US-remote pass: +6 new for Natixis CIB
[scrape]   -> 6 new candidate(s) [linkedin:6]
[scrape] [scan 197/205] Societe Generale (sector: US Banks (Toronto))
[scrape]   [linkedin] US-remote pass: +10 new for Societe Generale
[scrape]   -> 19 new candidate(s) [linkedin:19]
[scrape] [scan 198/205] BNP Paribas (sector: US Banks (Toronto))
[scrape]   [linkedin] 429 on 'treasury risk BNP Paribas' page 0 — backing off 10s (attempt 1)
[scrape]   [linkedin] US-remote pass: +20 new for BNP Paribas
[scrape]   -> 34 new candidate(s) [linkedin:34]
[scrape] [scan 199/205] WSIB (sector: Canadian Pension Funds)
[scrape]   [linkedin] 429 on 'structured credit WSIB' page 0 — backing off 10s (attempt 1)
[scrape]   -> 0 new candidate(s) [none]
[scrape] [scan 200/205] University Pension Plan (sector: Canadian Pension Funds)
[scrape]   [linkedin] US-remote pass: +5 new for University Pension Plan
[scrape]   -> 9 new candidate(s) [linkedin:9]
[scrape] [scan 201/205] UTAM (sector: Canadian Pension Funds)
[scrape]   [linkedin] 429 on 'IRRBB UTAM' page 0 — backing off 10s (attempt 1)
[scrape]   [linkedin] 429 on 'rates UTAM' page 0 — backing off 10s (attempt 1)
[scrape]   -> 0 new candidate(s) [none]
[scrape] [scan 202/205] OPG Pension Fund (sector: Canadian Pension Funds)
[scrape]   [linkedin] 429 on 'fixed income OPG Pension Fund' page 0 — backing off 10s (attempt 1)
[scrape]   -> 0 new candidate(s) [none]
[scrape] [scan 203/205] Ontario Pension Board (sector: Canadian Pension Funds)
[scrape]   [linkedin] 429 on 'model risk Ontario Pension Boa' page 0 — backing off 10s (attempt 1)
[scrape]   [linkedin] 429 on 'derivatives Ontario Pension Bo' page 1 — backing off 10s (attempt 1)
[scrape]   [linkedin] GTA-west pass: +1 new for Ontario Pension Board
[scrape]   [linkedin] 429 on 'model validation Ontario Pensi' page 0 — backing off 10s (attempt 1)
[scrape]   -> 25 new candidate(s) [linkedin:25]
[scrape] [scan 204/205] Trans-Canada Capital (sector: Canadian Pension Funds)
[scrape]   [linkedin] 429 on 'Trans-Canada Capital' page 0 — backing off 10s (attempt 1)
[scrape]   [linkedin] 429 on 'interest rate risk Trans-Canad' page 0 — backing off 10s (attempt 1)
[scrape]   [linkedin] US-remote pass: +1 new for Trans-Canada Capital
[scrape]   -> 1 new candidate(s) [linkedin:1]
[scrape] [scan 205/205] Fitch Ratings (sector: Analytics & Risk Vendors)
[scrape]   [linkedin] US-remote pass: +12 new for Fitch Ratings
[scrape]   -> 42 new candidate(s) [linkedin:42]
[scrape] [scan] Dedup: 5361 raw -> 3909 unique (-496 dup URL, -956 near-dup)
[scrape] [scan] Freshness: 1059 newly-seen URL(s), 2850 previously seen.
[scrape] [scan] WARN: 35 companies returned 0 results (may need Workday config or LinkedIn fixes):
[scrape]     - Yields.io
[scrape]     - Abrigo
[scrape]     - Kamakura (SAS)
[scrape]     - Numerix
[scrape]     - Prometeia
[scrape]     - EQB
[scrape]     - Amex Bank of Canada
[scrape]     - RFA Bank of Canada
[scrape]     - Fairfax Financial Holdings
[scrape]     - Sagen MI Canada
[scrape]     - Burgundy Asset Management
[scrape]     - 1832 Asset Management
[scrape]     - Horizons ETFs / Global X
[scrape]     - Polar Asset Management
[scrape]     - Algonquin Capital
[scrape]     - Lawrence Park Asset Management
[scrape]     - Waratah Capital Advisors
[scrape]     - Ninepoint Partners
[scrape]     - Trez Capital
[scrape]     - Romspen Investment Corporation
[scrape] 
[scrape] [scan] Wrote C:\Users\PC\OneDrive\Documents\GitHub\ApplyAgent\automation\outputs\scan_20260804.json
[scrape] [scan] Wrote C:\Users\PC\OneDrive\Documents\GitHub\ApplyAgent\automation\outputs\scan_20260804.md
[scrape] [scan] 3909 new candidates across 19 sectors.
[scrape] [scan] worklist rebuilt: 4151 rows (3772 scrape, 251 gmail, 128 both)
[stage 1.5] Rebuilding worklist (scrape ∪ recent Gmail pool)...
[worklist] 4151 rows (3772 scrape, 251 gmail, 128 both) · 1719 new since last score
[stage 2] SKIPPED
[stage 3] SKIPPED

=== Pipeline 20260804_005042 complete ===
