# scrape_resume
# cmd: C:\Users\PC\AppData\Local\Programs\Python\Python311\python.exe C:\Users\PC\OneDrive\Documents\GitHub\ApplyAgent\automation\jd_scraper.py --resume --expansion
# started: 2026-07-28T15:47:47.438672

[scan] Resuming from checkpoint: 203/205 companies already done, 4566 candidates captured so far.
[scan] Dedup: 4566 raw -> 3395 unique (-466 dup URL, -705 near-dup)
[scan] Freshness: 0 newly-seen URL(s), 3395 previously seen.
[scan] WARN: 35 companies returned 0 results (may need Workday config or LinkedIn fixes):
    - Schroders
    - Yields.io
    - Abrigo
    - Kamakura (SAS)
    - Numerix
    - Prometeia
    - EQB
    - Amex Bank of Canada
    - RFA Bank of Canada
    - Burgundy Asset Management
    - 1832 Asset Management
    - Horizons ETFs / Global X
    - Polar Asset Management
    - Algonquin Capital
    - Lawrence Park Asset Management
    - Waratah Capital Advisors
    - Ninepoint Partners
    - Trez Capital
    - Romspen Investment Corporation
    - Antares Capital
Traceback (most recent call last):
  File "C:\Users\PC\OneDrive\Documents\GitHub\ApplyAgent\automation\jd_scraper.py", line 2096, in <module>
    sys.exit(main())
             ^^^^^^
  File "C:\Users\PC\OneDrive\Documents\GitHub\ApplyAgent\automation\jd_scraper.py", line 2018, in main
    _zero = [c for c in per_company if c.get("total", 0) == 0]
                        ^^^^^^^^^^^
NameError: name 'per_company' is not defined
