# scrape_resume
# cmd: C:\Program Files\Python313\python.exe C:\Dev\ApplyAgent\automation\jd_scraper.py --resume --expansion
# started: 2026-05-25T10:39:43.402259

[scan] Resuming from checkpoint: 16/159 companies already done, 56 candidates captured so far.
[scan 17/159] RBC Global Asset Management (sector: Canadian Asset Managers)
  [linkedin] GTA-west pass: +2 new for RBC Global Asset Management
  -> 23 new candidate(s) [linkedin:23]
[scan 18/159] TD Asset Management (sector: Canadian Asset Managers)
  -> 48 new candidate(s) [workday:48]
[scan 19/159] BMO Asset Management (sector: Canadian Asset Managers)
  -> 115 new candidate(s) [workday:67, linkedin:48]
[scan 20/159] CI Financial (sector: Canadian Asset Managers)
  -> 10 new candidate(s) [linkedin:10]
[scan 21/159] Mackenzie Investments (sector: Canadian Asset Managers)
  -> 9 new candidate(s) [linkedin:9]
[scan 22/159] AGF Management (sector: Canadian Asset Managers)
  -> 15 new candidate(s) [workday:7, linkedin:8]
[scan 23/159] Fidelity Canada (sector: Canadian Asset Managers)
  -> 28 new candidate(s) [linkedin:28]
[scan 24/159] Connor Clark & Lunn (sector: Canadian Asset Managers)
  [linkedin] GTA-west pass: +1 new for Connor Clark & Lunn
  -> 26 new candidate(s) [linkedin:26]
[scan 25/159] Guardian Capital Group (sector: Canadian Asset Managers)
  -> 3 new candidate(s) [linkedin:3]
[scan 26/159] Picton Mahoney Asset Management (sector: Canadian Asset Managers)
  -> 2 new candidate(s) [linkedin:2]
[scan 27/159] Canada Infrastructure Bank (sector: Canadian Asset Managers)
  -> 7 new candidate(s) [linkedin:7]
[scan 28/159] BlackRock (sector: US & Global Asset Managers)
  -> 2 new candidate(s) [linkedin:2]
[scan 29/159] PIMCO (sector: US & Global Asset Managers)
  -> 0 new candidate(s) [none]
[scan 30/159] Vanguard (sector: US & Global Asset Managers)
  -> 9 new candidate(s) [workday:2, linkedin:7]
[scan 31/159] Invesco (sector: US & Global Asset Managers)
  -> 0 new candidate(s) [none]
[scan 32/159] Wellington Management (sector: US & Global Asset Managers)
  -> 3 new candidate(s) [workday:1, linkedin:2]
[scan 33/159] Schroders (sector: US & Global Asset Managers)
  -> 0 new candidate(s) [none]
[scan 34/159] JPMorgan Chase (sector: US Banks (Toronto))
  -> 8 new candidate(s) [linkedin:8]
[scan 35/159] Goldman Sachs (sector: US Banks (Toronto))
  -> 1 new candidate(s) [linkedin:1]
[scan 36/159] Morgan Stanley (sector: US Banks (Toronto))
  -> 1 new candidate(s) [workday:1]
[scan 37/159] Citi (sector: US Banks (Toronto))
  -> 35 new candidate(s) [linkedin:35]
[scan 38/159] HSBC (sector: US Banks (Toronto))
  -> 0 new candidate(s) [none]
[scan 39/159] Deutsche Bank (sector: US Banks (Toronto))
  -> 0 new candidate(s) [none]
[scan 40/159] BNY Mellon (sector: US Banks (Toronto))
  -> 3 new candidate(s) [linkedin:3]
[scan 41/159] State Street (sector: US Banks (Toronto))
  -> 28 new candidate(s) [workday:10, linkedin:18]
[scan 42/159] Northern Trust (sector: US Banks (Toronto))
  -> 3 new candidate(s) [workday:1, linkedin:2]
[scan 43/159] Bloomberg (sector: Analytics & Risk Vendors)
  -> 0 new candidate(s) [none]
[scan 44/159] MSCI (sector: Analytics & Risk Vendors)
  -> 3 new candidate(s) [linkedin:3]
[scan 45/159] S&P Global (sector: Analytics & Risk Vendors)
  -> 5 new candidate(s) [workday:1, linkedin:4]
[scan 46/159] FactSet (sector: Analytics & Risk Vendors)
  -> 1 new candidate(s) [linkedin:1]
[scan 47/159] Morningstar DBRS (sector: Analytics & Risk Vendors)
  -> 7 new candidate(s) [linkedin:7]
[scan 48/159] SS&C Technologies (sector: Analytics & Risk Vendors)
  -> 25 new candidate(s) [workday:7, linkedin:18]
[scan 49/159] Numerix (sector: Analytics & Risk Vendors)
  -> 1 new candidate(s) [linkedin:1]
[scan 50/159] Prometeia (sector: Analytics & Risk Vendors)
  -> 0 new candidate(s) [none]
[scan 51/159] Manulife (sector: Canadian Insurers)
  -> 57 new candidate(s) [workday:8, linkedin:49]
[scan 52/159] Sun Life (sector: Canadian Insurers)
  -> 31 new candidate(s) [workday:4, linkedin:27]
[scan 53/159] Canada Life (sector: Canadian Insurers)
  -> 41 new candidate(s) [sf:11, linkedin:30]
[scan 54/159] Intact Financial (sector: Canadian Insurers)
  -> 13 new candidate(s) [linkedin:13]
[scan 55/159] Definity Financial (sector: Canadian Insurers)
  -> 0 new candidate(s) [none]
[scan 56/159] iA Financial Group (sector: Canadian Insurers)
  -> 12 new candidate(s) [workday:1, linkedin:11]
[scan 57/159] RGA (sector: Canadian Insurers)
  -> 5 new candidate(s) [workday:4, linkedin:1]
[scan 58/159] EQB (sector: Mid Canadian Banks)
  -> 0 new candidate(s) [none]
[scan 59/159] Deloitte Canada (sector: Big 4 Risk Advisory)
  -> 99 new candidate(s) [sf:65, linkedin:34]
[scan 60/159] EY Canada (sector: Big 4 Risk Advisory)
  -> 2 new candidate(s) [sf:2]
[scan 61/159] KPMG Canada (sector: Big 4 Risk Advisory)
  [linkedin] GTA-west pass: +4 new for KPMG Canada
  -> 70 new candidate(s) [linkedin:70]
[scan 62/159] PwC Canada (sector: Big 4 Risk Advisory)
  [linkedin] GTA-west pass: +4 new for PwC Canada
  -> 28 new candidate(s) [linkedin:28]
[scan 63/159] Mercer (sector: Pension/ALM Consulting)
  -> 10 new candidate(s) [linkedin:10]
[scan 64/159] WTW (sector: Pension/ALM Consulting)
  -> 9 new candidate(s) [linkedin:9]
[scan 65/159] Aon (sector: Pension/ALM Consulting)
  [linkedin] GTA-west pass: +3 new for Aon
  -> 13 new candidate(s) [linkedin:13]
[scan 66/159] Oliver Wyman (sector: FS Strategy Consulting)
  -> 10 new candidate(s) [linkedin:10]
[scan 67/159] Fairstone Bank (sector: Mid Canadian Banks)
  [linkedin] GTA-west pass: +1 new for Fairstone Bank
  -> 9 new candidate(s) [linkedin:9]
[scan 68/159] Home Trust (sector: Mid Canadian Banks)
  -> 0 new candidate(s) [none]
[scan 69/159] Haventree Bank (sector: Mid Canadian Banks)
  -> 6 new candidate(s) [linkedin:6]
[scan 70/159] Laurentian Bank of Canada (sector: Mid Canadian Banks)
  -> 6 new candidate(s) [linkedin:6]
[scan 71/159] Tangerine Bank (sector: Mid Canadian Banks)
  -> 7 new candidate(s) [linkedin:7]
[scan 72/159] Amex Bank of Canada (sector: Mid Canadian Banks)
  -> 0 new candidate(s) [none]
[scan 73/159] Rogers Bank (sector: Mid Canadian Banks)
  -> 8 new candidate(s) [linkedin:8]
[scan 74/159] Canadian Tire Bank (sector: Mid Canadian Banks)
  -> 24 new candidate(s) [linkedin:24]
[scan 75/159] Manulife Bank (sector: Mid Canadian Banks)
  -> 26 new candidate(s) [linkedin:26]
[scan 76/159] RFA Bank of Canada (sector: Mid Canadian Banks)
  -> 0 new candidate(s) [none]
[scan 77/159] Fairfax Financial Holdings (sector: Canadian Insurers)
  -> 0 new candidate(s) [none]
[scan 78/159] ivari (sector: Canadian Insurers)
  -> 11 new candidate(s) [linkedin:11]
[scan 79/159] Foresters Financial (sector: Canadian Insurers)
  -> 13 new candidate(s) [linkedin:13]
[scan 80/159] Empire Life (sector: Canadian Insurers)
  -> 7 new candidate(s) [linkedin:7]
[scan 81/159] Equitable Life of Canada (sector: Canadian Insurers)
  -> 0 new candidate(s) [none]
[scan 82/159] Aviva Canada (sector: Canadian Insurers)
  -> 44 new candidate(s) [linkedin:44]
[scan 83/159] Co-operators (sector: Canadian Insurers)
  -> 44 new candidate(s) [linkedin:44]
[scan 84/159] Wawanesa Insurance (sector: Canadian Insurers)
  -> 8 new candidate(s) [linkedin:8]
[scan 85/159] Northbridge Financial (sector: Canadian Insurers)
  -> 4 new candidate(s) [linkedin:4]
[scan 86/159] Munich Re Canada (sector: Canadian Insurers)
  -> 11 new candidate(s) [linkedin:11]
[scan 87/159] Swiss Re Canada (sector: Canadian Insurers)
  -> 11 new candidate(s) [linkedin:11]
[scan 88/159] Trisura Group (sector: Canadian Insurers)
  -> 5 new candidate(s) [linkedin:5]
[scan 89/159] Canada Guaranty (sector: Canadian Insurers)
  -> 2 new candidate(s) [linkedin:2]
[scan 90/159] Sagen MI Canada (sector: Canadian Insurers)
  -> 1 new candidate(s) [linkedin:1]
[scan 91/159] MCAP Financial (sector: Mortgage Lenders)
  -> 7 new candidate(s) [linkedin:7]
[scan 92/159] First National Financial (sector: Mortgage Lenders)
  -> 9 new candidate(s) [linkedin:9]
[scan 93/159] CMLS Financial (sector: Mortgage Lenders)
  -> 5 new candidate(s) [linkedin:5]
[scan 94/159] Element Fleet Management (sector: Non-Bank Lenders)
  -> 5 new candidate(s) [linkedin:5]
[scan 95/159] Ford Credit Canada (sector: Non-Bank Lenders)
  -> 1 new candidate(s) [linkedin:1]
[scan 96/159] Hyundai Capital Canada (sector: Non-Bank Lenders)
  -> 5 new candidate(s) [linkedin:5]
[scan 97/159] Toyota Financial Services Canada (sector: Non-Bank Lenders)
  -> 8 new candidate(s) [linkedin:8]
[scan 98/159] Fiera Capital (sector: Canadian Asset Managers)
  -> 11 new candidate(s) [linkedin:11]
[scan 99/159] Beutel Goodman (sector: Canadian Asset Managers)
  -> 1 new candidate(s) [linkedin:1]
[scan 100/159] Burgundy Asset Management (sector: Canadian Asset Managers)
  -> 0 new candidate(s) [none]
[scan 101/159] 1832 Asset Management (sector: Canadian Asset Managers)
  -> 0 new candidate(s) [none]
[scan 102/159] Purpose Investments (sector: Canadian Asset Managers)
  [linkedin] GTA-west pass: +4 new for Purpose Investments
  -> 5 new candidate(s) [linkedin:5]
[scan 103/159] Horizons ETFs / Global X (sector: Canadian Asset Managers)
  -> 0 new candidate(s) [none]
[scan 104/159] Franklin Templeton Canada (sector: US & Global Asset Managers)
  -> 0 new candidate(s) [none]
[scan 105/159] Polar Asset Management (sector: Hedge Funds / Alt AM)
  -> 1 new candidate(s) [linkedin:1]
[scan 106/159] RPIA (sector: Hedge Funds / Alt AM)
  -> 1 new candidate(s) [linkedin:1]
[scan 107/159] Algonquin Capital (sector: Hedge Funds / Alt AM)
  -> 0 new candidate(s) [none]
[scan 108/159] Lawrence Park Asset Management (sector: Hedge Funds / Alt AM)
  -> 0 new candidate(s) [none]
[scan 109/159] Waratah Capital Advisors (sector: Hedge Funds / Alt AM)
  -> 0 new candidate(s) [none]
[scan 110/159] Sagard Holdings (sector: Private Credit)
  -> 2 new candidate(s) [linkedin:2]
[scan 111/159] Northleaf Capital Partners (sector: Private Credit)
  -> 2 new candidate(s) [linkedin:2]
[scan 112/159] KingSett Capital (sector: Private Credit)
  -> 1 new candidate(s) [linkedin:1]
[scan 113/159] Ninepoint Partners (sector: Private Credit)
  -> 1 new candidate(s) [linkedin:1]
[scan 114/159] Trez Capital (sector: Private Credit)
  -> 1 new candidate(s) [linkedin:1]
[scan 115/159] Romspen Investment Corporation (sector: Private Credit)
  -> 0 new candidate(s) [none]
[scan 116/159] Antares Capital (sector: Private Credit)
  -> 0 new candidate(s) [none]
[scan 117/159] Third Eye Capital (sector: Private Credit)
  -> 0 new candidate(s) [none]
[scan 118/159] CIBC Mellon (sector: Fund Admin/Custody)
  -> 22 new candidate(s) [linkedin:22]
[scan 119/159] RBC Investor Services (sector: Fund Admin/Custody)
  -> 26 new candidate(s) [linkedin:26]
[scan 120/159] Citco Fund Services (sector: Fund Admin/Custody)
  -> 30 new candidate(s) [linkedin:30]
[scan 121/159] SEI Investments Canada (sector: Fund Admin/Custody)
  -> 0 new candidate(s) [none]
[scan 122/159] Apex Group (sector: Fund Admin/Custody)
  -> 15 new candidate(s) [linkedin:15]
[scan 123/159] MUFG Investor Services (sector: Fund Admin/Custody)
  -> 16 new candidate(s) [linkedin:16]
[scan 124/159] TMX Group (sector: Market Infrastructure)
  -> 16 new candidate(s) [linkedin:16]
[scan 125/159] Fundserv (sector: Market Infrastructure)
  -> 3 new candidate(s) [linkedin:3]
[scan 126/159] Finastra (sector: Market Infrastructure)
  -> 4 new candidate(s) [linkedin:4]
[scan 127/159] FIS Global (sector: Market Infrastructure)
  -> 1 new candidate(s) [linkedin:1]
[scan 128/159] Broadridge (sector: Market Infrastructure)
  -> 8 new candidate(s) [linkedin:8]
[scan 129/159] DTCC (sector: Market Infrastructure)
  -> 0 new candidate(s) [none]
[scan 130/159] Cboe Canada (sector: Market Infrastructure)
  -> 0 new candidate(s) [none]
[scan 131/159] SAS Canada (sector: Analytics & Risk Vendors)
  -> 0 new candidate(s) [none]
[scan 132/159] Wolters Kluwer (sector: Analytics & Risk Vendors)
  -> 5 new candidate(s) [linkedin:5]
[scan 133/159] Nasdaq (sector: Analytics & Risk Vendors)
  -> 5 new candidate(s) [linkedin:5]
[scan 134/159] Moody's Corporation (sector: Analytics & Risk Vendors)
  -> 0 new candidate(s) [none]
[scan 135/159] Qontigo (sector: Analytics & Risk Vendors)
  -> 0 new candidate(s) [none]
[scan 136/159] Quantifi (sector: Analytics & Risk Vendors)
  -> 0 new candidate(s) [none]
[scan 137/159] ION Group (sector: Analytics & Risk Vendors)
  -> 4 new candidate(s) [linkedin:4]
[scan 138/159] Murex (sector: Analytics & Risk Vendors)
  -> 3 new candidate(s) [linkedin:3]
[scan 139/159] OSFI (sector: Regulators & Crown)
  -> 0 new candidate(s) [none]
[scan 140/159] Bank of Canada (sector: Regulators & Crown)
  -> 32 new candidate(s) [sf:19, linkedin:13]
[scan 141/159] CDIC (sector: Regulators & Crown)
  -> 0 new candidate(s) [none]
[scan 142/159] FSRA Ontario (sector: Regulators & Crown)
  -> 0 new candidate(s) [none]
[scan 143/159] Ontario Securities Commission (sector: Regulators & Crown)
  -> 2 new candidate(s) [linkedin:2]
[scan 144/159] CMHC (sector: Regulators & Crown)
  -> 12 new candidate(s) [sf:4, linkedin:8]
[scan 145/159] EDC (sector: Regulators & Crown)
  -> 0 new candidate(s) [none]
[scan 146/159] BDC (sector: Regulators & Crown)
  -> 4 new candidate(s) [linkedin:4]
[scan 147/159] CIRO (sector: Regulators & Crown)
  -> 19 new candidate(s) [linkedin:19]
[scan 148/159] Infrastructure Ontario (sector: Regulators & Crown)
  -> 6 new candidate(s) [linkedin:6]
[scan 149/159] Wealthsimple (sector: Fintech)
  -> 9 new candidate(s) [linkedin:9]
[scan 150/159] Questrade Financial Group (sector: Fintech)
  -> 50 new candidate(s) [linkedin:50]
[scan 151/159] Interac (sector: Fintech)
  -> 17 new candidate(s) [linkedin:17]
[scan 152/159] Moneris (sector: Fintech)
  -> 17 new candidate(s) [linkedin:17]
[scan 153/159] Nuvei (sector: Fintech)
  -> 0 new candidate(s) [none]
[scan 154/159] Neo Financial (sector: Fintech)
  -> 10 new candidate(s) [linkedin:10]
[scan 155/159] Payments Canada (sector: Fintech)
  -> 0 new candidate(s) [none]
[scan 156/159] Stripe (sector: Fintech)
  -> 26 new candidate(s) [greenhouse:2, linkedin:24]
[scan 157/159] Affirm (sector: Fintech)
  -> 37 new candidate(s) [greenhouse:2, linkedin:35]
[scan 158/159] Robinhood (sector: Fintech)
  -> 10 new candidate(s) [greenhouse:1, linkedin:9]
[scan 159/159] Point72 (sector: Hedge Funds / Alt AM)
  -> 2 new candidate(s) [greenhouse:2]
[scan] Dedup: 1601 raw -> 1360 unique (-45 dup URL, -196 near-dup)
[scan] Freshness: 939 newly-seen URL(s), 421 previously seen.
[scan] WARN: 52 companies returned 0 results (may need Workday config or LinkedIn fixes):
    - RBC
    - TD Bank
    - BMO
    - CIBC
    - National Bank of Canada
    - HOOPP
    - OMERS
    - Ontario Teachers' Pension Plan
    - CPP Investments
    - PSP Investments
    - OPTrust
    - CAAT Pension Plan
    - IMCO
    - CDPQ
    - Brookfield Asset Management
    - PIMCO
    - Invesco
    - Schroders
    - HSBC
    - Deutsche Bank

[scan] Wrote C:\Dev\ApplyAgent\automation\outputs\scan_20260525.json
[scan] Wrote C:\Dev\ApplyAgent\automation\outputs\scan_20260525.md
[scan] 1360 new candidates across 18 sectors.
[scan] worklist rebuilt: 1475 rows (1330 scrape, 117 gmail, 28 both)
