# scrape_resume
# cmd: C:\Users\PC\AppData\Local\Programs\Python\Python311\python.exe C:\Users\PC\OneDrive\Documents\GitHub\ApplyAgent\automation\jd_scraper.py --resume --expansion
# started: 2026-07-28T14:33:24.244869

[scan] Resuming from checkpoint: 123/205 companies already done, 3563 candidates captured so far.
[scan 124/205] Third Eye Capital (sector: Private Credit)
  -> 0 new candidate(s) [none]
[scan 125/205] CIBC Mellon (sector: Fund Admin/Custody)
  [linkedin] US-remote pass: +3 new for CIBC Mellon
  -> 21 new candidate(s) [linkedin:21]
[scan 126/205] RBC Investor Services (sector: Fund Admin/Custody)
  [linkedin] US-remote pass: +13 new for RBC Investor Services
  -> 50 new candidate(s) [linkedin:50]
[scan 127/205] Citco Fund Services (sector: Fund Admin/Custody)
  [linkedin] US-remote pass: +8 new for Citco Fund Services
  -> 38 new candidate(s) [linkedin:38]
[scan 128/205] SEI Investments Canada (sector: Fund Admin/Custody)
  [linkedin] US-remote pass: +1 new for SEI Investments Canada
  -> 1 new candidate(s) [linkedin:1]
[scan 129/205] Apex Group (sector: Fund Admin/Custody)
  [linkedin] US-remote pass: +6 new for Apex Group
  -> 23 new candidate(s) [linkedin:23]
[scan 130/205] MUFG Investor Services (sector: Fund Admin/Custody)
  [linkedin] US-remote pass: +5 new for MUFG Investor Services
  -> 25 new candidate(s) [linkedin:25]
[scan 131/205] TMX Group (sector: Market Infrastructure)
  -> 13 new candidate(s) [linkedin:13]
[scan 132/205] Fundserv (sector: Market Infrastructure)
  -> 1 new candidate(s) [linkedin:1]
[scan 133/205] Finastra (sector: Analytics & Risk Vendors)
  [linkedin] US-remote pass: +12 new for Finastra
  -> 16 new candidate(s) [linkedin:16]
[scan 134/205] FIS Global (sector: Analytics & Risk Vendors)
  [linkedin] US-remote pass: +4 new for FIS Global
  -> 8 new candidate(s) [linkedin:8]
[scan 135/205] Broadridge (sector: Analytics & Risk Vendors)
  [linkedin] US-remote pass: +20 new for Broadridge
  -> 24 new candidate(s) [linkedin:24]
[scan 136/205] DTCC (sector: Market Infrastructure)
  [linkedin] US-remote pass: +3 new for DTCC
  -> 3 new candidate(s) [linkedin:3]
[scan 137/205] Cboe Canada (sector: Market Infrastructure)
  [linkedin] US-remote pass: +2 new for Cboe Canada
  -> 2 new candidate(s) [linkedin:2]
[scan 138/205] SAS Canada (sector: Analytics & Risk Vendors)
  [linkedin] US-remote pass: +2 new for SAS Canada
  -> 1 new candidate(s) [linkedin:1]
[scan 139/205] Wolters Kluwer (sector: Analytics & Risk Vendors)
  [linkedin] US-remote pass: +31 new for Wolters Kluwer
  -> 26 new candidate(s) [linkedin:26]
[scan 140/205] Nasdaq (sector: Analytics & Risk Vendors)
  [linkedin] US-remote pass: +15 new for Nasdaq
  -> 20 new candidate(s) [linkedin:20]
[scan 141/205] Moody's Corporation (sector: Analytics & Risk Vendors)
  [linkedin] US-remote pass: +12 new for Moody's Corporation
  -> 13 new candidate(s) [linkedin:13]
[scan 142/205] Qontigo (sector: Analytics & Risk Vendors)
  -> 0 new candidate(s) [none]
[scan 143/205] Quantifi (sector: Analytics & Risk Vendors)
  -> 0 new candidate(s) [none]
[scan 144/205] ION Group (sector: Analytics & Risk Vendors)
  [linkedin] US-remote pass: +3 new for ION Group
  -> 7 new candidate(s) [linkedin:7]
[scan 145/205] Murex (sector: Analytics & Risk Vendors)
  -> 1 new candidate(s) [linkedin:1]
[scan 146/205] SS&C Technologies (Algorithmics) (sector: Analytics & Risk Vendors)
  -> 0 new candidate(s) [none]
[scan 149/205] Clearwater Analytics (sector: Analytics & Risk Vendors)
  [linkedin] US-remote pass: +15 new for Clearwater Analytics
  -> 15 new candidate(s) [linkedin:15]
[scan 150/205] OSFI (sector: Regulators & Crown)
  -> 0 new candidate(s) [none]
[scan 151/205] Bank of Canada (sector: Regulators & Crown)
  -> 32 new candidate(s) [sf:23, linkedin:9]
[scan 152/205] CDIC (sector: Regulators & Crown)
  -> 0 new candidate(s) [none]
[scan 153/205] FSRA Ontario (sector: Regulators & Crown)
  -> 1 new candidate(s) [linkedin:1]
[scan 154/205] Ontario Securities Commission (sector: Regulators & Crown)
  -> 1 new candidate(s) [linkedin:1]
[scan 155/205] CMHC (sector: Regulators & Crown)
  -> 57 new candidate(s) [sf:47, linkedin:10]
[scan 156/205] EDC (sector: Regulators & Crown)
  [linkedin] US-remote pass: +1 new for EDC
  -> 1 new candidate(s) [linkedin:1]
[scan 157/205] BDC (sector: Regulators & Crown)
  -> 14 new candidate(s) [linkedin:14]
[scan 158/205] CIRO (sector: Regulators & Crown)
  -> 9 new candidate(s) [linkedin:9]
[scan 159/205] Infrastructure Ontario (sector: Regulators & Crown)
  -> 9 new candidate(s) [linkedin:9]
[scan 160/205] Wealthsimple (sector: Fintech)
  [linkedin] US-remote pass: +5 new for Wealthsimple
  -> 13 new candidate(s) [linkedin:13]
[scan 161/205] Questrade Financial Group (sector: Fintech)
  -> 24 new candidate(s) [linkedin:24]
[scan 162/205] Interac (sector: Fintech)
  -> 17 new candidate(s) [linkedin:17]
[scan 163/205] Moneris (sector: Fintech)
  -> 12 new candidate(s) [linkedin:12]
[scan 164/205] Nuvei (sector: Fintech)
  [linkedin] US-remote pass: +5 new for Nuvei
  -> 6 new candidate(s) [linkedin:6]
[scan 165/205] Neo Financial (sector: Fintech)
  [linkedin] GTA-west pass: +1 new for Neo Financial
  -> 8 new candidate(s) [linkedin:8]
[scan 166/205] Payments Canada (sector: Fintech)
  -> 12 new candidate(s) [linkedin:12]
[scan 167/205] Stripe (sector: Fintech)
  [linkedin] US-remote pass: +6 new for Stripe
  -> 34 new candidate(s) [greenhouse:9, linkedin:25]
[scan 168/205] Affirm (sector: Fintech)
  [linkedin] US-remote pass: +41 new for Affirm
  -> 82 new candidate(s) [greenhouse:9, linkedin:73]
[scan 169/205] Robinhood (sector: Fintech)
  [linkedin] US-remote pass: +5 new for Robinhood
  -> 8 new candidate(s) [greenhouse:2, linkedin:6]
[scan 170/205] Point72 (sector: Hedge Funds / Alt AM)
  [linkedin] US-remote pass: +9 new for Point72
  -> 36 new candidate(s) [greenhouse:27, linkedin:9]
[scan 171/205] SLC Management (sector: Canadian Asset Managers)
  -> 3 new candidate(s) [linkedin:3]
[scan 172/205] Manulife Investment Management (sector: Canadian Asset Managers)
  -> 10 new candidate(s) [linkedin:10]
[scan 173/205] CIBC Asset Management (sector: Canadian Asset Managers)
  [linkedin] US-remote pass: +2 new for CIBC Asset Management
  -> 18 new candidate(s) [linkedin:18]
[scan 174/205] Desjardins Global Asset Management (sector: Canadian Asset Managers)
  -> 16 new candidate(s) [linkedin:16]
[scan 175/205] Addenda Capital (sector: Canadian Asset Managers)
  -> 0 new candidate(s) [none]
[scan 176/205] Russell Investments Canada (sector: Canadian Asset Managers)
  [linkedin] US-remote pass: +10 new for Russell Investments Canada
  -> 10 new candidate(s) [linkedin:10]
[scan 177/205] Mawer Investment Management (sector: Canadian Asset Managers)
  -> 2 new candidate(s) [linkedin:2]
[scan 178/205] Verition Fund Management (sector: Hedge Funds / Alt AM)
  -> 0 new candidate(s) [none]
[scan 179/205] Marret Asset Management (sector: Hedge Funds / Alt AM)
  -> 0 new candidate(s) [none]
[scan 180/205] Hillsdale Investment Management (sector: Hedge Funds / Alt AM)
  -> 1 new candidate(s) [linkedin:1]
[scan 181/205] Anson Funds (sector: Hedge Funds / Alt AM)
  -> 0 new candidate(s) [none]
[scan 182/205] Balyasny Asset Management (sector: Hedge Funds / Alt AM)
  [linkedin] US-remote pass: +3 new for Balyasny Asset Management
  -> 3 new candidate(s) [linkedin:3]
[scan 183/205] Citadel (sector: Hedge Funds / Alt AM)
  [linkedin] US-remote pass: +10 new for Citadel
  -> 9 new candidate(s) [linkedin:9]
[scan 184/205] Sprott (sector: Hedge Funds / Alt AM)
  -> 0 new candidate(s) [none]
[scan 185/205] Onex (Onex Credit) (sector: Private Credit)
  -> 2 new candidate(s) [linkedin:2]
[scan 186/205] Canso Investment Counsel (sector: Private Credit)
  [linkedin] GTA-west pass: +1 new for Canso Investment Counsel
  -> 1 new candidate(s) [linkedin:1]
[scan 187/205] Blackstone Credit (sector: Private Credit)
  [linkedin] US-remote pass: +16 new for Blackstone Credit
  -> 17 new candidate(s) [linkedin:17]
[scan 188/205] Barings (sector: Private Credit)
  [linkedin] US-remote pass: +2 new for Barings
  -> 2 new candidate(s) [linkedin:2]
[scan 189/205] Bank of America (sector: US Banks (Toronto))
  [linkedin] US-remote pass: +17 new for Bank of America
  -> 21 new candidate(s) [linkedin:21]
[scan 190/205] MUFG Bank (Canada) (sector: US Banks (Toronto))
  [linkedin] US-remote pass: +28 new for MUFG Bank (Canada)
  -> 39 new candidate(s) [linkedin:39]
[scan 191/205] UBS (sector: US Banks (Toronto))
  [linkedin] US-remote pass: +11 new for UBS
  -> 11 new candidate(s) [linkedin:11]
[scan 192/205] Macquarie Group (sector: US Banks (Toronto))
  [linkedin] US-remote pass: +6 new for Macquarie Group
  -> 6 new candidate(s) [linkedin:6]
[scan 193/205] SMBC (sector: US Banks (Toronto))
  [linkedin] US-remote pass: +13 new for SMBC
  -> 14 new candidate(s) [linkedin:14]
[scan 194/205] Mizuho (sector: US Banks (Toronto))
  [linkedin] US-remote pass: +17 new for Mizuho
  -> 17 new candidate(s) [linkedin:17]
[scan 195/205] PNC (Canada) (sector: US Banks (Toronto))
  [linkedin] US-remote pass: +11 new for PNC (Canada)
  -> 13 new candidate(s) [linkedin:13]
[scan 196/205] Natixis CIB (sector: US Banks (Toronto))
  [linkedin] US-remote pass: +4 new for Natixis CIB
  -> 4 new candidate(s) [linkedin:4]
[scan 197/205] Societe Generale (sector: US Banks (Toronto))
  [linkedin] US-remote pass: +12 new for Societe Generale
  -> 17 new candidate(s) [linkedin:17]
[scan 198/205] BNP Paribas (sector: US Banks (Toronto))
  [linkedin] US-remote pass: +10 new for BNP Paribas
  -> 25 new candidate(s) [linkedin:25]
[scan 199/205] WSIB (sector: Canadian Pension Funds)
  -> 0 new candidate(s) [none]
[scan 200/205] University Pension Plan (sector: Canadian Pension Funds)
  [linkedin] US-remote pass: +2 new for University Pension Plan
  -> 9 new candidate(s) [linkedin:9]
[scan 201/205] UTAM (sector: Canadian Pension Funds)
  -> 0 new candidate(s) [none]
[scan 202/205] OPG Pension Fund (sector: Canadian Pension Funds)
  -> 0 new candidate(s) [none]
[scan 203/205] Ontario Pension Board (sector: Canadian Pension Funds)
  [linkedin] GTA-west pass: +1 new for Ontario Pension Board
  -> 22 new candidate(s) [linkedin:22]
[scan 204/205] Trans-Canada Capital (sector: Canadian Pension Funds)
  [linkedin] US-remote pass: +1 new for Trans-Canada Capital
  -> 0 new candidate(s) [none]
[scan 205/205] Fitch Ratings (sector: Analytics & Risk Vendors)
  [linkedin] US-remote pass: +12 new for Fitch Ratings
  -> 27 new candidate(s) [linkedin:27]
[scan] Dedup: 4566 raw -> 3395 unique (-466 dup URL, -705 near-dup)
[scan] Freshness: 1115 newly-seen URL(s), 2280 previously seen.
[scan] WARN: 35 companies returned 0 results (may need Workday config or LinkedIn fixes):
    - Schroders
    - Yields.io
    - Abrigo
    - Kamakura (SAS)
    - Numerix
    - Prometeia
    - EQB
    - Amex Bank of Canada
    - RFA Bank of Canada
    - Burgundy Asset Management
    - 1832 Asset Management
    - Horizons ETFs / Global X
    - Polar Asset Management
    - Algonquin Capital
    - Lawrence Park Asset Management
    - Waratah Capital Advisors
    - Ninepoint Partners
    - Trez Capital
    - Romspen Investment Corporation
    - Antares Capital
Traceback (most recent call last):
  File "C:\Users\PC\OneDrive\Documents\GitHub\ApplyAgent\automation\jd_scraper.py", line 2096, in <module>
    sys.exit(main())
             ^^^^^^
  File "C:\Users\PC\OneDrive\Documents\GitHub\ApplyAgent\automation\jd_scraper.py", line 2018, in main
    _zero = [c for c in per_company if c.get("total", 0) == 0]
                        ^^^^^^^^^^^
NameError: name 'per_company' is not defined
